
=== 2026-08-24 06:08:28 launching: /workspace/venvs/jaxued/bin/python -m tlab_ued.train --project tlab-ued --run_name sfl_oracle_learnability_level_bfs --seed 2 --mode train --checkpoint_to_eval -1 --checkpoint_save_interval 17 --max_number_of_checkpoints 60 --eval_freq 250 --eval_num_attempts 10 --eval_levels SixteenRooms SixteenRooms2 Labyrinth LabyrinthFlipped Labyrinth2 StandardMaze StandardMaze2 StandardMaze3 --lr 0.0001 --max_grad_norm 0.5 --num_updates 30000 --num_steps 256 --num_train_envs 32 --num_minibatches 1 --gamma 0.995 --epoch_ppo 5 --clip_eps 0.2 --gae_lambda 0.98 --entropy_coeff 0.001 --critic_coeff 0.5 --agent_view_size 5 --score_function learnability --no-exploratory_grad_updates --level_buffer_capacity 4000 --replay_prob 1.0 --staleness_coeff 0.3 --temperature 0.3 --topk_k 4 --minimum_fill_ratio 0.5 --prioritization rank --buffer_duplicate_check --use_accel --num_edits 5 --n_walls 25 --teacher sfl_oracle --level_generator minigrid_walls --level_mutator minimax --log_media levels --out_dir /workspace/tlab_ued --no-resume --diagnose_levels 1024 --diagnose_mutation_rounds 1 --no-allow_student_changes --sfl_num_attempts 4 --sfl_period 250 --sfl_num_levels 64 --sfl_topk 32 --sfl_p_decay 0.25 --oracle_features level_bfs --oracle_hidden 64 --oracle_lr 0.0003 --oracle_train_steps 2 --oracle_batch_size 256 --oracle_buffer_capacity 8192 --oracle_num_proposals 8192 --oracle_control_levels 16 --oracle_mutation_proposals 8 --oracle_rescore_buffer --oracle_verify --oracle_warmup_updates 1000

Levels from generator 'minigrid_walls' (n_walls=25)  (n=1024)
  solvable          99.3%   (goal unreachable 0.7%, needs >250 steps 0.0%)
  optimal steps   median 11  mean 11.2  p10 5  p90 18  max 26
  best return     0.960 mean over solvable levels
  difficulty      trivial<=10 46.5% | easy<=30 52.8% | medium<=60 0.0% | hard<=120 0.0% | brutal>120 0.0% | unsolvable 0.7%
  reachable area  99.2% of free cells   walls 23.3 (13.8% of the grid)
...after 1x mutator 'minimax' (5 edits)  (n=1024)
  solvable          99.2%   (goal unreachable 0.8%, needs >250 steps 0.0%)
  optimal steps   median 11  mean 11.5  p10 5  p90 19  max 28
  best return     0.959 mean over solvable levels
  difficulty      trivial<=10 45.1% | easy<=30 54.1% | medium<=60 0.0% | hard<=120 0.0% | brutal>120 0.0% | unsolvable 0.8%
  reachable area  98.9% of free cells   walls 24.5 (14.5% of the grid)

  env_steps                   245760000
  total_updates               30000
  reserved_updates            960
  expected_gradient_updates   14520.0
  expected_mutation_updates   14520.0
  expected_dr_updates         0.0
  sfl_phase_updates           8
  levels_scored_per_update    8
  attempts_per_level          4
  oracle_proposals_per_phase  8192
  oracle_verified_per_phase   64
  oracle_parameters           48065
wandb: Tracking run with wandb version 0.17.5
wandb: W&B syncing is set to `offline` in this directory.  
wandb: Run `wandb online` or set WANDB_MODE=online to enable cloud syncing.
Logging update: 250
[1/120] solve_rate/mean=0.000 sps=17993 eta=3.76h
WARNING:absl:SaveArgs.aggregate is deprecated, please use custom TypeHandler (https://orbax.readthedocs.io/en/latest/custom_handlers.html#typehandler) or contact Orbax team to migrate before May 1st, 2024.
WARNING:absl:SaveArgs.aggregate is deprecated, please use custom TypeHandler (https://orbax.readthedocs.io/en/latest/custom_handlers.html#typehandler) or contact Orbax team to migrate before May 1st, 2024.
Logging update: 500
[2/120] solve_rate/mean=0.000 sps=32296 eta=4.16h
Logging update: 750
[3/120] solve_rate/mean=0.000 sps=81192 eta=2.46h
Logging update: 1000
[4/120] solve_rate/mean=0.050 sps=106205 eta=2.49h
Logging update: 1250
[5/120] solve_rate/mean=0.038 sps=133267 eta=2.45h
Logging update: 1500
[6/120] solve_rate/mean=0.050 sps=159601 eta=2.44h
Logging update: 1750
[7/120] solve_rate/mean=0.112 sps=182281 eta=2.47h
Logging update: 2000
[8/120] solve_rate/mean=0.050 sps=227162 eta=2.24h
Logging update: 2250
[9/120] solve_rate/mean=0.100 sps=240251 eta=2.37h
Logging update: 2500
[10/120] solve_rate/mean=0.188 sps=266849 eta=2.35h
Logging update: 2750
[11/120] solve_rate/mean=0.125 sps=294157 eta=2.32h
Logging update: 3000
[12/120] solve_rate/mean=0.013 sps=326416 eta=2.26h
Logging update: 3250
[13/120] solve_rate/mean=0.113 sps=343709 eta=2.30h
Logging update: 3500
[14/120] solve_rate/mean=0.088 sps=463845 eta=1.82h
Logging update: 3750
[15/120] solve_rate/mean=0.175 sps=398823 eta=2.25h
Logging update: 4000
[16/120] solve_rate/mean=0.325 sps=429070 eta=2.21h
Logging update: 4250
[17/120] solve_rate/mean=0.300 sps=452976 eta=2.20h
Logging update: 4500
[18/120] solve_rate/mean=0.162 sps=480842 eta=2.17h
WARNING:absl:SaveArgs.aggregate is deprecated, please use custom TypeHandler (https://orbax.readthedocs.io/en/latest/custom_handlers.html#typehandler) or contact Orbax team to migrate before May 1st, 2024.
WARNING:absl:SaveArgs.aggregate is deprecated, please use custom TypeHandler (https://orbax.readthedocs.io/en/latest/custom_handlers.html#typehandler) or contact Orbax team to migrate before May 1st, 2024.
Logging update: 4750
[19/120] solve_rate/mean=0.262 sps=507071 eta=2.15h
Logging update: 5000
[20/120] solve_rate/mean=0.213 sps=534450 eta=2.13h
Logging update: 5250
[21/120] solve_rate/mean=0.100 sps=560529 eta=2.11h
Logging update: 5500
[22/120] solve_rate/mean=0.325 sps=585709 eta=2.09h
Logging update: 5750
[23/120] solve_rate/mean=0.300 sps=615476 eta=2.06h
Logging update: 6000
[24/120] solve_rate/mean=0.375 sps=639408 eta=2.05h
Logging update: 6250
[25/120] solve_rate/mean=0.363 sps=668284 eta=2.02h
Logging update: 6500
[26/120] solve_rate/mean=0.262 sps=690780 eta=2.01h
Logging update: 6750
[27/120] solve_rate/mean=0.225 sps=721141 eta=1.98h
Logging update: 7000
[28/120] solve_rate/mean=0.387 sps=743331 eta=1.97h
Logging update: 7250
[29/120] solve_rate/mean=0.238 sps=773861 eta=1.94h
Logging update: 7500
[30/120] solve_rate/mean=0.350 sps=799108 eta=1.92h
Logging update: 7750
[31/120] solve_rate/mean=0.438 sps=829851 eta=1.89h
Logging update: 8000
[32/120] solve_rate/mean=0.613 sps=910688 eta=1.76h
Logging update: 8250
[33/120] solve_rate/mean=0.500 sps=878815 eta=1.86h
Logging update: 8500
[34/120] solve_rate/mean=0.363 sps=912736 eta=1.82h
Logging update: 8750
[35/120] solve_rate/mean=0.463 sps=933290 eta=1.81h
WARNING:absl:SaveArgs.aggregate is deprecated, please use custom TypeHandler (https://orbax.readthedocs.io/en/latest/custom_handlers.html#typehandler) or contact Orbax team to migrate before May 1st, 2024.
WARNING:absl:SaveArgs.aggregate is deprecated, please use custom TypeHandler (https://orbax.readthedocs.io/en/latest/custom_handlers.html#typehandler) or contact Orbax team to migrate before May 1st, 2024.
Logging update: 9000
[36/120] solve_rate/mean=0.512 sps=962003 eta=1.79h
Logging update: 9250
[37/120] solve_rate/mean=0.475 sps=986025 eta=1.77h
Logging update: 9500
[38/120] solve_rate/mean=0.650 sps=1017542 eta=1.74h
Logging update: 9750
[39/120] solve_rate/mean=0.525 sps=1065972 eta=1.69h
Logging update: 10000
[40/120] solve_rate/mean=0.575 sps=1084261 eta=1.68h
Logging update: 10250
[41/120] solve_rate/mean=0.475 sps=1098467 eta=1.68h
Logging update: 10500
[42/120] solve_rate/mean=0.575 sps=1127149 eta=1.65h
Logging update: 10750
[43/120] solve_rate/mean=0.613 sps=1144808 eta=1.65h
Logging update: 11000
[44/120] solve_rate/mean=0.375 sps=1172868 eta=1.62h
Logging update: 11250
[45/120] solve_rate/mean=0.538 sps=1202171 eta=1.60h
Logging update: 11500
[46/120] solve_rate/mean=0.950 sps=1320620 eta=1.47h
Logging update: 11750
[47/120] solve_rate/mean=0.675 sps=1265940 eta=1.54h
Logging update: 12000
[48/120] solve_rate/mean=0.613 sps=1284924 eta=1.53h
Logging update: 12250
[49/120] solve_rate/mean=0.600 sps=1299429 eta=1.52h
Logging update: 12500
[50/120] solve_rate/mean=0.400 sps=1331980 eta=1.49h
Logging update: 12750
[51/120] solve_rate/mean=0.550 sps=1366517 eta=1.46h
Logging update: 13000
[52/120] solve_rate/mean=0.788 sps=1395295 eta=1.44h
WARNING:absl:SaveArgs.aggregate is deprecated, please use custom TypeHandler (https://orbax.readthedocs.io/en/latest/custom_handlers.html#typehandler) or contact Orbax team to migrate before May 1st, 2024.
WARNING:absl:SaveArgs.aggregate is deprecated, please use custom TypeHandler (https://orbax.readthedocs.io/en/latest/custom_handlers.html#typehandler) or contact Orbax team to migrate before May 1st, 2024.
Logging update: 13250
[53/120] solve_rate/mean=0.788 sps=1412183 eta=1.43h
Logging update: 13500
[54/120] solve_rate/mean=0.575 sps=1443730 eta=1.40h
Logging update: 13750
[55/120] solve_rate/mean=0.800 sps=1464012 eta=1.39h
Logging update: 14000
[56/120] solve_rate/mean=0.587 sps=1493634 eta=1.37h
Logging update: 14250
[57/120] solve_rate/mean=0.575 sps=1529490 eta=1.34h
Logging update: 14500
[58/120] solve_rate/mean=0.588 sps=1550765 eta=1.32h
Logging update: 14750
[59/120] solve_rate/mean=0.850 sps=1572789 eta=1.30h
Logging update: 15000
[60/120] solve_rate/mean=0.613 sps=1630987 eta=1.26h
Logging update: 15250
[61/120] solve_rate/mean=0.475 sps=1623464 eta=1.26h
Logging update: 15500
[62/120] solve_rate/mean=0.663 sps=1653599 eta=1.24h
Logging update: 15750
[63/120] solve_rate/mean=0.375 sps=1678976 eta=1.22h
Logging update: 16000
[64/120] solve_rate/mean=0.525 sps=1699053 eta=1.20h
Logging update: 16250
[65/120] solve_rate/mean=0.775 sps=1730042 eta=1.18h
Logging update: 16500
[66/120] solve_rate/mean=0.600 sps=1799877 eta=1.13h
Logging update: 16750
[67/120] solve_rate/mean=0.375 sps=1780518 eta=1.13h
Logging update: 17000
[68/120] solve_rate/mean=0.863 sps=1813317 eta=1.11h
Logging update: 17250
[69/120] solve_rate/mean=0.875 sps=1836629 eta=1.09h
WARNING:absl:SaveArgs.aggregate is deprecated, please use custom TypeHandler (https://orbax.readthedocs.io/en/latest/custom_handlers.html#typehandler) or contact Orbax team to migrate before May 1st, 2024.
WARNING:absl:SaveArgs.aggregate is deprecated, please use custom TypeHandler (https://orbax.readthedocs.io/en/latest/custom_handlers.html#typehandler) or contact Orbax team to migrate before May 1st, 2024.
Logging update: 17500
[70/120] solve_rate/mean=0.613 sps=1870930 eta=1.06h
Logging update: 17750
[71/120] solve_rate/mean=0.488 sps=1897810 eta=1.04h
Logging update: 18000
[72/120] solve_rate/mean=0.450 sps=1909868 eta=1.03h
Logging update: 18250
[73/120] solve_rate/mean=0.488 sps=1937239 eta=1.01h
Logging update: 18500
[74/120] solve_rate/mean=0.263 sps=1965279 eta=0.99h
Logging update: 18750
[75/120] solve_rate/mean=0.738 sps=2001092 eta=0.96h
Logging update: 19000
[76/120] solve_rate/mean=0.637 sps=2023271 eta=0.94h
Logging update: 19250
[77/120] solve_rate/mean=0.650 sps=2043357 eta=0.92h
Logging update: 19500
[78/120] solve_rate/mean=0.800 sps=2058945 eta=0.91h
Logging update: 19750
[79/120] solve_rate/mean=0.788 sps=2089123 eta=0.88h
Logging update: 20000
[80/120] solve_rate/mean=0.762 sps=2126194 eta=0.86h
Logging update: 20250
[81/120] solve_rate/mean=0.600 sps=2165607 eta=0.83h
Logging update: 20500
[82/120] solve_rate/mean=0.850 sps=2182767 eta=0.81h
Logging update: 20750
[83/120] solve_rate/mean=0.837 sps=2210031 eta=0.79h
Logging update: 21000
[84/120] solve_rate/mean=0.675 sps=2249062 eta=0.76h
Logging update: 21250
[85/120] solve_rate/mean=0.738 sps=2262266 eta=0.75h
Logging update: 21500
[86/120] solve_rate/mean=0.800 sps=2303181 eta=0.72h
WARNING:absl:SaveArgs.aggregate is deprecated, please use custom TypeHandler (https://orbax.readthedocs.io/en/latest/custom_handlers.html#typehandler) or contact Orbax team to migrate before May 1st, 2024.
WARNING:absl:SaveArgs.aggregate is deprecated, please use custom TypeHandler (https://orbax.readthedocs.io/en/latest/custom_handlers.html#typehandler) or contact Orbax team to migrate before May 1st, 2024.
Logging update: 21750
[87/120] solve_rate/mean=0.613 sps=2322862 eta=0.70h
Logging update: 22000
[88/120] solve_rate/mean=0.863 sps=2342037 eta=0.68h
Logging update: 22250
[89/120] solve_rate/mean=0.688 sps=2374151 eta=0.66h
Logging update: 22500
[90/120] solve_rate/mean=0.863 sps=2392159 eta=0.64h
Logging update: 22750
[91/120] solve_rate/mean=0.875 sps=2441020 eta=0.62h
Logging update: 23000
[92/120] solve_rate/mean=0.562 sps=2457915 eta=0.60h
Logging update: 23250
[93/120] solve_rate/mean=0.575 sps=2461838 eta=0.58h
Logging update: 23500
[94/120] solve_rate/mean=0.637 sps=2497473 eta=0.56h
Logging update: 23750
[95/120] solve_rate/mean=0.913 sps=2534735 eta=0.53h
Logging update: 24000
[96/120] solve_rate/mean=0.950 sps=2552816 eta=0.51h
Logging update: 24250
[97/120] solve_rate/mean=0.900 sps=2577416 eta=0.49h
Logging update: 24500
[98/120] solve_rate/mean=0.863 sps=2606254 eta=0.47h
Logging update: 24750
[99/120] solve_rate/mean=0.788 sps=2639351 eta=0.45h
Logging update: 25000
[100/120] solve_rate/mean=0.775 sps=2642307 eta=0.43h
Logging update: 25250
[101/120] solve_rate/mean=0.913 sps=2678578 eta=0.41h
Logging update: 25500
[102/120] solve_rate/mean=0.913 sps=2705967 eta=0.39h
Logging update: 25750
[103/120] solve_rate/mean=0.913 sps=2745875 eta=0.36h
WARNING:absl:SaveArgs.aggregate is deprecated, please use custom TypeHandler (https://orbax.readthedocs.io/en/latest/custom_handlers.html#typehandler) or contact Orbax team to migrate before May 1st, 2024.
WARNING:absl:SaveArgs.aggregate is deprecated, please use custom TypeHandler (https://orbax.readthedocs.io/en/latest/custom_handlers.html#typehandler) or contact Orbax team to migrate before May 1st, 2024.
Logging update: 26000
[104/120] solve_rate/mean=0.812 sps=2766779 eta=0.34h
Logging update: 26250
[105/120] solve_rate/mean=0.788 sps=2799505 eta=0.32h
Logging update: 26500
[106/120] solve_rate/mean=0.850 sps=2813367 eta=0.30h
Logging update: 26750
[107/120] solve_rate/mean=0.788 sps=2836743 eta=0.28h
Logging update: 27000
[108/120] solve_rate/mean=0.913 sps=2877803 eta=0.26h
Logging update: 27250
[109/120] solve_rate/mean=0.788 sps=2913691 eta=0.23h
Logging update: 27500
[110/120] solve_rate/mean=0.588 sps=2947888 eta=0.21h
Logging update: 27750
[111/120] solve_rate/mean=0.700 sps=2953924 eta=0.19h
Logging update: 28000
[112/120] solve_rate/mean=1.000 sps=2984451 eta=0.17h
Logging update: 28250
[113/120] solve_rate/mean=0.962 sps=3176320 eta=0.14h
Logging update: 28500
[114/120] solve_rate/mean=0.725 sps=3193048 eta=0.12h
Logging update: 28750
[115/120] solve_rate/mean=0.825 sps=3233555 eta=0.10h
Logging update: 29000
[116/120] solve_rate/mean=0.788 sps=3264702 eta=0.08h
Logging update: 29250
[117/120] solve_rate/mean=0.938 sps=3378942 eta=0.06h
Logging update: 29500
[118/120] solve_rate/mean=0.988 sps=3781207 eta=0.04h
Logging update: 29750
[119/120] solve_rate/mean=0.962 sps=4406332 eta=0.02h
Logging update: 30000
[120/120] solve_rate/mean=0.988 sps=4813554 eta=0.00h
WARNING:absl:SaveArgs.aggregate is deprecated, please use custom TypeHandler (https://orbax.readthedocs.io/en/latest/custom_handlers.html#typehandler) or contact Orbax team to migrate before May 1st, 2024.
WARNING:absl:SaveArgs.aggregate is deprecated, please use custom TypeHandler (https://orbax.readthedocs.io/en/latest/custom_handlers.html#typehandler) or contact Orbax team to migrate before May 1st, 2024.
wandb: - 0.000 MB of 0.000 MB uploadedwandb:                                                                                
wandb: 
wandb: Run history:
wandb:              agent/actor_loss █▆▅▅▁▂▂▁▁▂▂▁▁▁▂▁▂▃▂▃▁▂▁▂▂▂▂▂▃▂▃▃▃▃▃▂▃▃▄▃
wandb:             agent/critic_loss ▁▂▆▇▆▇▇▆▆▇▆▇▇▇▆▇▇▇▆█▇▇▇▇▇▇█▇▇█▇▇▇▇▇▇▇▇▇▇
wandb:                 agent/entropy █▄▂▂▁▁▁▁▁▁▁▁▁▁▁▁▁▁▁▁▁▁▁▁▁▁▁▁▁▁▁▁▁▁▁▁▁▁▁▁
wandb:                    agent/loss ▁▃▇▇▆▇▇▇▇▇▇▇▇▇▇▇▇▇▇█▇▇▇██▇█▇▇█▇▇▇███▇▇██
wandb:         branch/num_dr_updates ▁▁▁▁▁▁▁▁▁▁▁▁▁▁▁▁▁▁▁▁▁▁▁▁▁▁▁▁▁▁▁▁▁▁▁▁▁▁▁▁
wandb:   branch/num_mutation_updates ▁▁▁▂▂▂▂▂▂▃▃▃▃▃▃▄▄▄▄▄▅▅▅▅▅▅▆▆▆▆▆▇▇▇▇▇▇███
wandb:     branch/num_oracle_inserts ▁▁▁▂▂▂▂▂▂▃▃▃▃▃▃▄▄▄▄▄▅▅▅▅▅▅▆▆▆▆▆▇▇▇▇▇▇███
wandb:     branch/num_replay_updates ▁▁▁▂▂▂▂▂▂▃▃▃▃▃▃▄▄▄▄▄▅▅▅▅▅▅▆▆▆▆▆▇▇▇▇▇▇███
wandb:        branch/num_sfl_updates ▁▁▁▂▂▂▂▂▂▃▃▃▃▃▃▄▄▄▄▄▅▅▅▅▅▅▆▆▆▆▆▇▇▇▇▇▇███
wandb:          eval_ep_lengths/mean ███▇▇▅▆▆▆▄▅▆▆▃▅▁▂▁▃▄▄▃▃▅▅▅▄▄▄▅▅▃▂▂▂▁▃▁▂▂
wandb:         level/mean_num_blocks ▁▂▂▃▂▃▄▄▅▅▅▆▅▆▆▆▆▆▆▆▆▇▇▇▇▇▇▇▇▇▇███▇█▇███
wandb:   level_sampler/episode_count ▁▁▁▂▂▂▂▂▂▃▃▃▃▃▃▄▄▄▄▄▅▅▅▅▅▅▆▆▆▆▆▇▇▇▇▇▇███
wandb:       level_sampler/max_score ███▇█▅▆████▇▅▄████▆██▆▇▅██▆▇█▇▇█▁██▆█▂▇▅
wandb: level_sampler/mean_max_return ▁▃▆▇██████████████▇▇▇▇▇▇▇▇▇▇▇▇▇▇▇▇▇▇▇▇▇▇
wandb:          level_sampler/mean_p ▁▂▄▅▆▆▇▇▇███████████████████████████████
wandb:      level_sampler/mean_score ▁█▅▄▃▂▂▂▂▂▂▂▂▂▂▂▃▃▂▂▂▂▂▂▂▂▃▂▂▂▂▂▃▂▂▂▁▂▂▁
wandb:            level_sampler/size ▁███████████████████████████████████████
wandb:  level_sampler/weighted_score ██▃▂▂▂▂▂▂▃▂▂▂▂▂▂▂▂▁▂▂▂▂▂▃▂▃▂▂▂▂▂▂▂▂▂▁▃▂▁
wandb:                 num_env_steps ▁▁▁▂▂▂▂▂▂▃▃▃▃▃▃▄▄▄▄▄▅▅▅▅▅▅▆▆▆▆▆▇▇▇▇▇▇███
wandb:                   num_updates ▁▁▁▂▂▂▂▂▂▃▃▃▃▃▃▄▄▄▄▄▅▅▅▅▅▅▆▆▆▆▆▇▇▇▇▇▇███
wandb:                   oracle/bias █▃▃▁▂▂▂▃▃▃▃▃▃▃▃▃▃▃▃▃▄▃▄▄▃▃▃▄▃▄▃▄▄▃▄▃▃▃▅▃
wandb:                  oracle/brier █▄▅▆▄▃▃▃▂▂▂▂▂▁▁▂▃▂▁▄▂▁▃▂▁▁▂▃▂▂▂▂▁▃▁▁▂▁▄▁
wandb:          oracle/buffer_mean_p ▁▄█████████▇█████▇██████▇███████████████
wandb:          oracle/control_brier █▃▂▁▁▃▁▁▁▁▁▁▁▁▁▁▁▁▁▁▁▁▁▁▁▁▁▁▁▁▁▁▂▁▁▁▁▁▄▁
wandb:   oracle/control_learnability ▃█▄▁▁▃▂▁▁▁▁▁▂▁▁▁▁▁▁▂▁▂▁▁▁▁▁▁▁▂▁▁▂▁▁▁▂▁▂▂
wandb:      oracle/control_rank_corr ▇▆▅▅▂▄▄▁▂▃▅▆▆▃▅▅▂▄▄▄▄█▄▅▆▆▁▅▃▃▃▄▅▆▄▂▃▁▅▆
wandb:                   oracle/loss ▁█▄▄▁▃▃▃▃▅▃▄▃▃▄▄▃▄▄▃▃▂▂▃▃▃▄▃▃▂▂▂▂▃▂▂▂▃▂▃
wandb:           oracle/observations ▁███████████████████████████████████████
wandb: oracle/predicted_learnability █▆▇▆▆▄▄▄▃▃▃▃▃▂▂▃▄▄▂▄▂▂▂▂▂▂▃▂▃▁▃▂▁▃▂▂▃▂▂▂
wandb:              oracle/rank_corr █▅▃▂▂▁▁▁▁▂▂▂▂▁▁▂▂▂▁▁▂▁▃▃▂▂▂▃▃▃▁▄▂▃▃▁▂▂▄▃
wandb:  oracle/selected_learnability ▃█▆▃▄▂▁▃▁▂▁▂▁▁▁▂▂▁▁▂▂▁▂▂▁▁▂▁▂▁▂▁▁▂▂▁▂▂▂▁
wandb:         oracle/selection_gain ▂▂▃▆█▁▁▆▂▂▂▃▁▂▂▃▄▂▂▂▂▁▂▂▁▁▂▂▂▁▂▁▂▄▄▁▄▃▃▂
wandb:              return/Labyrinth ▁▁▁▁▁▃▁▂▃▁▄▂▃▃▂▇▅▁█▂█▆▆▁▁▁▅▇▁▄▁██▅██▁▄█▅
wandb:             return/Labyrinth2 ▁▁▁▁▁▁▁▁▁▁▁▁▁█▃▇▄█▃▁▁▄▇▁▁▁▅▇▄▆▂▇▆▇██▂▅██
wandb:       return/LabyrinthFlipped ▁▁▁▁▁▁▁▁▁▁▅▆▇▇█▇▆███▄▇█▆▂██▇███▇████▇███
wandb:           return/SixteenRooms ▁▂▂▅▆▆▆▆▇▇▆▆█▃▅█▄█▄█▇█████▇▇▇▂▇▇▇▇▄▄▇▇▁▇
wandb:          return/SixteenRooms2 ▁▁▂▂▁▃▁▂▁▃▂▂▂▂▆█▅▆▃█▃▇▅▆▇▅▄▆▇▄█▄██▇▄▄█▅▇
wandb:           return/StandardMaze ▁▁▁▁▁▁▅▇█▅▂▂▂▆▄▅▄▅▆▂▂▃▆▁▁▅▂▁▂▁▁▂▁▁▁▆▄▇▇▇
wandb:          return/StandardMaze2 ▁▁▁▁▁▁▁▁▂▂▁▁▂▄▅▄▄█▇▂▇▄▂▁▁▂▅▄▅▆▆▄▅▅▅▇▃█▅▅
wandb:          return/StandardMaze3 ▁▁▃▂▁▂▃▂▃▆▆▂▅▂▃█▃▆█▄▅▇▇▆▁▇▃▇▇▆▃▅▇▇▆▅▇▇▇█
wandb:                   return/mean ▁▁▂▂▂▃▃▃▄▄▄▃▄▅▅█▅▇▇▅▅▇▇▅▄▅▆▇▆▅▅▆▇▇▇▇▅█▇█
wandb:   sfl/population_learnability ▃█▅▃▃▂▁▃▁▁▁▁▁▁▁▂▂▁▁▂▁▁▁▁▁▁▁▁▁▁▁▁▁▂▂▁▂▂▂▁
wandb:         sfl/topk_learnability ▄█▇▃▄▂▁▃▁▂▁▂▁▁▁▂▂▁▁▂▂▁▂▂▁▁▂▁▂▁▂▁▁▂▂▁▂▂▃▂
wandb:          solve_rate/Labyrinth ▁▁▁▁▁▄▂▂▃▁▄▃▃▃▂▇▇▁█▄█▇█▁▁▁██▁▇▁█████▁▆██
wandb:         solve_rate/Labyrinth2 ▁▁▁▁▁▁▁▁▁▁▁▁▁█▅▇▆█▃▁▂▅▇▁▁▁▅▇▇█▃█████▃███
wandb:   solve_rate/LabyrinthFlipped ▁▁▁▁▁▁▁▁▁▁▇█████▇███▇▇█▇▂███████████████
wandb:       solve_rate/SixteenRooms ▁▄▃▇▇█████▇▇█▃▇█▅█▇██████████▂██▇█▆▅██▁█
wandb:      solve_rate/SixteenRooms2 ▁▁▂▂▁▅▁▃▁▄▃▂▃▃▇█▅▇▅█▅▇▆█▇████▅█▇██▇▅▄█▅█
wandb:       solve_rate/StandardMaze ▁▁▁▂▁▂▅▇█▆▂▄▃▆▅█▅▅▆▄▂▃█▁▁█▃▁▅▁▂▆▁▃▂▆▇█▆▇
wandb:      solve_rate/StandardMaze2 ▁▁▁▁▁▂▁▁▂▂▂▁▂▇▇▇▅██▃█▇▃▁▁▂█▇██▇█████▃███
wandb:      solve_rate/StandardMaze3 ▁▁▄▃▁▄▄▂▄▇▇▂▆▂▄▇▄▇█▅▆███▁█▃███▃▇██▇▅▇███
wandb:               solve_rate/mean ▁▁▂▂▂▃▃▃▄▄▄▄▄▅▅█▅▇▇▅▆▆▇▄▃▆▆▇▇▆▅▇▇▇▇▇▅█▇█
wandb:                           sps ▁▁▁▁▁▂▂▂▂▂▂▂▂▃▃▃▃▃▃▃▃▃▄▄▄▄▄▄▄▄▅▅▅▅▅▅▅▆▆█
wandb:              steps_per_second ▁▄▄▄▄▄▄▄▄▄▄▄▄▄▄▄▄▄▄▄▄▄▄▄▄▄▄▄▄▄▄▄▄▄▄▄▄▄▄█
wandb:                    time_delta █▄▄▄▄▄▄▄▄▄▄▄▄▄▄▃▄▄▄▄▄▄▄▄▄▄▄▄▄▄▄▄▄▄▄▄▄▃▃▁
wandb:            train/learnability ▁█▇▇▆▆▆▆▅▅▅▅▅▅▅▅▅▄▄▄▄▄▅▄▄▄▄▄▄▄▄▄▄▄▄▄▄▄▄▄
wandb:            train/success_rate ▁▅▆▇▇▇▇▇▇▇█▇▇▇▇█▇███████████████████████
wandb: 
wandb: Run summary:
wandb:              agent/actor_loss -0.0003
wandb:             agent/critic_loss 0.01342
wandb:                 agent/entropy 0.02033
wandb:                    agent/loss 0.00639
wandb:         branch/num_dr_updates 242
wandb:   branch/num_mutation_updates 14399
wandb:     branch/num_oracle_inserts 120
wandb:     branch/num_replay_updates 14399
wandb:        branch/num_sfl_updates 960
wandb:          eval_ep_lengths/mean 142.625
wandb:         level/mean_num_blocks 53.90263
wandb:   level_sampler/episode_count 581736
wandb:       level_sampler/max_score 0.24609
wandb: level_sampler/mean_max_return 0.78684
wandb:          level_sampler/mean_p 0.84497
wandb:      level_sampler/mean_score 0.06578
wandb:            level_sampler/size 4000
wandb:  level_sampler/weighted_score 0.18647
wandb:                 num_env_steps 245760000
wandb:                   num_updates 30000
wandb:                   oracle/bias -0.0538
wandb:                  oracle/brier 0.01882
wandb:          oracle/buffer_mean_p 0.90234
wandb:          oracle/control_brier 0.00387
wandb:   oracle/control_learnability 0.01172
wandb:      oracle/control_rank_corr 0.45882
wandb:                   oracle/loss 0.39045
wandb:           oracle/observations 8192
wandb: oracle/predicted_learnability 0.07536
wandb:              oracle/rank_corr 0.09203
wandb:  oracle/selected_learnability 0.00911
wandb:         oracle/selection_gain 0.77778
wandb:              return/Labyrinth 0.33112
wandb:             return/Labyrinth2 0.5212
wandb:       return/LabyrinthFlipped 0.4924
wandb:           return/SixteenRooms 0.69904
wandb:          return/SixteenRooms2 0.58672
wandb:           return/StandardMaze 0.47304
wandb:          return/StandardMaze2 0.3484
wandb:          return/StandardMaze3 0.48592
wandb:                   return/mean 0.49223
wandb:   sfl/population_learnability 0.00977
wandb:         sfl/topk_learnability 0.01953
wandb:          solve_rate/Labyrinth 1.0
wandb:         solve_rate/Labyrinth2 1.0
wandb:   solve_rate/LabyrinthFlipped 1.0
wandb:       solve_rate/SixteenRooms 1.0
wandb:      solve_rate/SixteenRooms2 1.0
wandb:       solve_rate/StandardMaze 0.9
wandb:      solve_rate/StandardMaze2 1.0
wandb:      solve_rate/StandardMaze3 1.0
wandb:               solve_rate/mean 0.9875
wandb:                           sps 4813553.81103
wandb:              steps_per_second 40112.94843
wandb:                    time_delta 51.05583
wandb:            train/learnability 0.10439
wandb:            train/success_rate 0.76019
wandb: 
wandb: You can sync this run to the cloud by running:
wandb: wandb sync /workspace/tlab_ued/runs/sfl_oracle_learnability_level_bfs/2/wandb/offline-run-20260824_060923-rbv71wgp
wandb: Find logs at: /workspace/tlab_ued/runs/sfl_oracle_learnability_level_bfs/2/wandb/offline-run-20260824_060923-rbv71wgp/logs
wandb: WARNING The new W&B backend becomes opt-out in version 0.18.0; try it out with `wandb.require("core")`! See https://wandb.me/wandb-core for more information.
