
=== 2026-09-15 13:56:02 launching: /workspace/venvs/jaxued/bin/python -m tlab_ued.train --project tlab-ued --run_name sfl_accel_learnability_n64 --seed 2 --mode train --checkpoint_to_eval -1 --checkpoint_save_interval 17 --max_number_of_checkpoints 60 --eval_freq 250 --eval_num_attempts 10 --eval_levels SixteenRooms SixteenRooms2 Labyrinth LabyrinthFlipped Labyrinth2 StandardMaze StandardMaze2 StandardMaze3 --lr 0.0001 --max_grad_norm 0.5 --num_updates 30000 --num_steps 256 --num_train_envs 32 --num_minibatches 1 --gamma 0.995 --epoch_ppo 5 --clip_eps 0.2 --gae_lambda 0.98 --entropy_coeff 0.001 --critic_coeff 0.5 --agent_view_size 5 --score_function learnability --no-exploratory_grad_updates --level_buffer_capacity 4000 --replay_prob 1.0 --staleness_coeff 0.3 --temperature 0.3 --topk_k 4 --minimum_fill_ratio 0.5 --prioritization rank --buffer_duplicate_check --use_accel --num_edits 5 --n_walls 25 --teacher sfl_accel --level_generator minigrid_walls --level_mutator minimax --log_media levels --out_dir /workspace/TLabUED --no-resume --diagnose_levels 1024 --diagnose_mutation_rounds 1 --no-ladder --ladder_proposals 8 --ladder_out  --no-allow_student_changes --sfl_num_attempts 4 --sfl_period 250 --sfl_num_levels 64 --sfl_topk 32 --sfl_p_decay 0.25 --oracle_features level_bfs --oracle_hidden 64 --oracle_lr 0.0003 --oracle_train_steps 2 --oracle_batch_size 256 --oracle_buffer_capacity 8192 --oracle_num_proposals 8192 --oracle_control_levels 16 --oracle_mutation_proposals 8 --oracle_rescore_buffer --oracle_verify --oracle_warmup_updates 1000

Levels from generator 'minigrid_walls' (n_walls=25)  (n=1024)
  solvable          99.3%   (goal unreachable 0.7%, needs >250 steps 0.0%)
  optimal steps   median 11  mean 11.2  p10 5  p90 18  max 26
  best return     0.960 mean over solvable levels
  difficulty      trivial<=10 46.5% | easy<=30 52.8% | medium<=60 0.0% | hard<=120 0.0% | brutal>120 0.0% | unsolvable 0.7%
  reachable area  99.2% of free cells   walls 23.3 (13.8% of the grid)
...after 1x mutator 'minimax' (5 edits)  (n=1024)
  solvable          99.2%   (goal unreachable 0.8%, needs >250 steps 0.0%)
  optimal steps   median 11  mean 11.5  p10 5  p90 19  max 28
  best return     0.959 mean over solvable levels
  difficulty      trivial<=10 45.1% | easy<=30 54.1% | medium<=60 0.0% | hard<=120 0.0% | brutal>120 0.0% | unsolvable 0.8%
  reachable area  98.9% of free cells   walls 24.5 (14.5% of the grid)

  env_steps                   245760000
  total_updates               30000
  reserved_updates            960
  expected_gradient_updates   14520.0
  expected_mutation_updates   14520.0
  expected_dr_updates         0.0
  sfl_phase_updates           8
  levels_scored_per_update    8
  attempts_per_level          4
wandb: Tracking run with wandb version 0.17.5
wandb: W&B syncing is set to `offline` in this directory.  
wandb: Run `wandb online` or set WANDB_MODE=online to enable cloud syncing.
Logging update: 250
[1/120] solve_rate/mean=0.000 sps=43794 eta=1.55h
WARNING:absl:SaveArgs.aggregate is deprecated, please use custom TypeHandler (https://orbax.readthedocs.io/en/latest/custom_handlers.html#typehandler) or contact Orbax team to migrate before May 1st, 2024.
Logging update: 500
[2/120] solve_rate/mean=0.000 sps=69647 eta=1.93h
Logging update: 750
[3/120] solve_rate/mean=0.013 sps=197276 eta=1.01h
Logging update: 1000
[4/120] solve_rate/mean=0.013 sps=285469 eta=0.92h
Logging update: 1250
[5/120] solve_rate/mean=0.050 sps=288244 eta=1.13h
Logging update: 1500
[6/120] solve_rate/mean=0.013 sps=424061 eta=0.92h
Logging update: 1750
[7/120] solve_rate/mean=0.050 sps=417292 eta=1.08h
Logging update: 2000
[8/120] solve_rate/mean=0.075 sps=540254 eta=0.94h
Logging update: 2250
[9/120] solve_rate/mean=0.062 sps=660001 eta=0.86h
Logging update: 2500
[10/120] solve_rate/mean=0.113 sps=694871 eta=0.90h
Logging update: 2750
[11/120] solve_rate/mean=0.125 sps=661595 eta=1.03h
Logging update: 3000
[12/120] solve_rate/mean=0.125 sps=805115 eta=0.92h
Logging update: 3250
[13/120] solve_rate/mean=0.075 sps=901826 eta=0.88h
Logging update: 3500
[14/120] solve_rate/mean=0.138 sps=895895 eta=0.94h
Logging update: 3750
[15/120] solve_rate/mean=0.200 sps=951824 eta=0.94h
Logging update: 4000
[16/120] solve_rate/mean=0.150 sps=1014294 eta=0.93h
Logging update: 4250
[17/120] solve_rate/mean=0.150 sps=1075189 eta=0.93h
Logging update: 4500
[18/120] solve_rate/mean=0.088 sps=1134594 eta=0.92h
WARNING:absl:SaveArgs.aggregate is deprecated, please use custom TypeHandler (https://orbax.readthedocs.io/en/latest/custom_handlers.html#typehandler) or contact Orbax team to migrate before May 1st, 2024.
Logging update: 4750
[19/120] solve_rate/mean=0.213 sps=1207281 eta=0.90h
Logging update: 5000
[20/120] solve_rate/mean=0.075 sps=1278615 eta=0.89h
Logging update: 5250
[21/120] solve_rate/mean=0.062 sps=1342126 eta=0.88h
Logging update: 5500
[22/120] solve_rate/mean=0.200 sps=1403473 eta=0.87h
Logging update: 5750
[23/120] solve_rate/mean=0.038 sps=1473642 eta=0.86h
Logging update: 6000
[24/120] solve_rate/mean=0.250 sps=1527143 eta=0.86h
Logging update: 6250
[25/120] solve_rate/mean=0.325 sps=1591625 eta=0.85h
Logging update: 6500
[26/120] solve_rate/mean=0.138 sps=1652624 eta=0.84h
Logging update: 6750
[27/120] solve_rate/mean=0.213 sps=1714274 eta=0.83h
Logging update: 7000
[28/120] solve_rate/mean=0.237 sps=1785952 eta=0.82h
Logging update: 7250
[29/120] solve_rate/mean=0.213 sps=1846517 eta=0.81h
Logging update: 7500
[30/120] solve_rate/mean=0.288 sps=1896696 eta=0.81h
Logging update: 7750
[31/120] solve_rate/mean=0.225 sps=1967243 eta=0.80h
Logging update: 8000
[32/120] solve_rate/mean=0.400 sps=2023473 eta=0.79h
Logging update: 8250
[33/120] solve_rate/mean=0.200 sps=2103337 eta=0.78h
Logging update: 8500
[34/120] solve_rate/mean=0.438 sps=2154820 eta=0.77h
Logging update: 8750
[35/120] solve_rate/mean=0.463 sps=2236006 eta=0.76h
WARNING:absl:SaveArgs.aggregate is deprecated, please use custom TypeHandler (https://orbax.readthedocs.io/en/latest/custom_handlers.html#typehandler) or contact Orbax team to migrate before May 1st, 2024.
Logging update: 9000
[36/120] solve_rate/mean=0.400 sps=2268428 eta=0.76h
Logging update: 9250
[37/120] solve_rate/mean=0.325 sps=2351265 eta=0.74h
Logging update: 9500
[38/120] solve_rate/mean=0.238 sps=2400059 eta=0.74h
Logging update: 9750
[39/120] solve_rate/mean=0.112 sps=2481918 eta=0.72h
Logging update: 10000
[40/120] solve_rate/mean=0.338 sps=2537272 eta=0.72h
Logging update: 10250
[41/120] solve_rate/mean=0.325 sps=2616935 eta=0.70h
Logging update: 10500
[42/120] solve_rate/mean=0.050 sps=2659551 eta=0.70h
Logging update: 10750
[43/120] solve_rate/mean=0.512 sps=2740041 eta=0.69h
