
=== 2026-08-24 06:08:27 launching: /workspace/venvs/jaxued/bin/python -m tlab_ued.train --project tlab-ued --run_name sfl_oracle_learnability_level_bfs_noverify --seed 0 --mode train --checkpoint_to_eval -1 --checkpoint_save_interval 17 --max_number_of_checkpoints 60 --eval_freq 250 --eval_num_attempts 10 --eval_levels SixteenRooms SixteenRooms2 Labyrinth LabyrinthFlipped Labyrinth2 StandardMaze StandardMaze2 StandardMaze3 --lr 0.0001 --max_grad_norm 0.5 --num_updates 30000 --num_steps 256 --num_train_envs 32 --num_minibatches 1 --gamma 0.995 --epoch_ppo 5 --clip_eps 0.2 --gae_lambda 0.98 --entropy_coeff 0.001 --critic_coeff 0.5 --agent_view_size 5 --score_function learnability --no-exploratory_grad_updates --level_buffer_capacity 4000 --replay_prob 1.0 --staleness_coeff 0.3 --temperature 0.3 --topk_k 4 --minimum_fill_ratio 0.5 --prioritization rank --buffer_duplicate_check --use_accel --num_edits 5 --n_walls 25 --teacher sfl_oracle --level_generator minigrid_walls --level_mutator minimax --log_media levels --out_dir /workspace/tlab_ued --no-resume --diagnose_levels 1024 --diagnose_mutation_rounds 1 --no-allow_student_changes --sfl_num_attempts 4 --sfl_period 250 --sfl_num_levels 64 --sfl_topk 32 --sfl_p_decay 0.25 --oracle_features level_bfs --oracle_hidden 64 --oracle_lr 0.0003 --oracle_train_steps 2 --oracle_batch_size 256 --oracle_buffer_capacity 8192 --oracle_num_proposals 8192 --oracle_control_levels 16 --oracle_mutation_proposals 8 --oracle_rescore_buffer --no-oracle_verify --oracle_warmup_updates 1000

Levels from generator 'minigrid_walls' (n_walls=25)  (n=1024)
  solvable          99.7%   (goal unreachable 0.3%, needs >250 steps 0.0%)
  optimal steps   median 11  mean 11.5  p10 5  p90 18  max 27
  best return     0.958 mean over solvable levels
  difficulty      trivial<=10 44.6% | easy<=30 55.1% | medium<=60 0.0% | hard<=120 0.0% | brutal>120 0.0% | unsolvable 0.3%
  reachable area  99.5% of free cells   walls 23.3 (13.8% of the grid)
...after 1x mutator 'minimax' (5 edits)  (n=1024)
  solvable          99.6%   (goal unreachable 0.4%, needs >250 steps 0.0%)
  optimal steps   median 11  mean 11.5  p10 5  p90 19  max 29
  best return     0.959 mean over solvable levels
  difficulty      trivial<=10 45.0% | easy<=30 54.6% | medium<=60 0.0% | hard<=120 0.0% | brutal>120 0.0% | unsolvable 0.4%
  reachable area  99.3% of free cells   walls 24.6 (14.5% of the grid)

  env_steps                   245760000
  total_updates               30000
  reserved_updates            0
  expected_gradient_updates   15000.0
  expected_mutation_updates   15000.0
  expected_dr_updates         0.0
  sfl_phase_updates           1
  levels_scored_per_update    8
  attempts_per_level          4
  oracle_proposals_per_phase  8192
  oracle_verified_per_phase   0
  oracle_parameters           48065
wandb: Tracking run with wandb version 0.17.5
wandb: W&B syncing is set to `offline` in this directory.  
wandb: Run `wandb online` or set WANDB_MODE=online to enable cloud syncing.
Logging update: 250
[1/120] solve_rate/mean=0.000 sps=17162 eta=3.94h
WARNING:absl:SaveArgs.aggregate is deprecated, please use custom TypeHandler (https://orbax.readthedocs.io/en/latest/custom_handlers.html#typehandler) or contact Orbax team to migrate before May 1st, 2024.
WARNING:absl:SaveArgs.aggregate is deprecated, please use custom TypeHandler (https://orbax.readthedocs.io/en/latest/custom_handlers.html#typehandler) or contact Orbax team to migrate before May 1st, 2024.
Logging update: 500
[2/120] solve_rate/mean=0.000 sps=31176 eta=4.31h
Logging update: 750
[3/120] solve_rate/mean=0.000 sps=80547 eta=2.48h
Logging update: 1000
[4/120] solve_rate/mean=0.038 sps=105126 eta=2.51h
Logging update: 1250
[5/120] solve_rate/mean=0.000 sps=131378 eta=2.49h
Logging update: 1500
[6/120] solve_rate/mean=0.050 sps=156672 eta=2.48h
Logging update: 1750
[7/120] solve_rate/mean=0.100 sps=179528 eta=2.51h
Logging update: 2000
[8/120] solve_rate/mean=0.050 sps=228855 eta=2.23h
Logging update: 2250
[9/120] solve_rate/mean=0.025 sps=237170 eta=2.40h
Logging update: 2500
[10/120] solve_rate/mean=0.075 sps=262379 eta=2.39h
Logging update: 2750
[11/120] solve_rate/mean=0.038 sps=291818 eta=2.34h
Logging update: 3000
[12/120] solve_rate/mean=0.125 sps=326457 eta=2.26h
Logging update: 3250
[13/120] solve_rate/mean=0.113 sps=340170 eta=2.33h
Logging update: 3500
[14/120] solve_rate/mean=0.200 sps=369118 eta=2.29h
Logging update: 3750
[15/120] solve_rate/mean=0.200 sps=395581 eta=2.27h
Logging update: 4000
[16/120] solve_rate/mean=0.237 sps=422347 eta=2.24h
Logging update: 4250
[17/120] solve_rate/mean=0.312 sps=446890 eta=2.23h
Logging update: 4500
[18/120] solve_rate/mean=0.400 sps=472915 eta=2.21h
WARNING:absl:SaveArgs.aggregate is deprecated, please use custom TypeHandler (https://orbax.readthedocs.io/en/latest/custom_handlers.html#typehandler) or contact Orbax team to migrate before May 1st, 2024.
WARNING:absl:SaveArgs.aggregate is deprecated, please use custom TypeHandler (https://orbax.readthedocs.io/en/latest/custom_handlers.html#typehandler) or contact Orbax team to migrate before May 1st, 2024.
Logging update: 4750
[19/120] solve_rate/mean=0.362 sps=499544 eta=2.19h
Logging update: 5000
[20/120] solve_rate/mean=0.450 sps=522845 eta=2.18h
Logging update: 5250
[21/120] solve_rate/mean=0.488 sps=551385 eta=2.14h
Logging update: 5500
[22/120] solve_rate/mean=0.513 sps=574636 eta=2.13h
Logging update: 5750
[23/120] solve_rate/mean=0.562 sps=604446 eta=2.10h
Logging update: 6000
[24/120] solve_rate/mean=0.562 sps=629512 eta=2.08h
Logging update: 6250
[25/120] solve_rate/mean=0.650 sps=653676 eta=2.07h
Logging update: 6500
[26/120] solve_rate/mean=0.663 sps=679295 eta=2.05h
Logging update: 6750
[27/120] solve_rate/mean=0.663 sps=707534 eta=2.02h
Logging update: 7000
[28/120] solve_rate/mean=0.587 sps=731701 eta=2.00h
Logging update: 7250
[29/120] solve_rate/mean=0.625 sps=761320 eta=1.97h
Logging update: 7500
[30/120] solve_rate/mean=0.738 sps=787447 eta=1.95h
Logging update: 7750
[31/120] solve_rate/mean=0.775 sps=850013 eta=1.85h
Logging update: 8000
[32/120] solve_rate/mean=0.788 sps=838038 eta=1.91h
Logging update: 8250
[33/120] solve_rate/mean=0.863 sps=865837 eta=1.89h
Logging update: 8500
[34/120] solve_rate/mean=0.775 sps=884577 eta=1.88h
Logging update: 8750
[35/120] solve_rate/mean=0.850 sps=920227 eta=1.84h
WARNING:absl:SaveArgs.aggregate is deprecated, please use custom TypeHandler (https://orbax.readthedocs.io/en/latest/custom_handlers.html#typehandler) or contact Orbax team to migrate before May 1st, 2024.
WARNING:absl:SaveArgs.aggregate is deprecated, please use custom TypeHandler (https://orbax.readthedocs.io/en/latest/custom_handlers.html#typehandler) or contact Orbax team to migrate before May 1st, 2024.
Logging update: 9000
[36/120] solve_rate/mean=0.712 sps=939442 eta=1.83h
Logging update: 9250
[37/120] solve_rate/mean=0.788 sps=975494 eta=1.79h
Logging update: 9500
[38/120] solve_rate/mean=0.550 sps=1002147 eta=1.77h
Logging update: 9750
[39/120] solve_rate/mean=0.575 sps=1032823 eta=1.74h
Logging update: 10000
[40/120] solve_rate/mean=0.738 sps=1054763 eta=1.73h
Logging update: 10250
[41/120] solve_rate/mean=0.900 sps=1082651 eta=1.70h
Logging update: 10500
[42/120] solve_rate/mean=0.763 sps=1100662 eta=1.69h
Logging update: 10750
[43/120] solve_rate/mean=0.812 sps=1128731 eta=1.67h
Logging update: 11000
[44/120] solve_rate/mean=0.700 sps=1154193 eta=1.65h
Logging update: 11250
[45/120] solve_rate/mean=0.750 sps=1208359 eta=1.59h
Logging update: 11500
[46/120] solve_rate/mean=0.900 sps=1205991 eta=1.61h
Logging update: 11750
[47/120] solve_rate/mean=0.800 sps=1249763 eta=1.56h
Logging update: 12000
[48/120] solve_rate/mean=0.837 sps=1255943 eta=1.57h
Logging update: 12250
[49/120] solve_rate/mean=0.750 sps=1280466 eta=1.55h
Logging update: 12500
[50/120] solve_rate/mean=0.663 sps=1324221 eta=1.50h
Logging update: 12750
[51/120] solve_rate/mean=0.738 sps=1332840 eta=1.50h
Logging update: 13000
[52/120] solve_rate/mean=0.850 sps=1359442 eta=1.48h
WARNING:absl:SaveArgs.aggregate is deprecated, please use custom TypeHandler (https://orbax.readthedocs.io/en/latest/custom_handlers.html#typehandler) or contact Orbax team to migrate before May 1st, 2024.
WARNING:absl:SaveArgs.aggregate is deprecated, please use custom TypeHandler (https://orbax.readthedocs.io/en/latest/custom_handlers.html#typehandler) or contact Orbax team to migrate before May 1st, 2024.
Logging update: 13250
[53/120] solve_rate/mean=0.550 sps=1392588 eta=1.45h
Logging update: 13500
[54/120] solve_rate/mean=0.800 sps=1419226 eta=1.43h
Logging update: 13750
[55/120] solve_rate/mean=0.600 sps=1445048 eta=1.41h
Logging update: 14000
[56/120] solve_rate/mean=0.562 sps=1467173 eta=1.39h
Logging update: 14250
[57/120] solve_rate/mean=0.638 sps=1498302 eta=1.36h
Logging update: 14500
[58/120] solve_rate/mean=0.575 sps=1528677 eta=1.34h
Logging update: 14750
[59/120] solve_rate/mean=0.550 sps=1582594 eta=1.29h
Logging update: 15000
[60/120] solve_rate/mean=0.788 sps=1569616 eta=1.30h
Logging update: 15250
[61/120] solve_rate/mean=0.725 sps=1603657 eta=1.28h
Logging update: 15500
[62/120] solve_rate/mean=0.762 sps=1621707 eta=1.26h
Logging update: 15750
[63/120] solve_rate/mean=0.700 sps=1647455 eta=1.24h
Logging update: 16000
[64/120] solve_rate/mean=0.888 sps=1683082 eta=1.21h
Logging update: 16250
[65/120] solve_rate/mean=0.950 sps=1743177 eta=1.17h
Logging update: 16500
[66/120] solve_rate/mean=0.850 sps=1724326 eta=1.18h
Logging update: 16750
[67/120] solve_rate/mean=0.825 sps=1754627 eta=1.15h
Logging update: 17000
[68/120] solve_rate/mean=0.950 sps=1779803 eta=1.13h
Logging update: 17250
[69/120] solve_rate/mean=0.788 sps=1799436 eta=1.11h
WARNING:absl:SaveArgs.aggregate is deprecated, please use custom TypeHandler (https://orbax.readthedocs.io/en/latest/custom_handlers.html#typehandler) or contact Orbax team to migrate before May 1st, 2024.
WARNING:absl:SaveArgs.aggregate is deprecated, please use custom TypeHandler (https://orbax.readthedocs.io/en/latest/custom_handlers.html#typehandler) or contact Orbax team to migrate before May 1st, 2024.
Logging update: 17500
[70/120] solve_rate/mean=0.800 sps=1834680 eta=1.09h
Logging update: 17750
[71/120] solve_rate/mean=0.837 sps=1844746 eta=1.07h
Logging update: 18000
[72/120] solve_rate/mean=0.688 sps=1886880 eta=1.04h
Logging update: 18250
[73/120] solve_rate/mean=0.850 sps=1913703 eta=1.02h
Logging update: 18500
[74/120] solve_rate/mean=0.888 sps=1926354 eta=1.01h
Logging update: 18750
[75/120] solve_rate/mean=0.850 sps=1956319 eta=0.98h
Logging update: 19000
[76/120] solve_rate/mean=0.850 sps=1992610 eta=0.95h
Logging update: 19250
[77/120] solve_rate/mean=0.712 sps=2001483 eta=0.94h
Logging update: 19500
[78/120] solve_rate/mean=0.575 sps=2039734 eta=0.91h
Logging update: 19750
[79/120] solve_rate/mean=0.775 sps=2065658 eta=0.89h
Logging update: 20000
[80/120] solve_rate/mean=0.625 sps=2097866 eta=0.87h
Logging update: 20250
[81/120] solve_rate/mean=0.675 sps=2131373 eta=0.84h
Logging update: 20500
[82/120] solve_rate/mean=0.650 sps=2156090 eta=0.82h
Logging update: 20750
[83/120] solve_rate/mean=0.788 sps=2196179 eta=0.80h
Logging update: 21000
[84/120] solve_rate/mean=0.700 sps=2206984 eta=0.78h
Logging update: 21250
[85/120] solve_rate/mean=0.762 sps=2246197 eta=0.75h
Logging update: 21500
[86/120] solve_rate/mean=0.837 sps=2262400 eta=0.74h
WARNING:absl:SaveArgs.aggregate is deprecated, please use custom TypeHandler (https://orbax.readthedocs.io/en/latest/custom_handlers.html#typehandler) or contact Orbax team to migrate before May 1st, 2024.
WARNING:absl:SaveArgs.aggregate is deprecated, please use custom TypeHandler (https://orbax.readthedocs.io/en/latest/custom_handlers.html#typehandler) or contact Orbax team to migrate before May 1st, 2024.
Logging update: 21750
[87/120] solve_rate/mean=0.738 sps=2283207 eta=0.72h
Logging update: 22000
[88/120] solve_rate/mean=0.750 sps=2304637 eta=0.70h
Logging update: 22250
[89/120] solve_rate/mean=0.712 sps=2337943 eta=0.67h
Logging update: 22500
[90/120] solve_rate/mean=0.950 sps=2366625 eta=0.65h
Logging update: 22750
[91/120] solve_rate/mean=0.838 sps=2386515 eta=0.63h
Logging update: 23000
[92/120] solve_rate/mean=0.950 sps=2402481 eta=0.61h
Logging update: 23250
[93/120] solve_rate/mean=0.775 sps=2434790 eta=0.59h
Logging update: 23500
[94/120] solve_rate/mean=0.812 sps=2462263 eta=0.56h
Logging update: 23750
[95/120] solve_rate/mean=0.750 sps=2468759 eta=0.55h
Logging update: 24000
[96/120] solve_rate/mean=0.950 sps=2509557 eta=0.52h
Logging update: 24250
[97/120] solve_rate/mean=0.875 sps=2547070 eta=0.50h
Logging update: 24500
[98/120] solve_rate/mean=0.875 sps=2566426 eta=0.48h
Logging update: 24750
[99/120] solve_rate/mean=0.663 sps=2579800 eta=0.46h
Logging update: 25000
[100/120] solve_rate/mean=0.888 sps=2622804 eta=0.43h
Logging update: 25250
[101/120] solve_rate/mean=0.875 sps=2654540 eta=0.41h
Logging update: 25500
[102/120] solve_rate/mean=0.788 sps=2656903 eta=0.39h
Logging update: 25750
[103/120] solve_rate/mean=0.638 sps=2702043 eta=0.37h
WARNING:absl:SaveArgs.aggregate is deprecated, please use custom TypeHandler (https://orbax.readthedocs.io/en/latest/custom_handlers.html#typehandler) or contact Orbax team to migrate before May 1st, 2024.
WARNING:absl:SaveArgs.aggregate is deprecated, please use custom TypeHandler (https://orbax.readthedocs.io/en/latest/custom_handlers.html#typehandler) or contact Orbax team to migrate before May 1st, 2024.
Logging update: 26000
[104/120] solve_rate/mean=0.988 sps=2718794 eta=0.35h
Logging update: 26250
[105/120] solve_rate/mean=0.775 sps=2732895 eta=0.33h
Logging update: 26500
[106/120] solve_rate/mean=0.788 sps=2771945 eta=0.30h
Logging update: 26750
[107/120] solve_rate/mean=0.812 sps=2794071 eta=0.28h
Logging update: 27000
[108/120] solve_rate/mean=0.938 sps=2833113 eta=0.26h
Logging update: 27250
[109/120] solve_rate/mean=0.725 sps=2858136 eta=0.24h
Logging update: 27500
[110/120] solve_rate/mean=0.812 sps=2875904 eta=0.22h
Logging update: 27750
[111/120] solve_rate/mean=0.725 sps=2913896 eta=0.20h
Logging update: 28000
[112/120] solve_rate/mean=0.688 sps=3172285 eta=0.16h
Logging update: 28250
[113/120] solve_rate/mean=0.850 sps=3213662 eta=0.14h
Logging update: 28500
[114/120] solve_rate/mean=0.638 sps=3216192 eta=0.12h
Logging update: 28750
[115/120] solve_rate/mean=0.837 sps=3226125 eta=0.10h
Logging update: 29000
[116/120] solve_rate/mean=0.863 sps=3424040 eta=0.08h
Logging update: 29250
[117/120] solve_rate/mean=0.962 sps=3986460 eta=0.05h
Logging update: 29500
[118/120] solve_rate/mean=0.863 sps=4495142 eta=0.03h
Logging update: 29750
[119/120] solve_rate/mean=0.900 sps=4959940 eta=0.01h
Logging update: 30000
[120/120] solve_rate/mean=0.812 sps=5890376 eta=0.00h
WARNING:absl:SaveArgs.aggregate is deprecated, please use custom TypeHandler (https://orbax.readthedocs.io/en/latest/custom_handlers.html#typehandler) or contact Orbax team to migrate before May 1st, 2024.
WARNING:absl:SaveArgs.aggregate is deprecated, please use custom TypeHandler (https://orbax.readthedocs.io/en/latest/custom_handlers.html#typehandler) or contact Orbax team to migrate before May 1st, 2024.
wandb: - 0.000 MB of 0.000 MB uploadedwandb:                                                                                
wandb: 
wandb: Run history:
wandb:              agent/actor_loss █▅▆▅▃▃▃▂▃▃▂▁▂▂▃▃▂▃▂▃▃▃▃▃▃▃▃▃▃▃▃▂▃▃▃▃▃▃▃▄
wandb:             agent/critic_loss ▁▅▇▇▇▇█████████▇█▇▇▇█▇█▇█▇█▇█████▇████▇█
wandb:                 agent/entropy █▄▂▂▂▁▁▁▁▁▁▁▁▁▁▁▁▁▁▁▁▁▁▁▁▁▁▁▁▁▁▁▁▁▁▁▁▁▁▁
wandb:                    agent/loss ▁▅▇▇▇▇█▇██████████▇▇█▇█▇█▇███████▇████▇█
wandb:         branch/num_dr_updates ▁▁▁▁▁▁▁▁▁▁▁▁▁▁▁▁▁▁▁▁▁▁▁▁▁▁▁▁▁▁▁▁▁▁▁▁▁▁▁▁
wandb:   branch/num_mutation_updates ▁▁▁▂▂▂▂▂▂▃▃▃▃▃▃▄▄▄▄▄▅▅▅▅▅▅▆▆▆▆▆▇▇▇▇▇▇███
wandb:     branch/num_oracle_inserts ▁▁▁▂▂▂▂▂▂▃▃▃▃▃▃▄▄▄▄▄▅▅▅▅▅▅▆▆▆▆▆▇▇▇▇▇▇███
wandb:     branch/num_replay_updates ▁▁▁▂▂▂▂▂▂▃▃▃▃▃▃▄▄▄▄▄▅▅▅▅▅▅▆▆▆▆▆▇▇▇▇▇▇███
wandb:        branch/num_sfl_updates ▁▁▁▁▁▁▁▁▁▁▁▁▁▁▁▁▁▁▁▁▁▁▁▁▁▁▁▁▁▁▁▁▁▁▁▁▁▁▁▁
wandb:          eval_ep_lengths/mean █████▇▇▅▄▄▃▄▃▄▃▃▃▂▅▃▃▂▂▃▃▂▂▃▃▅▁▃▃▂▁▂▁▂▂▂
wandb:         level/mean_num_blocks ▁▂▂▂▂▃▃▄▄▅▅▅▅▆▆▆▆▆▆▆▇▇▇▇▇▇▇▇▇█▇█▇███████
wandb:   level_sampler/episode_count ▁▁▁▂▂▂▂▂▂▃▃▃▃▃▃▄▄▄▄▄▅▅▅▅▅▅▆▆▆▆▆▇▇▇▇▇▇███
wandb:       level_sampler/max_score ████▅▇▇██▆▇██▂███▇█▅█▅▅██▇▇█▅██▃█▁█▆██▃█
wandb: level_sampler/mean_max_return ▁▃▆████████████▇▇▇▇▇▇▇▇▇▇▇▇▇▇▇▇▇▇▇▇▇▇▇▇▇
wandb:          level_sampler/mean_p ▁▂▄▅▆▆▇▇████████████████████████████████
wandb:      level_sampler/mean_score ▁█▅▅▄▃▂▂▂▂▂▂▂▂▂▃▃▃▂▂▂▂▃▃▃▂▂▃▃▂▃▂▂▂▂▂▂▂▂▂
wandb:            level_sampler/size ▁███████████████████████████████████████
wandb:  level_sampler/weighted_score ▅█▄▂▂▁▂▂▂▂▂▂▂▂▂▂▄▃▂▂▂▂▃▂▃▂▂▂▂▂▂▂▂▂▂▂▁▁▁▂
wandb:                 num_env_steps ▁▁▁▂▂▂▂▂▂▃▃▃▃▃▃▄▄▄▄▄▅▅▅▅▅▅▆▆▆▆▆▇▇▇▇▇▇███
wandb:                   num_updates ▁▁▁▂▂▂▂▂▂▃▃▃▃▃▃▄▄▄▄▄▅▅▅▅▅▅▆▆▆▆▆▇▇▇▇▇▇███
wandb:                   oracle/bias ▁▁▁▁▁▁▁▁▁▁▁▁▁▁▁▁▁▁▁▁▁▁▁▁▁▁▁▁▁▁▁▁▁▁▁▁▁▁▁▁
wandb:                  oracle/brier ▁▁▁▁▁▁▁▁▁▁▁▁▁▁▁▁▁▁▁▁▁▁▁▁▁▁▁▁▁▁▁▁▁▁▁▁▁▁▁▁
wandb:          oracle/buffer_mean_p ▁▄█████████████▇██████████████▇█████████
wandb:          oracle/control_brier ▁▁▁▁▁▁▁▁▁▁▁▁▁▁▁▁▁▁▁▁▁▁▁▁▁▁▁▁▁▁▁▁▁▁▁▁▁▁▁▁
wandb:   oracle/control_learnability ▁▁▁▁▁▁▁▁▁▁▁▁▁▁▁▁▁▁▁▁▁▁▁▁▁▁▁▁▁▁▁▁▁▁▁▁▁▁▁▁
wandb:      oracle/control_rank_corr ▁▁▁▁▁▁▁▁▁▁▁▁▁▁▁▁▁▁▁▁▁▁▁▁▁▁▁▁▁▁▁▁▁▁▁▁▁▁▁▁
wandb:                   oracle/loss ▃█▃▃▁▃▃▄▂▂▁▃▃▄▂▄▄▃▂▁▂▃▅▃▃▄▁▃▂▃▂▂▂▂▃▃▄▂▂▂
wandb:           oracle/observations ▁███████████████████████████████████████
wandb: oracle/predicted_learnability ▁▁▁▁▁▁▁▁▁▁▁▁▁▁▁▁▁▁▁▁▁▁▁▁▁▁▁▁▁▁▁▁▁▁▁▁▁▁▁▁
wandb:              oracle/rank_corr ▁▁▁▁▁▁▁▁▁▁▁▁▁▁▁▁▁▁▁▁▁▁▁▁▁▁▁▁▁▁▁▁▁▁▁▁▁▁▁▁
wandb:  oracle/selected_learnability ▁▁▁▁▁▁▁▁▁▁▁▁▁▁▁▁▁▁▁▁▁▁▁▁▁▁▁▁▁▁▁▁▁▁▁▁▁▁▁▁
wandb:         oracle/selection_gain ▁▁▁▁▁▁▁▁▁▁▁▁▁▁▁▁▁▁▁▁▁▁▁▁▁▁▁▁▁▁▁▁▁▁▁▁▁▁▁▁
wandb:              return/Labyrinth ▁▁▁▁▁▁▁▁▂▅▆▅█████▆▇▇███▇███████████▇▇▇█▆
wandb:             return/Labyrinth2 ▁▁▁▁▁▃▅█▇█▆█▆█▇█▆█▇▃▇█▆▃▃▄▂▄▇▂▆▇▇▃▇███▁█
wandb:       return/LabyrinthFlipped ▁▁▁▁▁▁▄▇████▇█▆█▆▇▂▇▆▇▇█▆▄▂▆▄▄████▇█▇███
wandb:           return/SixteenRooms ▁▂▃▄▃▇▃▄▇▄▆▅▇▅▄█▄▇▁████▇█▄█▇█▄█▃▂▇█▅█▆▆▂
wandb:          return/SixteenRooms2 ▁▁▁▁▁▂▁▁▃▁▁▁▁▁▆▄▁▃▂▁▄▆▆▃▅▅▁▃▃▃▅▁▅▃▇▁▄▅██
wandb:           return/StandardMaze ▁▁▁▁▁▁▄▆▆▂▅▄▅▆▆▅▅▅▅▄▄█▅▃▅▁▅▂▅▄▅▆▄▅▅▄▁▂▄▃
wandb:          return/StandardMaze2 ▁▁▁▁▁▁▂▂▁▃▆▇▃▄▁▄▇▇▄▁▁▇█▅▄▅▅▇▆▇▇▆▇▇▇█▇▇▇█
wandb:          return/StandardMaze3 ▁▁▁▁▂▁▂▇▆▆▅█▇█▇██▇█████▇███████████████▇
wandb:                   return/mean ▁▁▂▂▁▂▃▅▅▅▆▆▆▆▆▇▆▇▄▅▆██▆▇▅▅▆▇▅▇▆▆▇█▇▇▇▇▇
wandb:   sfl/population_learnability ▁▇███▇▇▅▅▅▆▅▅▅▆▆█▆▄▆▄▅▅▄▄▄▆▅▆▅█▅▇▄▅▆▆▅▆▆
wandb:         sfl/topk_learnability ▁▇███▇▇▅▅▅▆▅▅▅▆▆█▆▄▆▄▅▅▄▄▄▆▅▆▅█▅▇▄▅▆▆▅▆▆
wandb:          solve_rate/Labyrinth ▁▁▁▁▁▁▁▁▂▇▇▇█████▇▇▇████████████████████
wandb:         solve_rate/Labyrinth2 ▁▁▁▁▂▅▇███▇███▇█▇█▇▃▇█▆▄▅▇▂▄▇▂▆▇▇▃▇███▁█
wandb:   solve_rate/LabyrinthFlipped ▁▁▁▁▁▁▆▇██████▇█▆▇▃▇▇▇▇█▇▆▂▇▅▄██████████
wandb:       solve_rate/SixteenRooms ▁▃▅▅▅█▅▅█▅█▇█▅▇█▅█▂██████▅███▆█▃▃██▇█▇█▂
wandb:      solve_rate/SixteenRooms2 ▁▁▂▂▁▄▁▂▄▁▁▃▂▁█▅▂▅▂▂▆▇█▆▇▇▂▇▃▆█▁▇▆█▁▄▆██
wandb:       solve_rate/StandardMaze ▁▁▁▁▁▁▅▆▇▂▇▄▇▇██▇▇▇▄▆██▅▇▁▇▂█▇█████▆▂▂▇▄
wandb:      solve_rate/StandardMaze2 ▁▁▁▁▁▁▂▂▁▃█▇▅▄▁▅▇▇▆▁▁▇███▇▅██▇▇▇████████
wandb:      solve_rate/StandardMaze3 ▁▁▁▁▂▁▂▇▆▇▅█▇████▇█████████████████████▇
wandb:               solve_rate/mean ▁▁▂▂▂▃▄▅▆▅▆▆▇▆▇▇▆▇▅▅▆██▇▇▆▅▇▇▆█▆▇▇█▇▇▇▇▇
wandb:                           sps ▁▁▁▁▁▁▂▂▂▂▂▂▂▂▂▂▃▃▃▃▃▃▃▃▃▃▃▄▄▄▄▄▄▄▄▄▄▅▅█
wandb:              steps_per_second ▁▃▃▃▃▃▃▃▃▃▃▃▃▃▃▃▃▃▃▃▃▃▃▃▃▃▃▃▃▃▃▃▃▃▃▃▃▃▄█
wandb:                    time_delta █▄▄▄▄▄▄▄▄▄▄▄▄▄▄▄▄▄▄▄▄▄▄▄▄▄▄▄▄▄▄▄▄▄▄▄▄▄▃▁
wandb:            train/learnability ▁█▇▇▆▆▆▆▅▅▅▅▅▅▅▅▅▅▅▅▅▅▅▅▅▅▄▅▄▅▄▅▅▄▅▄▄▄▄▄
wandb:            train/success_rate ▁▅▆▇▇▇▇▇█▇██▇██▇▇███████▇███████████████
wandb: 
wandb: Run summary:
wandb:              agent/actor_loss -0.00032
wandb:             agent/critic_loss 0.01357
wandb:                 agent/entropy 0.01812
wandb:                    agent/loss 0.00645
wandb:         branch/num_dr_updates 250
wandb:   branch/num_mutation_updates 14875
wandb:     branch/num_oracle_inserts 119
wandb:     branch/num_replay_updates 14875
wandb:        branch/num_sfl_updates 0
wandb:          eval_ep_lengths/mean 142.5
wandb:         level/mean_num_blocks 51.54213
wandb:   level_sampler/episode_count 600808
wandb:       level_sampler/max_score 0.25
wandb: level_sampler/mean_max_return 0.78383
wandb:          level_sampler/mean_p 0.8388
wandb:      level_sampler/mean_score 0.07179
wandb:            level_sampler/size 4000
wandb:  level_sampler/weighted_score 0.19215
wandb:                 num_env_steps 245760000
wandb:                   num_updates 30000
wandb:                   oracle/bias 0.0
wandb:                  oracle/brier 0.0
wandb:          oracle/buffer_mean_p 0.87051
wandb:          oracle/control_brier 0.0
wandb:   oracle/control_learnability 0.0
wandb:      oracle/control_rank_corr 0.0
wandb:                   oracle/loss 0.37133
wandb:           oracle/observations 8192
wandb: oracle/predicted_learnability 0.0
wandb:              oracle/rank_corr 0.0
wandb:  oracle/selected_learnability 0.0
wandb:         oracle/selection_gain 0.0
wandb:              return/Labyrinth 0.35416
wandb:             return/Labyrinth2 0.5428
wandb:       return/LabyrinthFlipped 0.5212
wandb:           return/SixteenRooms 0.09056
wandb:          return/SixteenRooms2 0.748
wandb:           return/StandardMaze 0.10192
wandb:          return/StandardMaze2 0.6364
wandb:          return/StandardMaze3 0.59256
wandb:                   return/mean 0.44845
wandb:   sfl/population_learnability 0.16157
wandb:         sfl/topk_learnability 0.16157
wandb:          solve_rate/Labyrinth 1.0
wandb:         solve_rate/Labyrinth2 1.0
wandb:   solve_rate/LabyrinthFlipped 1.0
wandb:       solve_rate/SixteenRooms 0.2
wandb:      solve_rate/SixteenRooms2 1.0
wandb:       solve_rate/StandardMaze 0.4
wandb:      solve_rate/StandardMaze2 1.0
wandb:      solve_rate/StandardMaze3 0.9
wandb:               solve_rate/mean 0.8125
wandb:                           sps 5890376.2071
wandb:              steps_per_second 49086.46839
wandb:                    time_delta 41.72229
wandb:            train/learnability 0.10746
wandb:            train/success_rate 0.73339
wandb: 
wandb: You can sync this run to the cloud by running:
wandb: wandb sync /workspace/tlab_ued/runs/sfl_oracle_learnability_level_bfs_noverify/0/wandb/offline-run-20260824_060922-93z49rk9
wandb: Find logs at: /workspace/tlab_ued/runs/sfl_oracle_learnability_level_bfs_noverify/0/wandb/offline-run-20260824_060922-93z49rk9/logs
wandb: WARNING The new W&B backend becomes opt-out in version 0.18.0; try it out with `wandb.require("core")`! See https://wandb.me/wandb-core for more information.
