
=== 2026-09-15 12:50:00 launching: /workspace/venvs/jaxued/bin/python -m tlab_ued.train --project tlab-ued --run_name sfl_oracle_learnability_level --seed 1 --mode train --checkpoint_to_eval -1 --checkpoint_save_interval 17 --max_number_of_checkpoints 60 --eval_freq 250 --eval_num_attempts 10 --eval_levels SixteenRooms SixteenRooms2 Labyrinth LabyrinthFlipped Labyrinth2 StandardMaze StandardMaze2 StandardMaze3 --lr 0.0001 --max_grad_norm 0.5 --num_updates 30000 --num_steps 256 --num_train_envs 32 --num_minibatches 1 --gamma 0.995 --epoch_ppo 5 --clip_eps 0.2 --gae_lambda 0.98 --entropy_coeff 0.001 --critic_coeff 0.5 --agent_view_size 5 --score_function learnability --no-exploratory_grad_updates --level_buffer_capacity 4000 --replay_prob 1.0 --staleness_coeff 0.3 --temperature 0.3 --topk_k 4 --minimum_fill_ratio 0.5 --prioritization rank --buffer_duplicate_check --use_accel --num_edits 5 --n_walls 25 --teacher sfl_oracle --level_generator minigrid_walls --level_mutator minimax --log_media levels --out_dir /workspace/TLabUED --no-resume --diagnose_levels 1024 --diagnose_mutation_rounds 1 --no-ladder --ladder_proposals 8 --ladder_out  --no-allow_student_changes --sfl_num_attempts 4 --sfl_period 250 --sfl_num_levels 64 --sfl_topk 32 --sfl_p_decay 0.25 --oracle_features level --oracle_hidden 64 --oracle_lr 0.0003 --oracle_train_steps 2 --oracle_batch_size 256 --oracle_buffer_capacity 8192 --oracle_num_proposals 8192 --oracle_control_levels 16 --oracle_mutation_proposals 8 --oracle_rescore_buffer --oracle_verify --oracle_warmup_updates 1000

Levels from generator 'minigrid_walls' (n_walls=25)  (n=1024)
  solvable          99.5%   (goal unreachable 0.5%, needs >250 steps 0.0%)
  optimal steps   median 11  mean 11.6  p10 5  p90 18  max 31
  best return     0.958 mean over solvable levels
  difficulty      trivial<=10 43.9% | easy<=30 55.5% | medium<=60 0.1% | hard<=120 0.0% | brutal>120 0.0% | unsolvable 0.5%
  reachable area  99.5% of free cells   walls 23.3 (13.8% of the grid)
...after 1x mutator 'minimax' (5 edits)  (n=1024)
  solvable          99.6%   (goal unreachable 0.4%, needs >250 steps 0.0%)
  optimal steps   median 12  mean 11.8  p10 5  p90 19  max 30
  best return     0.957 mean over solvable levels
  difficulty      trivial<=10 42.2% | easy<=30 57.4% | medium<=60 0.0% | hard<=120 0.0% | brutal>120 0.0% | unsolvable 0.4%
  reachable area  99.5% of free cells   walls 24.5 (14.5% of the grid)

  env_steps                   245760000
  total_updates               30000
  reserved_updates            960
  expected_gradient_updates   14520.0
  expected_mutation_updates   14520.0
  expected_dr_updates         0.0
  sfl_phase_updates           8
  levels_scored_per_update    8
  attempts_per_level          4
  oracle_proposals_per_phase  8192
  oracle_verified_per_phase   64
  oracle_parameters           47809
wandb: Tracking run with wandb version 0.17.5
wandb: W&B syncing is set to `offline` in this directory.  
wandb: Run `wandb online` or set WANDB_MODE=online to enable cloud syncing.
Logging update: 250
[1/120] solve_rate/mean=0.000 sps=28032 eta=2.41h
WARNING:absl:SaveArgs.aggregate is deprecated, please use custom TypeHandler (https://orbax.readthedocs.io/en/latest/custom_handlers.html#typehandler) or contact Orbax team to migrate before May 1st, 2024.
WARNING:absl:SaveArgs.aggregate is deprecated, please use custom TypeHandler (https://orbax.readthedocs.io/en/latest/custom_handlers.html#typehandler) or contact Orbax team to migrate before May 1st, 2024.
Logging update: 500
[2/120] solve_rate/mean=0.025 sps=61459 eta=2.18h
Logging update: 750
[3/120] solve_rate/mean=0.000 sps=182785 eta=1.09h
Logging update: 1000
[4/120] solve_rate/mean=0.038 sps=247938 eta=1.06h
Logging update: 1250
[5/120] solve_rate/mean=0.088 sps=303439 eta=1.08h
Logging update: 1500
[6/120] solve_rate/mean=0.075 sps=366727 eta=1.06h
Logging update: 1750
[7/120] solve_rate/mean=0.025 sps=426686 eta=1.05h
Logging update: 2000
[8/120] solve_rate/mean=0.088 sps=489933 eta=1.04h
Logging update: 2250
[9/120] solve_rate/mean=0.262 sps=563240 eta=1.01h
Logging update: 2500
[10/120] solve_rate/mean=0.375 sps=629840 eta=0.99h
Logging update: 2750
[11/120] solve_rate/mean=0.338 sps=679693 eta=1.00h
Logging update: 3000
[12/120] solve_rate/mean=0.250 sps=749550 eta=0.98h
Logging update: 3250
[13/120] solve_rate/mean=0.250 sps=787716 eta=1.00h
Logging update: 3500
[14/120] solve_rate/mean=0.113 sps=844032 eta=1.00h
Logging update: 3750
[15/120] solve_rate/mean=0.162 sps=933001 eta=0.96h
Logging update: 4000
[16/120] solve_rate/mean=0.300 sps=970718 eta=0.98h
Logging update: 4250
[17/120] solve_rate/mean=0.200 sps=1022740 eta=0.97h
Logging update: 4500
[18/120] solve_rate/mean=0.250 sps=1078930 eta=0.97h
WARNING:absl:SaveArgs.aggregate is deprecated, please use custom TypeHandler (https://orbax.readthedocs.io/en/latest/custom_handlers.html#typehandler) or contact Orbax team to migrate before May 1st, 2024.
WARNING:absl:SaveArgs.aggregate is deprecated, please use custom TypeHandler (https://orbax.readthedocs.io/en/latest/custom_handlers.html#typehandler) or contact Orbax team to migrate before May 1st, 2024.
Logging update: 4750
[19/120] solve_rate/mean=0.213 sps=1154613 eta=0.95h
Logging update: 5000
[20/120] solve_rate/mean=0.250 sps=1238753 eta=0.92h
Logging update: 5250
[21/120] solve_rate/mean=0.238 sps=1285614 eta=0.92h
Logging update: 5500
[22/120] solve_rate/mean=0.238 sps=1341203 eta=0.91h
Logging update: 5750
[23/120] solve_rate/mean=0.238 sps=1403687 eta=0.90h
Logging update: 6000
[24/120] solve_rate/mean=0.225 sps=1465366 eta=0.89h
Logging update: 6250
[25/120] solve_rate/mean=0.288 sps=1520944 eta=0.89h
Logging update: 6500
[26/120] solve_rate/mean=0.300 sps=1601865 eta=0.87h
Logging update: 6750
[27/120] solve_rate/mean=0.225 sps=1661303 eta=0.86h
Logging update: 7000
[28/120] solve_rate/mean=0.350 sps=1735384 eta=0.84h
Logging update: 7250
[29/120] solve_rate/mean=0.238 sps=1775507 eta=0.85h
Logging update: 7500
[30/120] solve_rate/mean=0.425 sps=1894805 eta=0.81h
Logging update: 7750
[31/120] solve_rate/mean=0.262 sps=1856309 eta=0.85h
Logging update: 8000
[32/120] solve_rate/mean=0.538 sps=1924466 eta=0.83h
Logging update: 8250
[33/120] solve_rate/mean=0.425 sps=2003563 eta=0.82h
Logging update: 8500
[34/120] solve_rate/mean=0.487 sps=2060147 eta=0.81h
Logging update: 8750
[35/120] solve_rate/mean=0.725 sps=2106758 eta=0.80h
WARNING:absl:SaveArgs.aggregate is deprecated, please use custom TypeHandler (https://orbax.readthedocs.io/en/latest/custom_handlers.html#typehandler) or contact Orbax team to migrate before May 1st, 2024.
WARNING:absl:SaveArgs.aggregate is deprecated, please use custom TypeHandler (https://orbax.readthedocs.io/en/latest/custom_handlers.html#typehandler) or contact Orbax team to migrate before May 1st, 2024.
Logging update: 9000
[36/120] solve_rate/mean=0.538 sps=2244628 eta=0.77h
Logging update: 9250
[37/120] solve_rate/mean=0.725 sps=2258153 eta=0.77h
Logging update: 9500
[38/120] solve_rate/mean=0.763 sps=2322126 eta=0.76h
Logging update: 9750
[39/120] solve_rate/mean=0.600 sps=2374473 eta=0.76h
Logging update: 10000
[40/120] solve_rate/mean=0.575 sps=2389297 eta=0.76h
Logging update: 10250
[41/120] solve_rate/mean=0.800 sps=2562488 eta=0.72h
Logging update: 10500
[42/120] solve_rate/mean=0.550 sps=2594620 eta=0.72h
Logging update: 10750
[43/120] solve_rate/mean=0.400 sps=2667005 eta=0.71h
Logging update: 11000
[44/120] solve_rate/mean=0.587 sps=2687156 eta=0.71h
Logging update: 11250
[45/120] solve_rate/mean=0.650 sps=2739764 eta=0.70h
Logging update: 11500
[46/120] solve_rate/mean=0.650 sps=2745753 eta=0.71h
Logging update: 11750
[47/120] solve_rate/mean=0.513 sps=2796225 eta=0.70h
Logging update: 12000
[48/120] solve_rate/mean=0.463 sps=2868173 eta=0.69h
Logging update: 12250
[49/120] solve_rate/mean=0.587 sps=3047342 eta=0.65h
Logging update: 12500
[50/120] solve_rate/mean=0.850 sps=3050151 eta=0.65h
Logging update: 12750
[51/120] solve_rate/mean=0.650 sps=3134561 eta=0.64h
Logging update: 13000
[52/120] solve_rate/mean=0.613 sps=3226259 eta=0.62h
WARNING:absl:SaveArgs.aggregate is deprecated, please use custom TypeHandler (https://orbax.readthedocs.io/en/latest/custom_handlers.html#typehandler) or contact Orbax team to migrate before May 1st, 2024.
WARNING:absl:SaveArgs.aggregate is deprecated, please use custom TypeHandler (https://orbax.readthedocs.io/en/latest/custom_handlers.html#typehandler) or contact Orbax team to migrate before May 1st, 2024.
Logging update: 13250
[53/120] solve_rate/mean=0.788 sps=3284743 eta=0.62h
Logging update: 13500
[54/120] solve_rate/mean=0.450 sps=3388524 eta=0.60h
Logging update: 13750
[55/120] solve_rate/mean=0.663 sps=3445392 eta=0.59h
Logging update: 14000
[56/120] solve_rate/mean=0.825 sps=3388024 eta=0.60h
Logging update: 14250
[57/120] solve_rate/mean=0.688 sps=3445015 eta=0.59h
Logging update: 14500
[58/120] solve_rate/mean=0.538 sps=3513510 eta=0.58h
Logging update: 14750
[59/120] solve_rate/mean=0.688 sps=3599559 eta=0.57h
Logging update: 15000
[60/120] solve_rate/mean=0.663 sps=3650453 eta=0.56h
Logging update: 15250
[61/120] solve_rate/mean=0.638 sps=3802314 eta=0.54h
Logging update: 15500
[62/120] solve_rate/mean=0.688 sps=3917781 eta=0.52h
Logging update: 15750
[63/120] solve_rate/mean=0.763 sps=3954734 eta=0.52h
Logging update: 16000
[64/120] solve_rate/mean=0.775 sps=3960652 eta=0.51h
Logging update: 16250
[65/120] solve_rate/mean=0.763 sps=4023150 eta=0.51h
Logging update: 16500
[66/120] solve_rate/mean=0.700 sps=3979122 eta=0.51h
Logging update: 16750
[67/120] solve_rate/mean=0.650 sps=4034520 eta=0.50h
Logging update: 17000
[68/120] solve_rate/mean=0.725 sps=4161515 eta=0.48h
Logging update: 17250
[69/120] solve_rate/mean=0.613 sps=4160835 eta=0.48h
WARNING:absl:SaveArgs.aggregate is deprecated, please use custom TypeHandler (https://orbax.readthedocs.io/en/latest/custom_handlers.html#typehandler) or contact Orbax team to migrate before May 1st, 2024.
WARNING:absl:SaveArgs.aggregate is deprecated, please use custom TypeHandler (https://orbax.readthedocs.io/en/latest/custom_handlers.html#typehandler) or contact Orbax team to migrate before May 1st, 2024.
Logging update: 17500
[70/120] solve_rate/mean=0.725 sps=4268078 eta=0.47h
Logging update: 17750
[71/120] solve_rate/mean=0.750 sps=4253910 eta=0.47h
Logging update: 18000
[72/120] solve_rate/mean=0.750 sps=4377277 eta=0.45h
Logging update: 18250
[73/120] solve_rate/mean=0.750 sps=4484205 eta=0.44h
Logging update: 18500
[74/120] solve_rate/mean=0.638 sps=4465408 eta=0.43h
Logging update: 18750
[75/120] solve_rate/mean=0.613 sps=4552857 eta=0.42h
Logging update: 19000
[76/120] solve_rate/mean=0.775 sps=4750282 eta=0.40h
Logging update: 19250
[77/120] solve_rate/mean=0.575 sps=4672850 eta=0.40h
Logging update: 19500
[78/120] solve_rate/mean=0.562 sps=4788381 eta=0.39h
Logging update: 19750
[79/120] solve_rate/mean=0.738 sps=4794527 eta=0.38h
Logging update: 20000
[80/120] solve_rate/mean=0.613 sps=4933856 eta=0.37h
Logging update: 20250
[81/120] solve_rate/mean=0.725 sps=5128798 eta=0.35h
Logging update: 20500
[82/120] solve_rate/mean=0.775 sps=5134080 eta=0.35h
Logging update: 20750
[83/120] solve_rate/mean=0.788 sps=5176174 eta=0.34h
Logging update: 21000
[84/120] solve_rate/mean=0.713 sps=5096858 eta=0.34h
Logging update: 21250
[85/120] solve_rate/mean=0.600 sps=5104056 eta=0.33h
Logging update: 21500
[86/120] solve_rate/mean=0.637 sps=5189036 eta=0.32h
WARNING:absl:SaveArgs.aggregate is deprecated, please use custom TypeHandler (https://orbax.readthedocs.io/en/latest/custom_handlers.html#typehandler) or contact Orbax team to migrate before May 1st, 2024.
WARNING:absl:SaveArgs.aggregate is deprecated, please use custom TypeHandler (https://orbax.readthedocs.io/en/latest/custom_handlers.html#typehandler) or contact Orbax team to migrate before May 1st, 2024.
Logging update: 21750
[87/120] solve_rate/mean=0.675 sps=5358673 eta=0.30h
Logging update: 22000
[88/120] solve_rate/mean=0.837 sps=5324440 eta=0.30h
Logging update: 22250
[89/120] solve_rate/mean=0.550 sps=5402026 eta=0.29h
Logging update: 22500
[90/120] solve_rate/mean=0.900 sps=5474192 eta=0.28h
Logging update: 22750
[91/120] solve_rate/mean=0.625 sps=5617568 eta=0.27h
Logging update: 23000
[92/120] solve_rate/mean=0.788 sps=5704379 eta=0.26h
Logging update: 23250
[93/120] solve_rate/mean=0.750 sps=5677811 eta=0.25h
Logging update: 23500
[94/120] solve_rate/mean=0.775 sps=5839134 eta=0.24h
Logging update: 23750
[95/120] solve_rate/mean=0.562 sps=5799699 eta=0.23h
Logging update: 24000
[96/120] solve_rate/mean=0.613 sps=5758918 eta=0.23h
Logging update: 24250
[97/120] solve_rate/mean=0.613 sps=5782073 eta=0.22h
Logging update: 24500
[98/120] solve_rate/mean=0.775 sps=6100175 eta=0.20h
Logging update: 24750
[99/120] solve_rate/mean=0.575 sps=6180835 eta=0.19h
Logging update: 25000
[100/120] solve_rate/mean=0.538 sps=6279625 eta=0.18h
