
=== 2026-08-24 06:08:27 launching: /workspace/venvs/jaxued/bin/python -m tlab_ued.train --project tlab-ued --run_name sfl_oracle_learnability_level_bfs --seed 1 --mode train --checkpoint_to_eval -1 --checkpoint_save_interval 17 --max_number_of_checkpoints 60 --eval_freq 250 --eval_num_attempts 10 --eval_levels SixteenRooms SixteenRooms2 Labyrinth LabyrinthFlipped Labyrinth2 StandardMaze StandardMaze2 StandardMaze3 --lr 0.0001 --max_grad_norm 0.5 --num_updates 30000 --num_steps 256 --num_train_envs 32 --num_minibatches 1 --gamma 0.995 --epoch_ppo 5 --clip_eps 0.2 --gae_lambda 0.98 --entropy_coeff 0.001 --critic_coeff 0.5 --agent_view_size 5 --score_function learnability --no-exploratory_grad_updates --level_buffer_capacity 4000 --replay_prob 1.0 --staleness_coeff 0.3 --temperature 0.3 --topk_k 4 --minimum_fill_ratio 0.5 --prioritization rank --buffer_duplicate_check --use_accel --num_edits 5 --n_walls 25 --teacher sfl_oracle --level_generator minigrid_walls --level_mutator minimax --log_media levels --out_dir /workspace/tlab_ued --no-resume --diagnose_levels 1024 --diagnose_mutation_rounds 1 --no-allow_student_changes --sfl_num_attempts 4 --sfl_period 250 --sfl_num_levels 64 --sfl_topk 32 --sfl_p_decay 0.25 --oracle_features level_bfs --oracle_hidden 64 --oracle_lr 0.0003 --oracle_train_steps 2 --oracle_batch_size 256 --oracle_buffer_capacity 8192 --oracle_num_proposals 8192 --oracle_control_levels 16 --oracle_mutation_proposals 8 --oracle_rescore_buffer --oracle_verify --oracle_warmup_updates 1000

Levels from generator 'minigrid_walls' (n_walls=25)  (n=1024)
  solvable          99.5%   (goal unreachable 0.5%, needs >250 steps 0.0%)
  optimal steps   median 11  mean 11.6  p10 5  p90 18  max 31
  best return     0.958 mean over solvable levels
  difficulty      trivial<=10 43.9% | easy<=30 55.5% | medium<=60 0.1% | hard<=120 0.0% | brutal>120 0.0% | unsolvable 0.5%
  reachable area  99.5% of free cells   walls 23.3 (13.8% of the grid)
...after 1x mutator 'minimax' (5 edits)  (n=1024)
  solvable          99.6%   (goal unreachable 0.4%, needs >250 steps 0.0%)
  optimal steps   median 12  mean 11.8  p10 5  p90 19  max 30
  best return     0.957 mean over solvable levels
  difficulty      trivial<=10 42.2% | easy<=30 57.4% | medium<=60 0.0% | hard<=120 0.0% | brutal>120 0.0% | unsolvable 0.4%
  reachable area  99.5% of free cells   walls 24.5 (14.5% of the grid)

  env_steps                   245760000
  total_updates               30000
  reserved_updates            960
  expected_gradient_updates   14520.0
  expected_mutation_updates   14520.0
  expected_dr_updates         0.0
  sfl_phase_updates           8
  levels_scored_per_update    8
  attempts_per_level          4
  oracle_proposals_per_phase  8192
  oracle_verified_per_phase   64
  oracle_parameters           48065
wandb: Tracking run with wandb version 0.17.5
wandb: W&B syncing is set to `offline` in this directory.  
wandb: Run `wandb online` or set WANDB_MODE=online to enable cloud syncing.
Logging update: 250
[1/120] solve_rate/mean=0.000 sps=18468 eta=3.67h
WARNING:absl:SaveArgs.aggregate is deprecated, please use custom TypeHandler (https://orbax.readthedocs.io/en/latest/custom_handlers.html#typehandler) or contact Orbax team to migrate before May 1st, 2024.
WARNING:absl:SaveArgs.aggregate is deprecated, please use custom TypeHandler (https://orbax.readthedocs.io/en/latest/custom_handlers.html#typehandler) or contact Orbax team to migrate before May 1st, 2024.
Logging update: 500
[2/120] solve_rate/mean=0.000 sps=32363 eta=4.15h
Logging update: 750
[3/120] solve_rate/mean=0.025 sps=81630 eta=2.45h
Logging update: 1000
[4/120] solve_rate/mean=0.038 sps=106947 eta=2.47h
Logging update: 1250
[5/120] solve_rate/mean=0.062 sps=133822 eta=2.44h
Logging update: 1500
[6/120] solve_rate/mean=0.038 sps=159614 eta=2.44h
Logging update: 1750
[7/120] solve_rate/mean=0.025 sps=183881 eta=2.45h
Logging update: 2000
[8/120] solve_rate/mean=0.000 sps=219759 eta=2.32h
Logging update: 2250
[9/120] solve_rate/mean=0.075 sps=253571 eta=2.24h
Logging update: 2500
[10/120] solve_rate/mean=0.087 sps=269762 eta=2.32h
Logging update: 2750
[11/120] solve_rate/mean=0.062 sps=295796 eta=2.31h
Logging update: 3000
[12/120] solve_rate/mean=0.163 sps=324510 eta=2.27h
Logging update: 3250
[13/120] solve_rate/mean=0.163 sps=344705 eta=2.30h
Logging update: 3500
[14/120] solve_rate/mean=0.150 sps=375158 eta=2.25h
Logging update: 3750
[15/120] solve_rate/mean=0.225 sps=401407 eta=2.23h
Logging update: 4000
[16/120] solve_rate/mean=0.163 sps=431063 eta=2.20h
Logging update: 4250
[17/120] solve_rate/mean=0.250 sps=456488 eta=2.18h
Logging update: 4500
[18/120] solve_rate/mean=0.200 sps=482168 eta=2.17h
WARNING:absl:SaveArgs.aggregate is deprecated, please use custom TypeHandler (https://orbax.readthedocs.io/en/latest/custom_handlers.html#typehandler) or contact Orbax team to migrate before May 1st, 2024.
WARNING:absl:SaveArgs.aggregate is deprecated, please use custom TypeHandler (https://orbax.readthedocs.io/en/latest/custom_handlers.html#typehandler) or contact Orbax team to migrate before May 1st, 2024.
Logging update: 4750
[19/120] solve_rate/mean=0.188 sps=511627 eta=2.13h
Logging update: 5000
[20/120] solve_rate/mean=0.162 sps=532622 eta=2.14h
Logging update: 5250
[21/120] solve_rate/mean=0.413 sps=559974 eta=2.11h
Logging update: 5500
[22/120] solve_rate/mean=0.512 sps=588133 eta=2.09h
Logging update: 5750
[23/120] solve_rate/mean=0.450 sps=618150 eta=2.05h
Logging update: 6000
[24/120] solve_rate/mean=0.512 sps=639612 eta=2.05h
Logging update: 6250
[25/120] solve_rate/mean=0.413 sps=670198 eta=2.02h
Logging update: 6500
[26/120] solve_rate/mean=0.475 sps=692271 eta=2.01h
Logging update: 6750
[27/120] solve_rate/mean=0.788 sps=722060 eta=1.98h
Logging update: 7000
[28/120] solve_rate/mean=0.675 sps=747351 eta=1.96h
Logging update: 7250
[29/120] solve_rate/mean=0.750 sps=776689 eta=1.93h
Logging update: 7500
[30/120] solve_rate/mean=0.650 sps=801395 eta=1.92h
Logging update: 7750
[31/120] solve_rate/mean=0.625 sps=839506 eta=1.87h
Logging update: 8000
[32/120] solve_rate/mean=0.600 sps=848278 eta=1.89h
Logging update: 8250
[33/120] solve_rate/mean=0.762 sps=878795 eta=1.86h
Logging update: 8500
[34/120] solve_rate/mean=0.837 sps=898608 eta=1.85h
Logging update: 8750
[35/120] solve_rate/mean=0.675 sps=938319 eta=1.80h
WARNING:absl:SaveArgs.aggregate is deprecated, please use custom TypeHandler (https://orbax.readthedocs.io/en/latest/custom_handlers.html#typehandler) or contact Orbax team to migrate before May 1st, 2024.
WARNING:absl:SaveArgs.aggregate is deprecated, please use custom TypeHandler (https://orbax.readthedocs.io/en/latest/custom_handlers.html#typehandler) or contact Orbax team to migrate before May 1st, 2024.
Logging update: 9000
[36/120] solve_rate/mean=0.713 sps=957997 eta=1.80h
Logging update: 9250
[37/120] solve_rate/mean=0.850 sps=988645 eta=1.77h
Logging update: 9500
[38/120] solve_rate/mean=0.725 sps=1015969 eta=1.74h
Logging update: 9750
[39/120] solve_rate/mean=0.925 sps=1045722 eta=1.72h
Logging update: 10000
[40/120] solve_rate/mean=0.875 sps=1069619 eta=1.70h
Logging update: 10250
[41/120] solve_rate/mean=0.888 sps=1099506 eta=1.68h
Logging update: 10500
[42/120] solve_rate/mean=0.962 sps=1117461 eta=1.67h
Logging update: 10750
[43/120] solve_rate/mean=0.812 sps=1147542 eta=1.64h
Logging update: 11000
[44/120] solve_rate/mean=0.788 sps=1176550 eta=1.62h
Logging update: 11250
[45/120] solve_rate/mean=0.925 sps=1209739 eta=1.59h
Logging update: 11500
[46/120] solve_rate/mean=0.825 sps=1224327 eta=1.58h
Logging update: 11750
[47/120] solve_rate/mean=0.875 sps=1277178 eta=1.53h
Logging update: 12000
[48/120] solve_rate/mean=0.788 sps=1277425 eta=1.54h
Logging update: 12250
[49/120] solve_rate/mean=0.900 sps=1302375 eta=1.52h
Logging update: 12500
[50/120] solve_rate/mean=0.763 sps=1352419 eta=1.47h
Logging update: 12750
[51/120] solve_rate/mean=0.875 sps=1359830 eta=1.47h
Logging update: 13000
[52/120] solve_rate/mean=0.837 sps=1398505 eta=1.44h
WARNING:absl:SaveArgs.aggregate is deprecated, please use custom TypeHandler (https://orbax.readthedocs.io/en/latest/custom_handlers.html#typehandler) or contact Orbax team to migrate before May 1st, 2024.
WARNING:absl:SaveArgs.aggregate is deprecated, please use custom TypeHandler (https://orbax.readthedocs.io/en/latest/custom_handlers.html#typehandler) or contact Orbax team to migrate before May 1st, 2024.
Logging update: 13250
[53/120] solve_rate/mean=0.863 sps=1419070 eta=1.42h
Logging update: 13500
[54/120] solve_rate/mean=0.925 sps=1459259 eta=1.39h
Logging update: 13750
[55/120] solve_rate/mean=0.962 sps=1466658 eta=1.39h
Logging update: 14000
[56/120] solve_rate/mean=0.637 sps=1500521 eta=1.36h
Logging update: 14250
[57/120] solve_rate/mean=0.875 sps=1532913 eta=1.33h
Logging update: 14500
[58/120] solve_rate/mean=0.863 sps=1555392 eta=1.32h
Logging update: 14750
[59/120] solve_rate/mean=0.913 sps=1585832 eta=1.29h
Logging update: 15000
[60/120] solve_rate/mean=0.925 sps=1617717 eta=1.27h
Logging update: 15250
[61/120] solve_rate/mean=0.825 sps=1631959 eta=1.25h
Logging update: 15500
[62/120] solve_rate/mean=0.913 sps=1662566 eta=1.23h
Logging update: 15750
[63/120] solve_rate/mean=0.938 sps=1682556 eta=1.21h
Logging update: 16000
[64/120] solve_rate/mean=0.975 sps=1709884 eta=1.19h
Logging update: 16250
[65/120] solve_rate/mean=0.788 sps=1774313 eta=1.15h
Logging update: 16500
[66/120] solve_rate/mean=0.837 sps=1769940 eta=1.15h
Logging update: 16750
[67/120] solve_rate/mean=0.938 sps=1791705 eta=1.13h
Logging update: 17000
[68/120] solve_rate/mean=0.850 sps=1823169 eta=1.10h
Logging update: 17250
[69/120] solve_rate/mean=0.688 sps=1837836 eta=1.09h
WARNING:absl:SaveArgs.aggregate is deprecated, please use custom TypeHandler (https://orbax.readthedocs.io/en/latest/custom_handlers.html#typehandler) or contact Orbax team to migrate before May 1st, 2024.
WARNING:absl:SaveArgs.aggregate is deprecated, please use custom TypeHandler (https://orbax.readthedocs.io/en/latest/custom_handlers.html#typehandler) or contact Orbax team to migrate before May 1st, 2024.
Logging update: 17500
[70/120] solve_rate/mean=0.950 sps=1886080 eta=1.06h
Logging update: 17750
[71/120] solve_rate/mean=0.875 sps=1865595 eta=1.06h
Logging update: 18000
[72/120] solve_rate/mean=0.900 sps=1910257 eta=1.03h
Logging update: 18250
[73/120] solve_rate/mean=0.875 sps=1949990 eta=1.00h
Logging update: 18500
[74/120] solve_rate/mean=0.863 sps=1977751 eta=0.98h
Logging update: 18750
[75/120] solve_rate/mean=0.950 sps=1998238 eta=0.96h
Logging update: 19000
[76/120] solve_rate/mean=0.988 sps=2026291 eta=0.94h
Logging update: 19250
[77/120] solve_rate/mean=0.962 sps=2042841 eta=0.92h
Logging update: 19500
[78/120] solve_rate/mean=0.975 sps=2063680 eta=0.90h
Logging update: 19750
[79/120] solve_rate/mean=0.875 sps=2095865 eta=0.88h
Logging update: 20000
[80/120] solve_rate/mean=0.775 sps=2146600 eta=0.85h
Logging update: 20250
[81/120] solve_rate/mean=0.875 sps=2172269 eta=0.83h
Logging update: 20500
[82/120] solve_rate/mean=0.875 sps=2201283 eta=0.81h
Logging update: 20750
[83/120] solve_rate/mean=0.725 sps=2220313 eta=0.79h
Logging update: 21000
[84/120] solve_rate/mean=0.538 sps=2258991 eta=0.76h
Logging update: 21250
[85/120] solve_rate/mean=0.700 sps=2275326 eta=0.74h
Logging update: 21500
[86/120] solve_rate/mean=0.663 sps=2305881 eta=0.72h
WARNING:absl:SaveArgs.aggregate is deprecated, please use custom TypeHandler (https://orbax.readthedocs.io/en/latest/custom_handlers.html#typehandler) or contact Orbax team to migrate before May 1st, 2024.
WARNING:absl:SaveArgs.aggregate is deprecated, please use custom TypeHandler (https://orbax.readthedocs.io/en/latest/custom_handlers.html#typehandler) or contact Orbax team to migrate before May 1st, 2024.
Logging update: 21750
[87/120] solve_rate/mean=0.825 sps=2326656 eta=0.70h
Logging update: 22000
[88/120] solve_rate/mean=0.900 sps=2350347 eta=0.68h
Logging update: 22250
[89/120] solve_rate/mean=0.850 sps=2385518 eta=0.66h
Logging update: 22500
[90/120] solve_rate/mean=0.988 sps=2418985 eta=0.63h
Logging update: 22750
[91/120] solve_rate/mean=0.663 sps=2436728 eta=0.62h
Logging update: 23000
[92/120] solve_rate/mean=0.688 sps=2457182 eta=0.60h
Logging update: 23250
[93/120] solve_rate/mean=0.650 sps=2481453 eta=0.58h
Logging update: 23500
[94/120] solve_rate/mean=0.400 sps=2508247 eta=0.55h
Logging update: 23750
[95/120] solve_rate/mean=0.613 sps=2515728 eta=0.54h
Logging update: 24000
[96/120] solve_rate/mean=0.625 sps=2548432 eta=0.51h
Logging update: 24250
[97/120] solve_rate/mean=0.688 sps=2587351 eta=0.49h
Logging update: 24500
[98/120] solve_rate/mean=0.775 sps=2628027 eta=0.47h
Logging update: 24750
[99/120] solve_rate/mean=0.638 sps=2646786 eta=0.45h
Logging update: 25000
[100/120] solve_rate/mean=0.663 sps=2655254 eta=0.43h
Logging update: 25250
[101/120] solve_rate/mean=0.800 sps=2685017 eta=0.41h
Logging update: 25500
[102/120] solve_rate/mean=0.950 sps=2728797 eta=0.38h
Logging update: 25750
[103/120] solve_rate/mean=0.863 sps=2755986 eta=0.36h
WARNING:absl:SaveArgs.aggregate is deprecated, please use custom TypeHandler (https://orbax.readthedocs.io/en/latest/custom_handlers.html#typehandler) or contact Orbax team to migrate before May 1st, 2024.
WARNING:absl:SaveArgs.aggregate is deprecated, please use custom TypeHandler (https://orbax.readthedocs.io/en/latest/custom_handlers.html#typehandler) or contact Orbax team to migrate before May 1st, 2024.
Logging update: 26000
[104/120] solve_rate/mean=0.650 sps=2774448 eta=0.34h
Logging update: 26250
[105/120] solve_rate/mean=0.725 sps=2800652 eta=0.32h
Logging update: 26500
[106/120] solve_rate/mean=0.562 sps=2823350 eta=0.30h
Logging update: 26750
[107/120] solve_rate/mean=0.575 sps=2851313 eta=0.28h
Logging update: 27000
[108/120] solve_rate/mean=0.613 sps=2891902 eta=0.25h
Logging update: 27250
[109/120] solve_rate/mean=0.613 sps=2933750 eta=0.23h
Logging update: 27500
[110/120] solve_rate/mean=0.712 sps=2940198 eta=0.21h
Logging update: 27750
[111/120] solve_rate/mean=0.725 sps=2962947 eta=0.19h
Logging update: 28000
[112/120] solve_rate/mean=0.575 sps=3070387 eta=0.17h
Logging update: 28250
[113/120] solve_rate/mean=0.587 sps=3193987 eta=0.14h
Logging update: 28500
[114/120] solve_rate/mean=0.500 sps=3261512 eta=0.12h
Logging update: 28750
[115/120] solve_rate/mean=0.712 sps=3260990 eta=0.10h
Logging update: 29000
[116/120] solve_rate/mean=0.863 sps=3269129 eta=0.08h
Logging update: 29250
[117/120] solve_rate/mean=0.675 sps=3598275 eta=0.06h
Logging update: 29500
[118/120] solve_rate/mean=0.688 sps=4171312 eta=0.03h
Logging update: 29750
[119/120] solve_rate/mean=1.000 sps=4572842 eta=0.01h
Logging update: 30000
[120/120] solve_rate/mean=0.913 sps=5232805 eta=0.00h
WARNING:absl:SaveArgs.aggregate is deprecated, please use custom TypeHandler (https://orbax.readthedocs.io/en/latest/custom_handlers.html#typehandler) or contact Orbax team to migrate before May 1st, 2024.
WARNING:absl:SaveArgs.aggregate is deprecated, please use custom TypeHandler (https://orbax.readthedocs.io/en/latest/custom_handlers.html#typehandler) or contact Orbax team to migrate before May 1st, 2024.
wandb: - 0.000 MB of 0.000 MB uploadedwandb:                                                                                
wandb: 
wandb: Run history:
wandb:              agent/actor_loss █▃▅▃▂▂▂▂▁▂▁▂▁▁▂▁▂▂▁▃▂▂▂▂▂▂▃▃▂▃▂▃▃▃▃▃▃▃▃▃
wandb:             agent/critic_loss ▁▆███▇▇█████▇██▇█▇████▇█▇█▇▇▇▇▇▇▇█▇▇▇▇▇▇
wandb:                 agent/entropy █▃▂▂▂▁▁▁▁▁▁▁▁▁▁▁▁▁▁▁▁▁▁▁▁▁▁▁▁▁▁▁▁▁▁▁▁▁▁▁
wandb:                    agent/loss ▁▆███▇▇█████▇████▇████▇█▇██▇▇▇██▇█▇▇██▇▇
wandb:         branch/num_dr_updates ▁▁▁▁▁▁▁▁▁▁▁▁▁▁▁▁▁▁▁▁▁▁▁▁▁▁▁▁▁▁▁▁▁▁▁▁▁▁▁▁
wandb:   branch/num_mutation_updates ▁▁▁▂▂▂▂▂▂▃▃▃▃▃▃▄▄▄▄▄▅▅▅▅▅▅▆▆▆▆▆▇▇▇▇▇▇███
wandb:     branch/num_oracle_inserts ▁▁▁▂▂▂▂▂▂▃▃▃▃▃▃▄▄▄▄▄▅▅▅▅▅▅▆▆▆▆▆▇▇▇▇▇▇███
wandb:     branch/num_replay_updates ▁▁▁▂▂▂▂▂▂▃▃▃▃▃▃▄▄▄▄▄▅▅▅▅▅▅▆▆▆▆▆▇▇▇▇▇▇███
wandb:        branch/num_sfl_updates ▁▁▁▂▂▂▂▂▂▃▃▃▃▃▃▄▄▄▄▄▅▅▅▅▅▅▆▆▆▆▆▇▇▇▇▇▇███
wandb:          eval_ep_lengths/mean ███▇▇▇█▆▆▄▅▃▂▂▂▅▅▂▁▂▂▂▃▂▂▁▄▅▅▂▄▄▃▂▄▄▃▅▂▁
wandb:         level/mean_num_blocks ▁▂▂▂▂▂▃▃▄▄▄▅▅▅▅▆▆▆▆▆▇▆▆▇▇▇▇█▇███████████
wandb:   level_sampler/episode_count ▁▁▁▂▂▂▂▂▂▃▃▃▃▃▃▄▄▄▄▄▅▅▅▅▅▅▆▆▆▆▆▇▇▇▇▇▇███
wandb:       level_sampler/max_score ██▇▇█▄██▇██████▇▆█▇██████▇█▇██▆████▇▆▁▇▄
wandb: level_sampler/mean_max_return ▁▄▆▇███████████▇▇▇▇▇▇▇▇▇▇▇▇▇▇▇▇▇▇▇▇▇▇▇▇▇
wandb:          level_sampler/mean_p ▁▂▄▅▆▆▇▇▇▇██████████████████████████████
wandb:      level_sampler/mean_score ▁█▅▄▃▂▂▂▂▂▂▂▂▂▂▂▂▂▂▂▂▂▂▂▁▁▂▂▂▂▂▁▂▂▂▁▂▂▁▂
wandb:            level_sampler/size ▁███████████████████████████████████████
wandb:  level_sampler/weighted_score █▆▄▃▂▂▂▂▃▃▂▃▂▃▂▂▃▂▂▃▂▂▂▂▂▂▂▂▂▂▂▂▂▃▁▁▂▂▂▁
wandb:                 num_env_steps ▁▁▁▂▂▂▂▂▂▃▃▃▃▃▃▄▄▄▄▄▅▅▅▅▅▅▆▆▆▆▆▇▇▇▇▇▇███
wandb:                   num_updates ▁▁▁▂▂▂▂▂▂▃▃▃▃▃▃▄▄▄▄▄▅▅▅▅▅▅▆▆▆▆▆▇▇▇▇▇▇███
wandb:                   oracle/bias █▂▁▁▂▃▃▃▃▄▃▃▃▃▃▄▃▃▃▄▃▃▄▄▄▄▄▃▄▃▃▄▄▄▄▄▃▄▃▂
wandb:                  oracle/brier █▇▆▇▅▄▂▂▂▂▂▂▃▃▁▂▂▂▁▂▂▁▂▂▂▁▃▁▁▁▂▁▁▁▁▁▁▁▁▄
wandb:          oracle/buffer_mean_p ▁▄████████████████▇█████████████████████
wandb:          oracle/control_brier █▇▃▂▁▂▁▁▁▂▁▁▁▁▁▁▃▁▁▁▁▂▁▁▁▁▃▁▁▁▁▁▁▁▁▁▁▁▁▁
wandb:   oracle/control_learnability ▃█▂▄▁▂▁▃▁▂▁▁▁▁▁▁▂▁▁▁▂▂▂▁▁▁▂▁▁▁▁▁▁▁▂▂▁▁▁▁
wandb:      oracle/control_rank_corr █▁▃▅▇▆▅▂▄▄▅▅▅▂▃▃▆▃▄▄▄▆▆▅▃▃▅▄▄▄▄▃▅▇▅▆▆▇▆█
wandb:                   oracle/loss ▃█▅▃▄▃▄▃▅▅▄▄▄▂▅▂▄▄▃▄▃▂▃▂▂▃▄▂▃▂▂▃▂▂▂▁▃▃▂▂
wandb:           oracle/observations ▁███████████████████████████████████████
wandb: oracle/predicted_learnability █▇▇▆▆▅▄▄▃▃▃▃▄▄▃▃▃▃▂▂▂▂▂▂▂▂▂▂▁▂▃▁▁▁▁▂▂▂▂▅
wandb:              oracle/rank_corr █▄▃▁▄▄▄▃▂▄▃▂▃▃▃▄▃▃▃▅▂▂▃▃▅▄▄▃▃▃▃▃▃▄▄▄▄▃▂▃
wandb:  oracle/selected_learnability ▅█▅▃▄▂▂▃▁▃▁▂▁▂▁▂▁▁▁▁▁▂▂▁▁▁▁▂▁▁▁▁▂▁▁▁▁▁▁▂
wandb:         oracle/selection_gain ▃▂█▂▆▃▃▂▂▄▂▂▂▃▁▃▁▁▂▁▂▂▂▂▁▂▂▂▁▁▁▁▂▂▁▁▁▂▁▂
wandb:              return/Labyrinth ▁▁▁▁▁▁▁▁▁▄▆▇█▆▇▆▆▇█▅█▇▇██▇▆██▇▆▄██▆▆▅▅▅█
wandb:             return/Labyrinth2 ▁▁▁▁▂▁▁▆▃█████▇▇▇▇█▄██▅▇▇█▆▂▅▆▁▁▄▁▁▂▂▁▁█
wandb:       return/LabyrinthFlipped ▁▁▁▁▁▁▄▅▃▇██▇▇█▅▅▆▆▇▃▇▅████▄▃█▆▁▆▇▆▁▂▁█▇
wandb:           return/SixteenRooms ▁▂▂▄▃▄▄▃▅▇▂▅▅▅▅▆▆▅▆▄▆▆▄▇▃▅▄▇▃▅▇▄▁▇▇▆█▆▇█
wandb:          return/SixteenRooms2 ▁▁▁▁▁▃▁▁▂▃▁▄▄▄▅▄▃▄▅▇▄▂▇▅▇▇▁▅▅▅▂█▇█▃█▆▇██
wandb:           return/StandardMaze ▁▁▁▁▁▂▂█▅▃▄▃▅▅▃▅▇▇█▅▇▇▄▄▅▄▄▅▄▅██▆▆▄▄▄▄▄▄
wandb:          return/StandardMaze2 ▁▁▁▁▁▁▂▁▁▁▁▄▅▅▃▃▆▁▇▇▆▃▅▃▅█▇▃▁▂▄▄▅██▁▅▅▇▃
wandb:          return/StandardMaze3 ▁▁▁▁▁▁▁▆▄▇▅█▃▅█▄▅▇▆▅▆▇▅███▆▃▃▆▇▂▅▃▁▅▄▁██
wandb:                   return/mean ▁▁▁▂▂▂▂▄▄▆▅▇▆▆▇▆▇▆█▆▇▇▆▇▇█▆▅▅▆▆▅▆▇▅▅▆▅▇█
wandb:   sfl/population_learnability ▄█▄▃▃▂▂▃▁▃▁▁▁▂▁▂▁▁▁▁▁▂▂▁▁▁▁▂▁▁▁▁▁▁▁▁▁▁▁▁
wandb:         sfl/topk_learnability ▅█▅▄▄▃▂▃▁▃▁▂▁▂▁▂▁▁▁▁▂▂▂▁▁▁▂▂▁▁▁▁▂▁▁▁▁▁▁▂
wandb:          solve_rate/Labyrinth ▁▁▁▁▁▁▁▁▁▅███▇█▇███▆█▇▇████████▇███▇▆▇▇█
wandb:         solve_rate/Labyrinth2 ▁▁▁▁▄▂▁▇▃█████▇████▆██▇▇▇█▇▂▇█▁▁▄▁▁▂▂▁▁█
wandb:   solve_rate/LabyrinthFlipped ▁▁▁▁▁▁▅▆▅███████▇▇█▇▅█▆████▅▅█▆▁▇█▇▁▄▁██
wandb:       solve_rate/SixteenRooms ▁▃▂▆▅▆▅▅▇█▂▆▇▆▆█▇█▇▇▇▇▆█▅▆▄█▆▇██▁▇█▇████
wandb:      solve_rate/SixteenRooms2 ▁▁▁▁▂▄▁▁▄▃▁▅▇▇▇▇▅▇▇█▇▃█▇██▁▇▆▇▅███▃█▇███
wandb:       solve_rate/StandardMaze ▁▁▁▁▂▂▂█▅▅▇▆▇▇▇████▇████▇███▅██████▇████
wandb:      solve_rate/StandardMaze2 ▁▁▁▁▂▁▂▂▁▁▁▆▅▇▃▃▇▁██▇▃▆▃▆██▆▂▂▄▅███▁▇▇█▃
wandb:      solve_rate/StandardMaze3 ▁▁▁▁▁▁▁▇▆███▅▇█▅███▇██▇███▇▅▇█▇▅█▅▂▇▆▂██
wandb:               solve_rate/mean ▁▁▁▂▂▂▂▅▄▆▆▇▇▇▇▇█▇█▇█▇▇▇▇█▇▆▆▇▆▅▇▇▆▅▆▅▇█
wandb:                           sps ▁▁▁▁▁▂▂▂▂▂▂▂▂▂▃▃▃▃▃▃▃▃▃▃▄▄▄▄▄▄▄▄▅▅▅▅▅▅▅█
wandb:              steps_per_second ▁▃▃▃▃▃▃▃▃▃▃▃▃▃▃▃▃▃▃▃▃▃▃▃▃▃▃▃▃▃▃▃▃▃▃▃▃▄▄█
wandb:                    time_delta █▄▄▄▄▄▄▄▄▄▄▄▄▄▄▄▄▄▄▄▄▄▄▄▄▄▄▄▄▄▄▄▄▄▄▄▄▄▄▁
wandb:            train/learnability ▁█▇▇▆▆▆▆▆▆▅▅▅▅▅▅▅▅▅▅▅▅▅▅▅▅▄▄▅▄▄▅▄▄▄▄▄▄▄▄
wandb:            train/success_rate ▁▅▆▇▇▇▇▇▇▇█▇▇▇▇▇▇▇▇▇▇▇█████████▇████████
wandb: 
wandb: Run summary:
wandb:              agent/actor_loss -0.00032
wandb:             agent/critic_loss 0.01215
wandb:                 agent/entropy 0.02109
wandb:                    agent/loss 0.00574
wandb:         branch/num_dr_updates 242
wandb:   branch/num_mutation_updates 14399
wandb:     branch/num_oracle_inserts 120
wandb:     branch/num_replay_updates 14399
wandb:        branch/num_sfl_updates 960
wandb:          eval_ep_lengths/mean 135.375
wandb:         level/mean_num_blocks 52.64238
wandb:   level_sampler/episode_count 581736
wandb:       level_sampler/max_score 0.2439
wandb: level_sampler/mean_max_return 0.77743
wandb:          level_sampler/mean_p 0.86522
wandb:      level_sampler/mean_score 0.06651
wandb:            level_sampler/size 4000
wandb:  level_sampler/weighted_score 0.18603
wandb:                 num_env_steps 245760000
wandb:                   num_updates 30000
wandb:                   oracle/bias -0.21725
wandb:                  oracle/brier 0.07986
wandb:          oracle/buffer_mean_p 0.91005
wandb:          oracle/control_brier 1e-05
wandb:   oracle/control_learnability 0.0
wandb:      oracle/control_rank_corr 0.59412
wandb:                   oracle/loss 0.32441
wandb:           oracle/observations 8192
wandb: oracle/predicted_learnability 0.15395
wandb:              oracle/rank_corr -0.01566
wandb:  oracle/selected_learnability 0.01172
wandb:         oracle/selection_gain 1.0
wandb:              return/Labyrinth 0.5212
wandb:             return/Labyrinth2 0.5428
wandb:       return/LabyrinthFlipped 0.50248
wandb:           return/SixteenRooms 0.79696
wandb:          return/SixteenRooms2 0.7264
wandb:           return/StandardMaze 0.2512
wandb:          return/StandardMaze2 0.15204
wandb:          return/StandardMaze3 0.6904
wandb:                   return/mean 0.52293
wandb:   sfl/population_learnability 0.00879
wandb:         sfl/topk_learnability 0.01758
wandb:          solve_rate/Labyrinth 1.0
wandb:         solve_rate/Labyrinth2 1.0
wandb:   solve_rate/LabyrinthFlipped 1.0
wandb:       solve_rate/SixteenRooms 1.0
wandb:      solve_rate/SixteenRooms2 1.0
wandb:       solve_rate/StandardMaze 1.0
wandb:      solve_rate/StandardMaze2 0.3
wandb:      solve_rate/StandardMaze3 1.0
wandb:               solve_rate/mean 0.9125
wandb:                           sps 5232805.29015
wandb:              steps_per_second 43606.71075
wandb:                    time_delta 46.96525
wandb:            train/learnability 0.10354
wandb:            train/success_rate 0.77767
wandb: 
wandb: You can sync this run to the cloud by running:
wandb: wandb sync /workspace/tlab_ued/runs/sfl_oracle_learnability_level_bfs/1/wandb/offline-run-20260824_060924-p3kmtz9z
wandb: Find logs at: /workspace/tlab_ued/runs/sfl_oracle_learnability_level_bfs/1/wandb/offline-run-20260824_060924-p3kmtz9z/logs
wandb: WARNING The new W&B backend becomes opt-out in version 0.18.0; try it out with `wandb.require("core")`! See https://wandb.me/wandb-core for more information.
