
=== 2026-09-15 15:07:04 launching: /workspace/venvs/jaxued/bin/python -m tlab_ued.train --project tlab-ued --run_name sfl_oracle_learnability_level_noverify --seed 2 --mode train --checkpoint_to_eval -1 --checkpoint_save_interval 17 --max_number_of_checkpoints 60 --eval_freq 250 --eval_num_attempts 10 --eval_levels SixteenRooms SixteenRooms2 Labyrinth LabyrinthFlipped Labyrinth2 StandardMaze StandardMaze2 StandardMaze3 --lr 0.0001 --max_grad_norm 0.5 --num_updates 30000 --num_steps 256 --num_train_envs 32 --num_minibatches 1 --gamma 0.995 --epoch_ppo 5 --clip_eps 0.2 --gae_lambda 0.98 --entropy_coeff 0.001 --critic_coeff 0.5 --agent_view_size 5 --score_function learnability --no-exploratory_grad_updates --level_buffer_capacity 4000 --replay_prob 1.0 --staleness_coeff 0.3 --temperature 0.3 --topk_k 4 --minimum_fill_ratio 0.5 --prioritization rank --buffer_duplicate_check --use_accel --num_edits 5 --n_walls 25 --teacher sfl_oracle --level_generator minigrid_walls --level_mutator minimax --log_media levels --out_dir /workspace/TLabUED --no-resume --diagnose_levels 1024 --diagnose_mutation_rounds 1 --no-ladder --ladder_proposals 8 --ladder_out  --no-allow_student_changes --sfl_num_attempts 4 --sfl_period 250 --sfl_num_levels 64 --sfl_topk 32 --sfl_p_decay 0.25 --oracle_features level --oracle_hidden 64 --oracle_lr 0.0003 --oracle_train_steps 2 --oracle_batch_size 256 --oracle_buffer_capacity 8192 --oracle_num_proposals 8192 --oracle_control_levels 16 --oracle_mutation_proposals 8 --oracle_rescore_buffer --no-oracle_verify --oracle_warmup_updates 1000

Levels from generator 'minigrid_walls' (n_walls=25)  (n=1024)
  solvable          99.3%   (goal unreachable 0.7%, needs >250 steps 0.0%)
  optimal steps   median 11  mean 11.2  p10 5  p90 18  max 26
  best return     0.960 mean over solvable levels
  difficulty      trivial<=10 46.5% | easy<=30 52.8% | medium<=60 0.0% | hard<=120 0.0% | brutal>120 0.0% | unsolvable 0.7%
  reachable area  99.2% of free cells   walls 23.3 (13.8% of the grid)
...after 1x mutator 'minimax' (5 edits)  (n=1024)
  solvable          99.2%   (goal unreachable 0.8%, needs >250 steps 0.0%)
  optimal steps   median 11  mean 11.5  p10 5  p90 19  max 28
  best return     0.959 mean over solvable levels
  difficulty      trivial<=10 45.1% | easy<=30 54.1% | medium<=60 0.0% | hard<=120 0.0% | brutal>120 0.0% | unsolvable 0.8%
  reachable area  98.9% of free cells   walls 24.5 (14.5% of the grid)

  env_steps                   245760000
  total_updates               30000
  reserved_updates            0
  expected_gradient_updates   15000.0
  expected_mutation_updates   15000.0
  expected_dr_updates         0.0
  sfl_phase_updates           1
  levels_scored_per_update    8
  attempts_per_level          4
  oracle_proposals_per_phase  8192
  oracle_verified_per_phase   0
  oracle_parameters           47809
wandb: Tracking run with wandb version 0.17.5
wandb: W&B syncing is set to `offline` in this directory.  
wandb: Run `wandb online` or set WANDB_MODE=online to enable cloud syncing.
Logging update: 250
[1/120] solve_rate/mean=0.000 sps=34925 eta=1.94h
WARNING:absl:SaveArgs.aggregate is deprecated, please use custom TypeHandler (https://orbax.readthedocs.io/en/latest/custom_handlers.html#typehandler) or contact Orbax team to migrate before May 1st, 2024.
WARNING:absl:SaveArgs.aggregate is deprecated, please use custom TypeHandler (https://orbax.readthedocs.io/en/latest/custom_handlers.html#typehandler) or contact Orbax team to migrate before May 1st, 2024.
Logging update: 500
[2/120] solve_rate/mean=0.000 sps=64186 eta=2.09h
Logging update: 750
[3/120] solve_rate/mean=0.000 sps=209118 eta=0.95h
Logging update: 1000
[4/120] solve_rate/mean=0.013 sps=276406 eta=0.95h
Logging update: 1250
[5/120] solve_rate/mean=0.025 sps=351799 eta=0.93h
Logging update: 1500
[6/120] solve_rate/mean=0.100 sps=429874 eta=0.91h
Logging update: 1750
[7/120] solve_rate/mean=0.175 sps=538410 eta=0.84h
Logging update: 2000
[8/120] solve_rate/mean=0.163 sps=668627 eta=0.76h
Logging update: 2250
[9/120] solve_rate/mean=0.150 sps=752018 eta=0.76h
Logging update: 2500
[10/120] solve_rate/mean=0.138 sps=828497 eta=0.76h
Logging update: 2750
[11/120] solve_rate/mean=0.175 sps=917783 eta=0.74h
Logging update: 3000
[12/120] solve_rate/mean=0.088 sps=1004460 eta=0.73h
Logging update: 3250
[13/120] solve_rate/mean=0.125 sps=1083941 eta=0.73h
Logging update: 3500
[14/120] solve_rate/mean=0.150 sps=1159920 eta=0.73h
Logging update: 3750
[15/120] solve_rate/mean=0.112 sps=1245613 eta=0.72h
Logging update: 4000
[16/120] solve_rate/mean=0.100 sps=1324558 eta=0.71h
Logging update: 4250
[17/120] solve_rate/mean=0.200 sps=1423423 eta=0.70h
Logging update: 4500
[18/120] solve_rate/mean=0.200 sps=1498064 eta=0.70h
WARNING:absl:SaveArgs.aggregate is deprecated, please use custom TypeHandler (https://orbax.readthedocs.io/en/latest/custom_handlers.html#typehandler) or contact Orbax team to migrate before May 1st, 2024.
WARNING:absl:SaveArgs.aggregate is deprecated, please use custom TypeHandler (https://orbax.readthedocs.io/en/latest/custom_handlers.html#typehandler) or contact Orbax team to migrate before May 1st, 2024.
Logging update: 4750
[19/120] solve_rate/mean=0.213 sps=1584821 eta=0.69h
Logging update: 5000
[20/120] solve_rate/mean=0.262 sps=1677409 eta=0.68h
Logging update: 5250
[21/120] solve_rate/mean=0.125 sps=1748008 eta=0.68h
Logging update: 5500
[22/120] solve_rate/mean=0.162 sps=1824600 eta=0.67h
Logging update: 5750
[23/120] solve_rate/mean=0.325 sps=1928253 eta=0.66h
Logging update: 6000
[24/120] solve_rate/mean=0.388 sps=2008919 eta=0.65h
Logging update: 6250
[25/120] solve_rate/mean=0.300 sps=2086877 eta=0.65h
Logging update: 6500
[26/120] solve_rate/mean=0.688 sps=2166990 eta=0.64h
Logging update: 6750
[27/120] solve_rate/mean=0.363 sps=2265793 eta=0.63h
Logging update: 7000
[28/120] solve_rate/mean=0.300 sps=2354995 eta=0.62h
Logging update: 7250
[29/120] solve_rate/mean=0.162 sps=2411497 eta=0.62h
Logging update: 7500
[30/120] solve_rate/mean=0.363 sps=2494922 eta=0.62h
Logging update: 7750
[31/120] solve_rate/mean=0.250 sps=2580000 eta=0.61h
Logging update: 8000
[32/120] solve_rate/mean=0.550 sps=2682426 eta=0.60h
Logging update: 8250
[33/120] solve_rate/mean=0.575 sps=2751090 eta=0.59h
