=== pod_entry 20260826T085728Z ===
user=root pwd=/ work=/workspace
pod=h7vuov4lif2f3j stop_after=pick max_hours=3
gh_token=set runpod_key=set
--- gpu ---
Wed Aug 26 08:57:28 2026       
+-----------------------------------------------------------------------------------------+
| NVIDIA-SMI 570.195.03             Driver Version: 570.195.03     CUDA Version: 12.8     |
|-----------------------------------------+------------------------+----------------------+
| GPU  Name                 Persistence-M | Bus-Id          Disp.A | Volatile Uncorr. ECC |
| Fan  Temp   Perf          Pwr:Usage/Cap |           Memory-Usage | GPU-Util  Compute M. |
|                                         |                        |               MIG M. |
|=========================================+========================+======================|
|   0  NVIDIA GeForce RTX 4090        On  |   00000000:C1:00.0 Off |                  Off |
|  0%   54C    P3             48W /  450W |       1MiB /  24564MiB |      0%      Default |
|                                         |                        |                  N/A |
+-----------------------------------------+------------------------+----------------------+
no nvidia-smi
--- disk ---
Filesystem      Size  Used Avail Use% Mounted on
overlay          60G   16M   60G   1% /
--- memory ---
               total        used        free      shared  buff/cache   available
Mem:             251          30          78           0         142         217
--- tools ---
  git: /usr/bin/git
  curl: /usr/bin/curl
  python3: /usr/bin/python3
  uv: MISSING
--- cloning ---
Cloning into '/workspace/TLabUED'...
repo at f93e5f4
--- heartbeat ---
