=== pod_entry 20260826T080011Z ===
user=root pwd=/ work=/workspace
pod=y897dy4iijqce9 stop_after=pick max_hours=3
gh_token=set runpod_key=set
--- gpu ---
Wed Aug 26 08:00:11 2026       
+-----------------------------------------------------------------------------------------+
| NVIDIA-SMI 580.159.04             Driver Version: 580.159.04     CUDA Version: 13.0     |
+-----------------------------------------+------------------------+----------------------+
| GPU  Name                 Persistence-M | Bus-Id          Disp.A | Volatile Uncorr. ECC |
| Fan  Temp   Perf          Pwr:Usage/Cap |           Memory-Usage | GPU-Util  Compute M. |
|                                         |                        |               MIG M. |
|=========================================+========================+======================|
|   0  NVIDIA GeForce RTX 4090        On  |   00000000:01:00.0 Off |                  Off |
|  0%   38C    P8             22W /  450W |       1MiB /  24564MiB |      0%      Default |
|                                         |                        |                  N/A |
+-----------------------------------------+------------------------+----------------------+
no nvidia-smi
--- disk ---
Filesystem      Size  Used Avail Use% Mounted on
overlay          60G   16M   60G   1% /
--- memory ---
               total        used        free      shared  buff/cache   available
Mem:             503          53         244           1         206         444
--- tools ---
  git: /usr/bin/git
  curl: /usr/bin/curl
  python3: /usr/bin/python3
  uv: MISSING
--- cloning ---
Cloning into '/workspace/TLabUED'...
repo at 079fbc8
--- heartbeat ---
publish: pushed
--- run_all ---
[08:00:20] === run_all starting (repo 9207eb6) ===
[08:00:20] stage preflight: start
[08:00:21] preflight ok (teardown=1, dry_run=0)
[08:00:21] stage preflight: done
[08:00:21]   watchdog armed: pod dies after 3h whatever happens
[08:00:21] stage bootstrap: start
repo:      /workspace/TLabUED
workspace: /workspace/TLabUED
venv:      /workspace/TLabUED/venvs/jaxued
Cloning into '/workspace/TLabUED/third_party/jaxued'...
jaxued @ 0f8f128
downloading uv 0.12.5 x86_64-unknown-linux-gnu
installing to /root/.local/bin
  uv
  uvx
everything's installed!

To add $HOME/.local/bin to your PATH, either restart your shell or run:

    source $HOME/.local/bin/env (sh, bash, zsh)
    source $HOME/.local/bin/env.fish (fish)
Using CPython 3.11.10 interpreter at: /usr/bin/python3.11
Creating virtual environment at: venvs/jaxued
Activate with: source venvs/jaxued/bin/activate
Using Python 3.11.10 environment at: venvs/jaxued
Resolved 83 packages in 1.14s
Downloading nvidia-nvjitlink-cu12 (20.1MiB)
Downloading jax (1.9MiB)
Downloading ml-dtypes (4.8MiB)
Downloading nvidia-cusparse-cu12 (197.8MiB)
Downloading pillow (6.6MiB)
Downloading nvidia-nccl-cu12 (326.3MiB)
Downloading tensorstore (20.6MiB)
Downloading nvidia-cuda-cupti-cu12 (13.2MiB)
Downloading pandas (10.8MiB)
Downloading tensorflow-probability (6.7MiB)
Downloading jaxlib (76.0MiB)
Downloading pygments (1.2MiB)
Downloading numpy (17.4MiB)
Downloading imageio-ffmpeg (28.1MiB)
Downloading fonttools (4.8MiB)
Downloading matplotlib (9.6MiB)
Downloading kiwisolver (1.4MiB)
Downloading nvidia-cublas-cu12 (346.6MiB)
Downloading scipy (33.7MiB)
Downloading jax-cuda12-plugin (14.2MiB)
Downloading nvidia-cuda-nvcc-cu12 (21.2MiB)
Downloading jax-cuda12-pjrt (77.9MiB)
Downloading nvidia-cufft-cu12 (183.6MiB)
Downloading wandb (6.5MiB)
Downloading nvidia-cudnn-cu12 (634.0MiB)
Downloading nvidia-cusolver-cu12 (124.5MiB)
   Building gym==0.26.2
   Building moviepy==1.0.3
 Downloaded kiwisolver
      Built moviepy==1.0.3
      Built gym==0.26.2
 Downloaded pygments
 Downloaded jax
 Downloaded ml-dtypes
 Downloaded fonttools
 Downloaded pillow
 Downloaded wandb
 Downloaded matplotlib
 Downloaded nvidia-cuda-cupti-cu12
 Downloaded tensorflow-probability
 Downloaded jax-cuda12-plugin
 Downloaded numpy
 Downloaded nvidia-nvjitlink-cu12
 Downloaded tensorstore
 Downloaded nvidia-cuda-nvcc-cu12
 Downloaded imageio-ffmpeg
 Downloaded pandas
 Downloaded scipy
 Downloaded jaxlib
 Downloaded jax-cuda12-pjrt
 Downloaded nvidia-cusolver-cu12
 Downloaded nvidia-cusparse-cu12
 Downloaded nvidia-cufft-cu12
 Downloaded nvidia-nccl-cu12
 Downloaded nvidia-cublas-cu12
 Downloaded nvidia-cudnn-cu12
Prepared 82 packages in 23.38s
Installed 82 packages in 355ms
 + absl-py==2.5.0
 + attrs==26.1.0
 + certifi==2026.7.22
 + charset-normalizer==3.5.1
 + chex==0.1.86
 + click==8.4.2
 + cloudpickle==3.1.2
 + contourpy==1.3.3
 + cycler==0.12.1
 + decorator==4.4.2
 + distrax==0.1.5
 + dm-tree==0.1.10
 + docker-pycreds==0.4.0
 + etils==1.14.0
 + farama-notifications==0.0.6
 + flax==0.8.5
 + fonttools==4.63.0
 + fsspec==2026.7.0
 + gast==0.7.0
 + gitdb==4.0.12
 + gitpython==3.1.60
 + gym==0.26.2
 + gym-notices==0.1.0
 + gymnasium==1.3.0
 + gymnax==0.0.8
 + idna==3.19
 + imageio==2.37.4
 + imageio-ffmpeg==0.6.0
 + jax==0.4.30
 + jax-cuda12-pjrt==0.4.30
 + jax-cuda12-plugin==0.4.30
 + jaxlib==0.4.30
 + kiwisolver==1.5.0
 + markdown-it-py==4.2.0
 + matplotlib==3.11.1
 + mdurl==0.1.2
 + ml-dtypes==0.5.4
 + moviepy==1.0.3
 + msgpack==1.2.1
 + nest-asyncio==1.6.0
 + numpy==1.26.4
 + nvidia-cublas-cu12==12.4.5.8
 + nvidia-cuda-cupti-cu12==12.4.127
 + nvidia-cuda-nvcc-cu12==12.4.131
 + nvidia-cuda-runtime-cu12==12.4.127
 + nvidia-cudnn-cu12==9.1.1.17
 + nvidia-cufft-cu12==11.2.6.59
 + nvidia-cusolver-cu12==11.6.4.69
 + nvidia-cusparse-cu12==12.3.1.170
 + nvidia-nccl-cu12==2.31.2
 + nvidia-nvjitlink-cu12==12.4.127
 + opt-einsum==3.4.0
 + optax==0.2.3
 + orbax-checkpoint==0.5.3
 + packaging==26.3
 + pandas==3.0.5
 + pillow==12.3.0
 + platformdirs==4.11.4
 + proglog==0.1.12
 + protobuf==5.29.6
 + psutil==7.2.2
 + pygments==2.21.0
 + pyparsing==3.3.2
 + python-dateutil==2.9.0.post0
 + pyyaml==6.0.3
 + requests==2.34.2
 + rich==15.0.0
 + scipy==1.17.1
 + seaborn==0.13.2
 + sentry-sdk==2.68.1
 + setproctitle==1.3.7
 + six==1.17.0
 + smmap==5.0.3
 + tensorflow-probability==0.25.0
 + tensorstore==0.1.85
 + toolz==1.1.0
 + tqdm==4.70.0
 + typing-extensions==4.16.0
 + urllib3==2.7.0
 + wandb==0.17.5
 + wrapt==2.3.0
 + zipp==4.1.0
Using Python 3.11.10 environment at: venvs/jaxued
Resolved 1 package in 2ms
   Building jaxued @ file:///workspace/TLabUED/third_party/jaxued
      Built jaxued @ file:///workspace/TLabUED/third_party/jaxued
Prepared 1 package in 554ms
Installed 1 package in 2ms
 + jaxued==0.0.2 (from file:///workspace/TLabUED/third_party/jaxued)
Using Python 3.11.10 environment at: venvs/jaxued
Resolved 1 package in 1ms
   Building tlab-ued @ file:///workspace/TLabUED
      Built tlab-ued @ file:///workspace/TLabUED
Prepared 1 package in 577ms
Installed 1 package in 4ms
 + tlab-ued==0.1.0 (from file:///workspace/TLabUED)
jax 0.4.30 devices: [cuda(id=0)]
teachers: ['accel', 'dr', 'plr', 'sfl_accel', 'sfl_oracle']
bootstrap complete
/workspace/TLabUED/venvs/jaxued/bin/python
[08:00:59] python: /workspace/TLabUED/venvs/jaxued/bin/python
[08:00:59] stage bootstrap: done
[08:00:59] stage checks: start
/workspace/TLabUED/venvs/jaxued/bin/python: No module named pytest
[08:00:59] FATAL: stage checks failed (exit 1); fix it and re-run the same command to resume
=== run_all exited 1 ===
