
=== 2026-08-24 06:08:27 launching: /workspace/venvs/jaxued/bin/python -m tlab_ued.train --project tlab-ued --run_name sfl_oracle_learnability_level_bfs --seed 0 --mode train --checkpoint_to_eval -1 --checkpoint_save_interval 17 --max_number_of_checkpoints 60 --eval_freq 250 --eval_num_attempts 10 --eval_levels SixteenRooms SixteenRooms2 Labyrinth LabyrinthFlipped Labyrinth2 StandardMaze StandardMaze2 StandardMaze3 --lr 0.0001 --max_grad_norm 0.5 --num_updates 30000 --num_steps 256 --num_train_envs 32 --num_minibatches 1 --gamma 0.995 --epoch_ppo 5 --clip_eps 0.2 --gae_lambda 0.98 --entropy_coeff 0.001 --critic_coeff 0.5 --agent_view_size 5 --score_function learnability --no-exploratory_grad_updates --level_buffer_capacity 4000 --replay_prob 1.0 --staleness_coeff 0.3 --temperature 0.3 --topk_k 4 --minimum_fill_ratio 0.5 --prioritization rank --buffer_duplicate_check --use_accel --num_edits 5 --n_walls 25 --teacher sfl_oracle --level_generator minigrid_walls --level_mutator minimax --log_media levels --out_dir /workspace/tlab_ued --no-resume --diagnose_levels 1024 --diagnose_mutation_rounds 1 --no-allow_student_changes --sfl_num_attempts 4 --sfl_period 250 --sfl_num_levels 64 --sfl_topk 32 --sfl_p_decay 0.25 --oracle_features level_bfs --oracle_hidden 64 --oracle_lr 0.0003 --oracle_train_steps 2 --oracle_batch_size 256 --oracle_buffer_capacity 8192 --oracle_num_proposals 8192 --oracle_control_levels 16 --oracle_mutation_proposals 8 --oracle_rescore_buffer --oracle_verify --oracle_warmup_updates 1000

Levels from generator 'minigrid_walls' (n_walls=25)  (n=1024)
  solvable          99.7%   (goal unreachable 0.3%, needs >250 steps 0.0%)
  optimal steps   median 11  mean 11.5  p10 5  p90 18  max 27
  best return     0.958 mean over solvable levels
  difficulty      trivial<=10 44.6% | easy<=30 55.1% | medium<=60 0.0% | hard<=120 0.0% | brutal>120 0.0% | unsolvable 0.3%
  reachable area  99.5% of free cells   walls 23.3 (13.8% of the grid)
...after 1x mutator 'minimax' (5 edits)  (n=1024)
  solvable          99.6%   (goal unreachable 0.4%, needs >250 steps 0.0%)
  optimal steps   median 11  mean 11.5  p10 5  p90 19  max 29
  best return     0.959 mean over solvable levels
  difficulty      trivial<=10 45.0% | easy<=30 54.6% | medium<=60 0.0% | hard<=120 0.0% | brutal>120 0.0% | unsolvable 0.4%
  reachable area  99.3% of free cells   walls 24.6 (14.5% of the grid)

  env_steps                   245760000
  total_updates               30000
  reserved_updates            960
  expected_gradient_updates   14520.0
  expected_mutation_updates   14520.0
  expected_dr_updates         0.0
  sfl_phase_updates           8
  levels_scored_per_update    8
  attempts_per_level          4
  oracle_proposals_per_phase  8192
  oracle_verified_per_phase   64
  oracle_parameters           48065
wandb: Tracking run with wandb version 0.17.5
wandb: W&B syncing is set to `offline` in this directory.  
wandb: Run `wandb online` or set WANDB_MODE=online to enable cloud syncing.
Logging update: 250
[1/120] solve_rate/mean=0.000 sps=18369 eta=3.69h
WARNING:absl:SaveArgs.aggregate is deprecated, please use custom TypeHandler (https://orbax.readthedocs.io/en/latest/custom_handlers.html#typehandler) or contact Orbax team to migrate before May 1st, 2024.
WARNING:absl:SaveArgs.aggregate is deprecated, please use custom TypeHandler (https://orbax.readthedocs.io/en/latest/custom_handlers.html#typehandler) or contact Orbax team to migrate before May 1st, 2024.
Logging update: 500
[2/120] solve_rate/mean=0.000 sps=32040 eta=4.19h
Logging update: 750
[3/120] solve_rate/mean=0.013 sps=81373 eta=2.45h
Logging update: 1000
[4/120] solve_rate/mean=0.000 sps=105461 eta=2.50h
Logging update: 1250
[5/120] solve_rate/mean=0.000 sps=133696 eta=2.45h
Logging update: 1500
[6/120] solve_rate/mean=0.013 sps=159426 eta=2.44h
Logging update: 1750
[7/120] solve_rate/mean=0.038 sps=181725 eta=2.48h
Logging update: 2000
[8/120] solve_rate/mean=0.050 sps=221227 eta=2.30h
Logging update: 2250
[9/120] solve_rate/mean=0.062 sps=239378 eta=2.37h
Logging update: 2500
[10/120] solve_rate/mean=0.062 sps=265638 eta=2.36h
Logging update: 2750
[11/120] solve_rate/mean=0.013 sps=294310 eta=2.32h
Logging update: 3000
[12/120] solve_rate/mean=0.163 sps=327064 eta=2.25h
Logging update: 3250
[13/120] solve_rate/mean=0.175 sps=341299 eta=2.32h
Logging update: 3500
[14/120] solve_rate/mean=0.225 sps=372827 eta=2.26h
Logging update: 3750
[15/120] solve_rate/mean=0.200 sps=399339 eta=2.24h
Logging update: 4000
[16/120] solve_rate/mean=0.162 sps=427140 eta=2.22h
Logging update: 4250
[17/120] solve_rate/mean=0.150 sps=454340 eta=2.19h
Logging update: 4500
[18/120] solve_rate/mean=0.262 sps=481170 eta=2.17h
WARNING:absl:SaveArgs.aggregate is deprecated, please use custom TypeHandler (https://orbax.readthedocs.io/en/latest/custom_handlers.html#typehandler) or contact Orbax team to migrate before May 1st, 2024.
WARNING:absl:SaveArgs.aggregate is deprecated, please use custom TypeHandler (https://orbax.readthedocs.io/en/latest/custom_handlers.html#typehandler) or contact Orbax team to migrate before May 1st, 2024.
Logging update: 4750
[19/120] solve_rate/mean=0.175 sps=506030 eta=2.16h
Logging update: 5000
[20/120] solve_rate/mean=0.175 sps=530643 eta=2.14h
Logging update: 5250
[21/120] solve_rate/mean=0.200 sps=559562 eta=2.11h
Logging update: 5500
[22/120] solve_rate/mean=0.325 sps=588087 eta=2.09h
Logging update: 5750
[23/120] solve_rate/mean=0.275 sps=613605 eta=2.07h
Logging update: 6000
[24/120] solve_rate/mean=0.250 sps=642391 eta=2.04h
Logging update: 6250
[25/120] solve_rate/mean=0.338 sps=664428 eta=2.03h
Logging update: 6500
[26/120] solve_rate/mean=0.413 sps=688987 eta=2.02h
Logging update: 6750
[27/120] solve_rate/mean=0.350 sps=714779 eta=2.00h
Logging update: 7000
[28/120] solve_rate/mean=0.175 sps=745365 eta=1.97h
Logging update: 7250
[29/120] solve_rate/mean=0.250 sps=771510 eta=1.95h
Logging update: 7500
[30/120] solve_rate/mean=0.213 sps=801523 eta=1.92h
Logging update: 7750
[31/120] solve_rate/mean=0.112 sps=844290 eta=1.86h
Logging update: 8000
[32/120] solve_rate/mean=0.263 sps=845215 eta=1.90h
Logging update: 8250
[33/120] solve_rate/mean=0.350 sps=881524 eta=1.85h
Logging update: 8500
[34/120] solve_rate/mean=0.550 sps=897267 eta=1.85h
Logging update: 8750
[35/120] solve_rate/mean=0.312 sps=932898 eta=1.81h
WARNING:absl:SaveArgs.aggregate is deprecated, please use custom TypeHandler (https://orbax.readthedocs.io/en/latest/custom_handlers.html#typehandler) or contact Orbax team to migrate before May 1st, 2024.
WARNING:absl:SaveArgs.aggregate is deprecated, please use custom TypeHandler (https://orbax.readthedocs.io/en/latest/custom_handlers.html#typehandler) or contact Orbax team to migrate before May 1st, 2024.
Logging update: 9000
[36/120] solve_rate/mean=0.325 sps=947924 eta=1.81h
Logging update: 9250
[37/120] solve_rate/mean=0.600 sps=980598 eta=1.78h
Logging update: 9500
[38/120] solve_rate/mean=0.263 sps=1015159 eta=1.75h
Logging update: 9750
[39/120] solve_rate/mean=0.575 sps=1043383 eta=1.72h
Logging update: 10000
[40/120] solve_rate/mean=0.438 sps=1064182 eta=1.71h
Logging update: 10250
[41/120] solve_rate/mean=0.650 sps=1090596 eta=1.69h
Logging update: 10500
[42/120] solve_rate/mean=0.763 sps=1113344 eta=1.67h
Logging update: 10750
[43/120] solve_rate/mean=0.438 sps=1141127 eta=1.65h
Logging update: 11000
[44/120] solve_rate/mean=0.663 sps=1170510 eta=1.63h
Logging update: 11250
[45/120] solve_rate/mean=0.700 sps=1211468 eta=1.58h
Logging update: 11500
[46/120] solve_rate/mean=0.550 sps=1221983 eta=1.58h
Logging update: 11750
[47/120] solve_rate/mean=0.750 sps=1277015 eta=1.53h
Logging update: 12000
[48/120] solve_rate/mean=0.825 sps=1270910 eta=1.55h
Logging update: 12250
[49/120] solve_rate/mean=0.750 sps=1302743 eta=1.52h
Logging update: 12500
[50/120] solve_rate/mean=0.575 sps=1346034 eta=1.48h
Logging update: 12750
[51/120] solve_rate/mean=0.900 sps=1354350 eta=1.48h
Logging update: 13000
[52/120] solve_rate/mean=0.788 sps=1382187 eta=1.46h
WARNING:absl:SaveArgs.aggregate is deprecated, please use custom TypeHandler (https://orbax.readthedocs.io/en/latest/custom_handlers.html#typehandler) or contact Orbax team to migrate before May 1st, 2024.
WARNING:absl:SaveArgs.aggregate is deprecated, please use custom TypeHandler (https://orbax.readthedocs.io/en/latest/custom_handlers.html#typehandler) or contact Orbax team to migrate before May 1st, 2024.
Logging update: 13250
[53/120] solve_rate/mean=0.775 sps=1419716 eta=1.42h
Logging update: 13500
[54/120] solve_rate/mean=0.788 sps=1430848 eta=1.42h
Logging update: 13750
[55/120] solve_rate/mean=0.837 sps=1461101 eta=1.39h
Logging update: 14000
[56/120] solve_rate/mean=0.938 sps=1488001 eta=1.37h
Logging update: 14250
[57/120] solve_rate/mean=0.750 sps=1527714 eta=1.34h
Logging update: 14500
[58/120] solve_rate/mean=0.650 sps=1550788 eta=1.32h
Logging update: 14750
[59/120] solve_rate/mean=0.838 sps=1571496 eta=1.30h
Logging update: 15000
[60/120] solve_rate/mean=0.688 sps=1592417 eta=1.29h
Logging update: 15250
[61/120] solve_rate/mean=0.712 sps=1612552 eta=1.27h
Logging update: 15500
[62/120] solve_rate/mean=0.575 sps=1641283 eta=1.25h
Logging update: 15750
[63/120] solve_rate/mean=0.625 sps=1680722 eta=1.22h
Logging update: 16000
[64/120] solve_rate/mean=0.763 sps=1697111 eta=1.20h
Logging update: 16250
[65/120] solve_rate/mean=0.887 sps=1774334 eta=1.15h
Logging update: 16500
[66/120] solve_rate/mean=0.837 sps=1741332 eta=1.16h
Logging update: 16750
[67/120] solve_rate/mean=0.837 sps=1783980 eta=1.13h
Logging update: 17000
[68/120] solve_rate/mean=0.875 sps=1816309 eta=1.11h
Logging update: 17250
[69/120] solve_rate/mean=0.837 sps=1829917 eta=1.09h
WARNING:absl:SaveArgs.aggregate is deprecated, please use custom TypeHandler (https://orbax.readthedocs.io/en/latest/custom_handlers.html#typehandler) or contact Orbax team to migrate before May 1st, 2024.
WARNING:absl:SaveArgs.aggregate is deprecated, please use custom TypeHandler (https://orbax.readthedocs.io/en/latest/custom_handlers.html#typehandler) or contact Orbax team to migrate before May 1st, 2024.
Logging update: 17500
[70/120] solve_rate/mean=0.825 sps=1864078 eta=1.07h
Logging update: 17750
[71/120] solve_rate/mean=0.625 sps=1867320 eta=1.06h
Logging update: 18000
[72/120] solve_rate/mean=0.812 sps=1914321 eta=1.03h
Logging update: 18250
[73/120] solve_rate/mean=0.913 sps=1933599 eta=1.01h
Logging update: 18500
[74/120] solve_rate/mean=0.863 sps=1955730 eta=0.99h
Logging update: 18750
[75/120] solve_rate/mean=0.863 sps=1984302 eta=0.97h
Logging update: 19000
[76/120] solve_rate/mean=0.800 sps=2001229 eta=0.95h
Logging update: 19250
[77/120] solve_rate/mean=0.913 sps=2032321 eta=0.93h
Logging update: 19500
[78/120] solve_rate/mean=0.913 sps=2045871 eta=0.91h
Logging update: 19750
[79/120] solve_rate/mean=0.887 sps=2094885 eta=0.88h
Logging update: 20000
[80/120] solve_rate/mean=0.875 sps=2122900 eta=0.86h
Logging update: 20250
[81/120] solve_rate/mean=0.938 sps=2163994 eta=0.83h
Logging update: 20500
[82/120] solve_rate/mean=0.875 sps=2184355 eta=0.81h
Logging update: 20750
[83/120] solve_rate/mean=0.800 sps=2220983 eta=0.79h
Logging update: 21000
[84/120] solve_rate/mean=0.738 sps=2240011 eta=0.77h
Logging update: 21250
[85/120] solve_rate/mean=0.925 sps=2271193 eta=0.75h
Logging update: 21500
[86/120] solve_rate/mean=0.975 sps=2298258 eta=0.72h
WARNING:absl:SaveArgs.aggregate is deprecated, please use custom TypeHandler (https://orbax.readthedocs.io/en/latest/custom_handlers.html#typehandler) or contact Orbax team to migrate before May 1st, 2024.
WARNING:absl:SaveArgs.aggregate is deprecated, please use custom TypeHandler (https://orbax.readthedocs.io/en/latest/custom_handlers.html#typehandler) or contact Orbax team to migrate before May 1st, 2024.
Logging update: 21750
[87/120] solve_rate/mean=0.900 sps=2309543 eta=0.71h
Logging update: 22000
[88/120] solve_rate/mean=0.887 sps=2335983 eta=0.69h
Logging update: 22250
[89/120] solve_rate/mean=0.863 sps=2371142 eta=0.66h
Logging update: 22500
[90/120] solve_rate/mean=0.988 sps=2390107 eta=0.64h
Logging update: 22750
[91/120] solve_rate/mean=0.700 sps=2434434 eta=0.62h
Logging update: 23000
[92/120] solve_rate/mean=0.825 sps=2430769 eta=0.60h
Logging update: 23250
[93/120] solve_rate/mean=0.725 sps=2459424 eta=0.58h
Logging update: 23500
[94/120] solve_rate/mean=0.875 sps=2492993 eta=0.56h
Logging update: 23750
[95/120] solve_rate/mean=0.925 sps=2509243 eta=0.54h
Logging update: 24000
[96/120] solve_rate/mean=0.900 sps=2523550 eta=0.52h
Logging update: 24250
[97/120] solve_rate/mean=0.950 sps=2579283 eta=0.49h
Logging update: 24500
[98/120] solve_rate/mean=0.950 sps=2623879 eta=0.47h
Logging update: 24750
[99/120] solve_rate/mean=0.988 sps=2619425 eta=0.45h
Logging update: 25000
[100/120] solve_rate/mean=0.988 sps=2656995 eta=0.43h
Logging update: 25250
[101/120] solve_rate/mean=0.900 sps=2681733 eta=0.41h
Logging update: 25500
[102/120] solve_rate/mean=0.988 sps=2711172 eta=0.39h
Logging update: 25750
[103/120] solve_rate/mean=0.988 sps=2732261 eta=0.36h
WARNING:absl:SaveArgs.aggregate is deprecated, please use custom TypeHandler (https://orbax.readthedocs.io/en/latest/custom_handlers.html#typehandler) or contact Orbax team to migrate before May 1st, 2024.
WARNING:absl:SaveArgs.aggregate is deprecated, please use custom TypeHandler (https://orbax.readthedocs.io/en/latest/custom_handlers.html#typehandler) or contact Orbax team to migrate before May 1st, 2024.
Logging update: 26000
[104/120] solve_rate/mean=1.000 sps=2744290 eta=0.34h
Logging update: 26250
[105/120] solve_rate/mean=1.000 sps=2780245 eta=0.32h
Logging update: 26500
[106/120] solve_rate/mean=1.000 sps=2810679 eta=0.30h
Logging update: 26750
[107/120] solve_rate/mean=0.738 sps=2841024 eta=0.28h
Logging update: 27000
[108/120] solve_rate/mean=0.738 sps=2865351 eta=0.26h
Logging update: 27250
[109/120] solve_rate/mean=0.875 sps=2917165 eta=0.23h
Logging update: 27500
[110/120] solve_rate/mean=0.887 sps=2924788 eta=0.21h
Logging update: 27750
[111/120] solve_rate/mean=0.775 sps=2956531 eta=0.19h
Logging update: 28000
[112/120] solve_rate/mean=0.838 sps=3141543 eta=0.16h
Logging update: 28250
[113/120] solve_rate/mean=0.863 sps=3179281 eta=0.14h
Logging update: 28500
[114/120] solve_rate/mean=0.988 sps=3211507 eta=0.12h
Logging update: 28750
[115/120] solve_rate/mean=0.913 sps=3245405 eta=0.10h
Logging update: 29000
[116/120] solve_rate/mean=1.000 sps=3356244 eta=0.08h
Logging update: 29250
[117/120] solve_rate/mean=0.913 sps=3748580 eta=0.05h
Logging update: 29500
[118/120] solve_rate/mean=1.000 sps=4356855 eta=0.03h
Logging update: 29750
[119/120] solve_rate/mean=0.975 sps=4760446 eta=0.01h
Logging update: 30000
[120/120] solve_rate/mean=0.925 sps=5922671 eta=0.00h
WARNING:absl:SaveArgs.aggregate is deprecated, please use custom TypeHandler (https://orbax.readthedocs.io/en/latest/custom_handlers.html#typehandler) or contact Orbax team to migrate before May 1st, 2024.
WARNING:absl:SaveArgs.aggregate is deprecated, please use custom TypeHandler (https://orbax.readthedocs.io/en/latest/custom_handlers.html#typehandler) or contact Orbax team to migrate before May 1st, 2024.
wandb: - 0.000 MB of 0.000 MB uploadedwandb:                                                                                
wandb: 
wandb: Run history:
wandb:              agent/actor_loss █▅▅▅▃▃▁▁▂▂▂▂▂▁▂▂▂▂▂▂▂▂▃▂▃▃▃▃▃▂▄▃▃▃▃▅▃▃▃▃
wandb:             agent/critic_loss ▁▅▇▇▇▇█████▇▇▇█▇▇▇▇█▇█▇▇██▇▇▇█▇█▇▇█▇▇▇█▇
wandb:                 agent/entropy █▄▂▂▂▂▁▁▁▁▁▁▁▁▁▁▁▁▁▁▁▁▁▁▁▁▁▁▁▁▁▁▁▁▁▁▁▁▁▁
wandb:                    agent/loss ▁▅▇▇▇▇█████▇▇▇█▇▇███▇█▇▇██▇▇▇███▇▇██▇██▇
wandb:         branch/num_dr_updates ▁▁▁▁▁▁▁▁▁▁▁▁▁▁▁▁▁▁▁▁▁▁▁▁▁▁▁▁▁▁▁▁▁▁▁▁▁▁▁▁
wandb:   branch/num_mutation_updates ▁▁▁▂▂▂▂▂▂▃▃▃▃▃▃▄▄▄▄▄▅▅▅▅▅▅▆▆▆▆▆▇▇▇▇▇▇███
wandb:     branch/num_oracle_inserts ▁▁▁▂▂▂▂▂▂▃▃▃▃▃▃▄▄▄▄▄▅▅▅▅▅▅▆▆▆▆▆▇▇▇▇▇▇███
wandb:     branch/num_replay_updates ▁▁▁▂▂▂▂▂▂▃▃▃▃▃▃▄▄▄▄▄▅▅▅▅▅▅▆▆▆▆▆▇▇▇▇▇▇███
wandb:        branch/num_sfl_updates ▁▁▁▂▂▂▂▂▂▃▃▃▃▃▃▄▄▄▄▄▅▅▅▅▅▅▆▆▆▆▆▇▇▇▇▇▇███
wandb:          eval_ep_lengths/mean ██▇█▆█▇▆▇██▆▆▆▆▅▃▅▄▄▅▃▃▅▃▃▂▂▁▃▅▂▁▂▁▃▄▂▁▂
wandb:         level/mean_num_blocks ▁▂▂▂▃▃▃▄▄▄▄▅▅▅▅▆▆▆▆▆▇▆▇▇▇▇▇▇▇▇▇▇██▇█▇███
wandb:   level_sampler/episode_count ▁▁▁▂▂▂▂▂▂▃▃▃▃▃▃▄▄▄▄▄▅▅▅▅▅▅▆▆▆▆▆▇▇▇▇▇▇███
wandb:       level_sampler/max_score ███▇███▇█▇███▅██▇███▇██▆▆██▆█▇█▅▃█▅█▁███
wandb: level_sampler/mean_max_return ▁▄▆▇███████████▇▇▇▇▇▇▇▇▇▇▇▇▇▇▇▇▇▇▇▇▇▇▇▇▇
wandb:          level_sampler/mean_p ▁▂▄▅▆▆▇▇▇███████████████████████████████
wandb:      level_sampler/mean_score ▁▇█▄▃▂▂▂▂▂▂▂▂▂▂▂▂▂▂▂▂▂▁▁▂▂▁▂▂▂▂▂▂▂▁▂▂▂▂▂
wandb:            level_sampler/size ▁███████████████████████████████████████
wandb:  level_sampler/weighted_score ▇█▃▂▂▁▁▂▂▂▂▂▂▁▂▁▁▂▂▂▂▂▁▁▁▂▁▁▁▂▂▂▁▁▂▂▁▂▂▂
wandb:                 num_env_steps ▁▁▁▂▂▂▂▂▂▃▃▃▃▃▃▄▄▄▄▄▅▅▅▅▅▅▆▆▆▆▆▇▇▇▇▇▇███
wandb:                   num_updates ▁▁▁▂▂▂▂▂▂▃▃▃▃▃▃▄▄▄▄▄▅▅▅▅▅▅▆▆▆▆▆▇▇▇▇▇▇███
wandb:                   oracle/bias █▃▁▁▂▂▃▃▃▃▃▂▃▃▃▃▃▃▄▃▃▂▃▃▃▃▃▄▃▃▄▃▃▂▄▄▄▄▄▃
wandb:                  oracle/brier █▅▆▅▅▄▃▃▂▃▂▃▃▁▂▂▁▂▂▁▁▃▂▁▃▁▂▂▂▃▁▁▂▃▂▆▂▂▁▁
wandb:          oracle/buffer_mean_p ▁▄▇██████████████▇████████████▇█████████
wandb:          oracle/control_brier █▇▆▂▃▁▁▃▁▁▂▃▁▁▁▁▁▁▁▁▁▁▁▁▂▁▁▂▁▁▁▂▁▁▁▁▁▁▁▁
wandb:   oracle/control_learnability ▆█▄▃▁▂▁▁▂▁▃▃▂▁▁▁▁▁▁▂▁▁▁▁▂▁▁▂▁▁▁▂▁▁▁▁▁▁▁▁
wandb:      oracle/control_rank_corr █▄▆▅▅▄▄▄▅▃▅▅▄▃▄▃▆▃▄▄▅▁▆▄▆▆▄▃▅▃▂▄▅▃▄▂▄▅▅▂
wandb:                   oracle/loss ▂█▄▄▃▂▃▃▄▄▅▄▄▂▃▃▃▄▂▂▃▁▂▃▂▂▁▃▂▃▃▂▂▃▁▂▃▃▂▁
wandb:           oracle/observations ▁███████████████████████████████████████
wandb: oracle/predicted_learnability █▇█▇▆▅▄▄▄▄▄▅▄▃▄▃▂▃▂▂▂▄▃▂▄▂▃▁▂▃▂▂▃▄▂▃▂▁▂▂
wandb:              oracle/rank_corr █▂▁▃▃▃▃▂▂▂▃▄▂▂▃▃▂▂▃▂▃▃▃▃▄▃▄▃▂▂▃▃▃▂▆▃▃▃▄▁
wandb:  oracle/selected_learnability ▃█▅▅▄▃▂▂▃▂▂▁▂▁▃▂▁▂▁▁▂▁▁▂▂▁▁▁▁▁▂▁▁▁▁▂▂▁▁▁
wandb:         oracle/selection_gain ▂▃▃▄█▃▄▄▃▂▂▁▂▂▅▃▁▂▂▂▂▁▁▂▂▂▁▁▁▁▃▂▁▂▁▄▂▁▁▁
wandb:              return/Labyrinth ▁▁▁▁▁▁▁▁▁▁▁▃▄▂▁▅▅▅▆▁▃▄▁▅▇▅▆▁██▄▅█▄███▇█▆
wandb:             return/Labyrinth2 ▁▁▁▁▁▁▁▃▆▁▁▅▄▄▁▂▆▅█▅███▃██▇██▇▇████████▇
wandb:       return/LabyrinthFlipped ▁▁▁▁▁▁▁▁▁▁▁▃▄▂█▁▅██▄███████▆███████▅████
wandb:           return/SixteenRooms ▁▁▂▂▆▃▅▄▄▂▂▄▅▃▂▅▆▅▄██▆▇█▅▇▇▅▇▇▇▇▇▇▇▃▇▆▇▇
wandb:          return/SixteenRooms2 ▁▁▁▁▂▁▁▁▃▁▂▃▂▃▃▇▆▄▇▃▂▄▇▃▂▆▂▅▆▂▂▇█▆█▁▂▂▅▃
wandb:           return/StandardMaze ▁▁▁▁▁▁▁▁▁▂▂▃▄▄█▆▃█▄▅▃▅▄▃▇▆▅▄▄▄▄▄▄▄▄▄▄▄▄▄
wandb:          return/StandardMaze2 ▁▁▁▁▁▁▁▂▁▁▁▁▁▁▁▂▃▃▅▂▁▃█▂██▇▇█▆▇▅▅▆██████
wandb:          return/StandardMaze3 ▁▁▁▁▂▂▄▄▄▃▁▆▄▄▃▁▇▃▅▅▁▃▄▅█▇▇█▇█▄▇█▅██▄▆█▇
wandb:                   return/mean ▁▁▁▁▂▂▂▃▃▂▁▄▄▃▄▄▆▅▆▅▅▆▆▅▇▇▇▆█▇▆▇█▇█▆▆▆█▇
wandb:   sfl/population_learnability ▄█▅▅▃▃▂▂▂▁▂▁▂▁▂▂▁▁▁▁▁▁▁▁▂▁▁▁▁▁▂▂▁▁▁▂▁▁▁▁
wandb:         sfl/topk_learnability ▅█▆▆▄▃▂▂▃▂▃▁▂▁▃▂▁▂▁▂▂▁▁▂▂▁▁▂▁▁▂▂▁▁▁▂▂▁▁▁
wandb:          solve_rate/Labyrinth ▁▁▁▁▁▁▁▁▁▁▁▃▇▂▂▆▆▆▇▁▄▄▁▇▇▅▇▁██▅▆█▆███▇█▆
wandb:         solve_rate/Labyrinth2 ▁▁▁▁▁▁▁▅▇▁▁▇▄▆▁▄▇▇█▇███▄█████▇█████████▇
wandb:   solve_rate/LabyrinthFlipped ▁▁▁▁▁▁▁▂▂▁▁▄▇▃█▁▆██▅███████████████▅████
wandb:       solve_rate/SixteenRooms ▁▁▃▄█▆▇▇▇▂▂▅▇▃▅█▇▇▄█████▆▇█▆███████▃█▇██
wandb:      solve_rate/SixteenRooms2 ▁▁▁▂▂▂▁▁▄▂▃▆▂▅▅██▅█▅▅▆█▃▃▇▂▆▇▂▂██▆█▁▂▂█▇
wandb:       solve_rate/StandardMaze ▁▁▁▁▁▁▁▂▁▃▃▅▇▅█▇▅█▇█▆██▆████████████████
wandb:      solve_rate/StandardMaze2 ▁▁▁▁▁▁▁▂▁▁▁▁▁▁▁▂▃▄▆▂▁██▂█████▇█▆▅▇██████
wandb:      solve_rate/StandardMaze3 ▁▁▁▁▂▅▅▇▅▆▂█▇▇▄▂█▇▇█▁██▆██▇███▇█████████
wandb:               solve_rate/mean ▁▁▁▁▂▂▂▃▃▂▂▅▅▄▄▅▆▇▇▆▅▇▇▅▇▇▇▇█▇▇▇█▇█▆▇▇█▇
wandb:                           sps ▁▁▁▁▁▁▂▂▂▂▂▂▂▂▂▂▃▃▃▃▃▃▃▃▃▃▃▄▄▄▄▄▄▄▄▄▄▅▅█
wandb:              steps_per_second ▁▃▃▃▃▃▃▃▃▃▃▃▃▃▃▃▃▃▃▃▃▃▃▃▃▃▃▃▃▃▃▃▃▃▃▃▃▃▃█
wandb:                    time_delta █▅▅▅▅▅▅▅▅▅▄▅▅▅▅▅▅▅▅▅▅▄▅▅▅▅▅▅▅▅▅▅▄▅▅▅▅▄▄▁
wandb:            train/learnability ▁█▇▇▇▆▆▆▆▅▅▅▅▅▅▅▅▅▄▄▄▄▄▄▄▄▄▄▄▄▄▄▄▄▄▄▄▄▄▄
wandb:            train/success_rate ▁▅▆▇▇▇▇▇▇▇▇▇▇████▇██████████████████████
wandb: 
wandb: Run summary:
wandb:              agent/actor_loss -0.00031
wandb:             agent/critic_loss 0.01172
wandb:                 agent/entropy 0.02172
wandb:                    agent/loss 0.00552
wandb:         branch/num_dr_updates 242
wandb:   branch/num_mutation_updates 14399
wandb:     branch/num_oracle_inserts 120
wandb:     branch/num_replay_updates 14399
wandb:        branch/num_sfl_updates 960
wandb:          eval_ep_lengths/mean 133.5
wandb:         level/mean_num_blocks 52.04988
wandb:   level_sampler/episode_count 581736
wandb:       level_sampler/max_score 0.25
wandb: level_sampler/mean_max_return 0.76187
wandb:          level_sampler/mean_p 0.83333
wandb:      level_sampler/mean_score 0.08118
wandb:            level_sampler/size 4000
wandb:  level_sampler/weighted_score 0.19552
wandb:                 num_env_steps 245760000
wandb:                   num_updates 30000
wandb:                   oracle/bias -0.0646
wandb:                  oracle/brier 0.01534
wandb:          oracle/buffer_mean_p 0.89578
wandb:          oracle/control_brier 0.00013
wandb:   oracle/control_learnability 0.0
wandb:      oracle/control_rank_corr -0.41765
wandb:                   oracle/loss 0.32832
wandb:           oracle/observations 8192
wandb: oracle/predicted_learnability 0.06805
wandb:              oracle/rank_corr -0.17353
wandb:  oracle/selected_learnability 0.00391
wandb:         oracle/selection_gain 0.33333
wandb:              return/Labyrinth 0.35476
wandb:             return/Labyrinth2 0.48852
wandb:       return/LabyrinthFlipped 0.54064
wandb:           return/SixteenRooms 0.78652
wandb:          return/SixteenRooms2 0.26864
wandb:           return/StandardMaze 0.28432
wandb:          return/StandardMaze2 0.5932
wandb:          return/StandardMaze3 0.6346
wandb:                   return/mean 0.4939
wandb:   sfl/population_learnability 0.00293
wandb:         sfl/topk_learnability 0.00586
wandb:          solve_rate/Labyrinth 0.7
wandb:         solve_rate/Labyrinth2 0.9
wandb:   solve_rate/LabyrinthFlipped 1.0
wandb:       solve_rate/SixteenRooms 1.0
wandb:      solve_rate/SixteenRooms2 0.8
wandb:       solve_rate/StandardMaze 1.0
wandb:      solve_rate/StandardMaze2 1.0
wandb:      solve_rate/StandardMaze3 1.0
wandb:               solve_rate/mean 0.925
wandb:                           sps 5922671.48303
wandb:              steps_per_second 49355.59569
wandb:                    time_delta 41.49479
wandb:            train/learnability 0.10641
wandb:            train/success_rate 0.73015
wandb: 
wandb: You can sync this run to the cloud by running:
wandb: wandb sync /workspace/tlab_ued/runs/sfl_oracle_learnability_level_bfs/0/wandb/offline-run-20260824_060923-vipqlxp4
wandb: Find logs at: /workspace/tlab_ued/runs/sfl_oracle_learnability_level_bfs/0/wandb/offline-run-20260824_060923-vipqlxp4/logs
wandb: WARNING The new W&B backend becomes opt-out in version 0.18.0; try it out with `wandb.require("core")`! See https://wandb.me/wandb-core for more information.
