
=== 2026-08-23 12:57:35 launching: /workspace/venvs/jaxued/bin/python -m tlab_ued.train --project tlab-ued --run_name plr_maxmc --seed 0 --mode train --checkpoint_to_eval -1 --checkpoint_save_interval 17 --max_number_of_checkpoints 60 --eval_freq 250 --eval_num_attempts 10 --eval_levels SixteenRooms SixteenRooms2 Labyrinth LabyrinthFlipped Labyrinth2 StandardMaze StandardMaze2 StandardMaze3 --lr 0.0001 --max_grad_norm 0.5 --num_updates 30000 --num_steps 256 --num_train_envs 32 --num_minibatches 1 --gamma 0.995 --epoch_ppo 5 --clip_eps 0.2 --gae_lambda 0.98 --entropy_coeff 0.001 --critic_coeff 0.5 --agent_view_size 5 --score_function MaxMC --no-exploratory_grad_updates --level_buffer_capacity 4000 --replay_prob 0.8 --staleness_coeff 0.3 --temperature 0.3 --topk_k 4 --minimum_fill_ratio 0.5 --prioritization rank --buffer_duplicate_check --no-use_accel --num_edits 5 --n_walls 25 --teacher plr --level_generator minigrid_walls --level_mutator minimax --log_media levels --out_dir /workspace/tlab_ued --no-resume --no-allow_student_changes
wandb: Tracking run with wandb version 0.17.5
wandb: W&B syncing is set to `offline` in this directory.  
wandb: Run `wandb online` or set WANDB_MODE=online to enable cloud syncing.
Logging update: 250
[1/120] solve_rate/mean=0.013 sps=25052 eta=2.70h
WARNING:absl:SaveArgs.aggregate is deprecated, please use custom TypeHandler (https://orbax.readthedocs.io/en/latest/custom_handlers.html#typehandler) or contact Orbax team to migrate before May 1st, 2024.
Logging update: 500
[2/120] solve_rate/mean=0.013 sps=59381 eta=2.26h
Logging update: 750
[3/120] solve_rate/mean=0.062 sps=97252 eta=2.05h
Logging update: 1000
[4/120] solve_rate/mean=0.050 sps=127696 eta=2.07h
Logging update: 1250
[5/120] solve_rate/mean=0.050 sps=155615 eta=2.10h
Logging update: 1500
[6/120] solve_rate/mean=0.100 sps=192310 eta=2.02h
Logging update: 1750
[7/120] solve_rate/mean=0.038 sps=225952 eta=1.99h
Logging update: 2000
[8/120] solve_rate/mean=0.100 sps=255915 eta=1.99h
Logging update: 2250
[9/120] solve_rate/mean=0.188 sps=288060 eta=1.97h
Logging update: 2500
[10/120] solve_rate/mean=0.087 sps=312154 eta=2.00h
Logging update: 2750
[11/120] solve_rate/mean=0.138 sps=348403 eta=1.96h
Logging update: 3000
[12/120] solve_rate/mean=0.200 sps=382166 eta=1.93h
Logging update: 3250
[13/120] solve_rate/mean=0.050 sps=411908 eta=1.92h
Logging update: 3500
[14/120] solve_rate/mean=0.200 sps=448682 eta=1.88h
Logging update: 3750
[15/120] solve_rate/mean=0.075 sps=469733 eta=1.91h
Logging update: 4000
[16/120] solve_rate/mean=0.125 sps=516040 eta=1.83h
Logging update: 4250
[17/120] solve_rate/mean=0.113 sps=544273 eta=1.83h
Logging update: 4500
[18/120] solve_rate/mean=0.250 sps=567518 eta=1.84h
WARNING:absl:SaveArgs.aggregate is deprecated, please use custom TypeHandler (https://orbax.readthedocs.io/en/latest/custom_handlers.html#typehandler) or contact Orbax team to migrate before May 1st, 2024.
Logging update: 4750
[19/120] solve_rate/mean=0.188 sps=594406 eta=1.84h
Logging update: 5000
[20/120] solve_rate/mean=0.213 sps=626004 eta=1.82h
Logging update: 5250
[21/120] solve_rate/mean=0.163 sps=671120 eta=1.76h
Logging update: 5500
[22/120] solve_rate/mean=0.150 sps=708128 eta=1.73h
Logging update: 5750
[23/120] solve_rate/mean=0.113 sps=744559 eta=1.70h
Logging update: 6000
[24/120] solve_rate/mean=0.113 sps=741499 eta=1.77h
Logging update: 6250
[25/120] solve_rate/mean=0.188 sps=797175 eta=1.69h
Logging update: 6500
[26/120] solve_rate/mean=0.188 sps=838586 eta=1.66h
Logging update: 6750
[27/120] solve_rate/mean=0.425 sps=865209 eta=1.65h
Logging update: 7000
[28/120] solve_rate/mean=0.213 sps=875831 eta=1.67h
Logging update: 7250
[29/120] solve_rate/mean=0.438 sps=907069 eta=1.66h
Logging update: 7500
[30/120] solve_rate/mean=0.388 sps=950041 eta=1.62h
Logging update: 7750
[31/120] solve_rate/mean=0.238 sps=991089 eta=1.58h
Logging update: 8000
[32/120] solve_rate/mean=0.275 sps=1034490 eta=1.55h
Logging update: 8250
[33/120] solve_rate/mean=0.200 sps=1016416 eta=1.61h
Logging update: 8500
[34/120] solve_rate/mean=0.100 sps=1094306 eta=1.52h
Logging update: 8750
[35/120] solve_rate/mean=0.088 sps=1120895 eta=1.51h
WARNING:absl:SaveArgs.aggregate is deprecated, please use custom TypeHandler (https://orbax.readthedocs.io/en/latest/custom_handlers.html#typehandler) or contact Orbax team to migrate before May 1st, 2024.
Logging update: 9000
[36/120] solve_rate/mean=0.288 sps=1146222 eta=1.50h
Logging update: 9250
[37/120] solve_rate/mean=0.262 sps=1172388 eta=1.49h
Logging update: 9500
[38/120] solve_rate/mean=0.250 sps=1169802 eta=1.52h
Logging update: 9750
[39/120] solve_rate/mean=0.200 sps=1228754 eta=1.46h
Logging update: 10000
[40/120] solve_rate/mean=0.412 sps=1265050 eta=1.44h
Logging update: 10250
[41/120] solve_rate/mean=0.475 sps=1318154 eta=1.40h
Logging update: 10500
[42/120] solve_rate/mean=0.438 sps=1342735 eta=1.39h
Logging update: 10750
[43/120] solve_rate/mean=0.463 sps=1329146 eta=1.42h
Logging update: 11000
[44/120] solve_rate/mean=0.400 sps=1396676 eta=1.36h
Logging update: 11250
[45/120] solve_rate/mean=0.138 sps=1443226 eta=1.33h
Logging update: 11500
[46/120] solve_rate/mean=0.525 sps=1474720 eta=1.31h
Logging update: 11750
[47/120] solve_rate/mean=0.262 sps=1504593 eta=1.30h
Logging update: 12000
[48/120] solve_rate/mean=0.562 sps=1487769 eta=1.32h
Logging update: 12250
[49/120] solve_rate/mean=0.363 sps=1586312 eta=1.25h
Logging update: 12500
[50/120] solve_rate/mean=0.300 sps=1595473 eta=1.25h
Logging update: 12750
[51/120] solve_rate/mean=0.300 sps=1649830 eta=1.21h
Logging update: 13000
[52/120] solve_rate/mean=0.463 sps=1624539 eta=1.24h
WARNING:absl:SaveArgs.aggregate is deprecated, please use custom TypeHandler (https://orbax.readthedocs.io/en/latest/custom_handlers.html#typehandler) or contact Orbax team to migrate before May 1st, 2024.
Logging update: 13250
[53/120] solve_rate/mean=0.188 sps=1649294 eta=1.22h
Logging update: 13500
[54/120] solve_rate/mean=0.375 sps=1728845 eta=1.17h
Logging update: 13750
[55/120] solve_rate/mean=0.387 sps=1752376 eta=1.16h
Logging update: 14000
[56/120] solve_rate/mean=0.275 sps=1816144 eta=1.12h
Logging update: 14250
[57/120] solve_rate/mean=0.425 sps=1768358 eta=1.16h
Logging update: 14500
[58/120] solve_rate/mean=0.538 sps=1841309 eta=1.11h
Logging update: 14750
[59/120] solve_rate/mean=0.450 sps=1885174 eta=1.09h
Logging update: 15000
[60/120] solve_rate/mean=0.550 sps=1907344 eta=1.07h
Logging update: 15250
[61/120] solve_rate/mean=0.338 sps=1938774 eta=1.06h
Logging update: 15500
[62/120] solve_rate/mean=0.225 sps=1935595 eta=1.06h
Logging update: 15750
[63/120] solve_rate/mean=0.363 sps=2011213 eta=1.02h
Logging update: 16000
[64/120] solve_rate/mean=0.300 sps=2032958 eta=1.00h
Logging update: 16250
[65/120] solve_rate/mean=0.538 sps=2081504 eta=0.98h
Logging update: 16500
[66/120] solve_rate/mean=0.263 sps=2086077 eta=0.97h
Logging update: 16750
[67/120] solve_rate/mean=0.412 sps=2085227 eta=0.97h
Logging update: 17000
[68/120] solve_rate/mean=0.138 sps=2174394 eta=0.93h
Logging update: 17250
[69/120] solve_rate/mean=0.363 sps=2209112 eta=0.91h
WARNING:absl:SaveArgs.aggregate is deprecated, please use custom TypeHandler (https://orbax.readthedocs.io/en/latest/custom_handlers.html#typehandler) or contact Orbax team to migrate before May 1st, 2024.
Logging update: 17500
[70/120] solve_rate/mean=0.500 sps=2250389 eta=0.88h
Logging update: 17750
[71/120] solve_rate/mean=0.150 sps=2189069 eta=0.90h
Logging update: 18000
[72/120] solve_rate/mean=0.350 sps=2264333 eta=0.87h
Logging update: 18250
[73/120] solve_rate/mean=0.400 sps=2356648 eta=0.83h
Logging update: 18500
[74/120] solve_rate/mean=0.113 sps=2358158 eta=0.82h
Logging update: 18750
[75/120] solve_rate/mean=0.338 sps=2400558 eta=0.80h
Logging update: 19000
[76/120] solve_rate/mean=0.225 sps=2350842 eta=0.81h
Logging update: 19250
[77/120] solve_rate/mean=0.337 sps=2439152 eta=0.77h
Logging update: 19500
[78/120] solve_rate/mean=0.325 sps=2515568 eta=0.74h
Logging update: 19750
[79/120] solve_rate/mean=0.550 sps=2537658 eta=0.73h
Logging update: 20000
[80/120] solve_rate/mean=0.438 sps=2539066 eta=0.72h
Logging update: 20250
[81/120] solve_rate/mean=0.213 sps=2524696 eta=0.71h
Logging update: 20500
[82/120] solve_rate/mean=0.450 sps=2636295 eta=0.67h
Logging update: 20750
[83/120] solve_rate/mean=0.550 sps=2662668 eta=0.66h
Logging update: 21000
[84/120] solve_rate/mean=0.475 sps=2701535 eta=0.64h
Logging update: 21250
[85/120] solve_rate/mean=0.550 sps=2645288 eta=0.64h
Logging update: 21500
[86/120] solve_rate/mean=0.438 sps=2694736 eta=0.62h
WARNING:absl:SaveArgs.aggregate is deprecated, please use custom TypeHandler (https://orbax.readthedocs.io/en/latest/custom_handlers.html#typehandler) or contact Orbax team to migrate before May 1st, 2024.
Logging update: 21750
[87/120] solve_rate/mean=0.625 sps=2773154 eta=0.59h
Logging update: 22000
[88/120] solve_rate/mean=0.512 sps=2809716 eta=0.57h
Logging update: 22250
[89/120] solve_rate/mean=0.438 sps=2923141 eta=0.54h
Logging update: 22500
[90/120] solve_rate/mean=0.438 sps=2787228 eta=0.55h
Logging update: 22750
[91/120] solve_rate/mean=0.488 sps=2879287 eta=0.52h
Logging update: 23000
[92/120] solve_rate/mean=0.575 sps=2993481 eta=0.49h
Logging update: 23250
[93/120] solve_rate/mean=0.350 sps=2950662 eta=0.48h
Logging update: 23500
[94/120] solve_rate/mean=0.587 sps=3046157 eta=0.46h
Logging update: 23750
[95/120] solve_rate/mean=0.375 sps=2937955 eta=0.46h
Logging update: 24000
[96/120] solve_rate/mean=0.575 sps=3085215 eta=0.42h
Logging update: 24250
[97/120] solve_rate/mean=0.387 sps=3104965 eta=0.41h
Logging update: 24500
[98/120] solve_rate/mean=0.525 sps=3132755 eta=0.39h
Logging update: 24750
[99/120] solve_rate/mean=0.525 sps=3109008 eta=0.38h
Logging update: 25000
[100/120] solve_rate/mean=0.475 sps=3135145 eta=0.36h
Logging update: 25250
[101/120] solve_rate/mean=0.450 sps=3230977 eta=0.34h
Logging update: 25500
[102/120] solve_rate/mean=0.513 sps=3243528 eta=0.32h
Logging update: 25750
[103/120] solve_rate/mean=0.550 sps=3245586 eta=0.31h
WARNING:absl:SaveArgs.aggregate is deprecated, please use custom TypeHandler (https://orbax.readthedocs.io/en/latest/custom_handlers.html#typehandler) or contact Orbax team to migrate before May 1st, 2024.
Logging update: 26000
[104/120] solve_rate/mean=0.587 sps=3194022 eta=0.30h
Logging update: 26250
[105/120] solve_rate/mean=0.562 sps=3316138 eta=0.27h
Logging update: 26500
[106/120] solve_rate/mean=0.475 sps=3427856 eta=0.25h
Logging update: 26750
[107/120] solve_rate/mean=0.462 sps=3407659 eta=0.23h
Logging update: 27000
[108/120] solve_rate/mean=0.363 sps=3463340 eta=0.21h
Logging update: 27250
[109/120] solve_rate/mean=0.338 sps=3422663 eta=0.20h
Logging update: 27500
[110/120] solve_rate/mean=0.375 sps=3606646 eta=0.17h
Logging update: 27750
[111/120] solve_rate/mean=0.550 sps=3593287 eta=0.16h
Logging update: 28000
[112/120] solve_rate/mean=0.450 sps=3587538 eta=0.14h
Logging update: 28250
[113/120] solve_rate/mean=0.375 sps=3488447 eta=0.13h
Logging update: 28500
[114/120] solve_rate/mean=0.487 sps=3591593 eta=0.11h
Logging update: 28750
[115/120] solve_rate/mean=0.438 sps=3733542 eta=0.09h
Logging update: 29000
[116/120] solve_rate/mean=0.387 sps=3794256 eta=0.07h
Logging update: 29250
[117/120] solve_rate/mean=0.363 sps=3750443 eta=0.05h
Logging update: 29500
[118/120] solve_rate/mean=0.488 sps=3716138 eta=0.04h
Logging update: 29750
[119/120] solve_rate/mean=0.475 sps=3858469 eta=0.02h
Logging update: 30000
[120/120] solve_rate/mean=0.400 sps=3940599 eta=0.00h
WARNING:absl:SaveArgs.aggregate is deprecated, please use custom TypeHandler (https://orbax.readthedocs.io/en/latest/custom_handlers.html#typehandler) or contact Orbax team to migrate before May 1st, 2024.
wandb: - 0.000 MB of 0.000 MB uploadedwandb:                                                                                
wandb: 
wandb: Run history:
wandb:             agent/actor_loss █▅▅▄▃▃▃▄▂▃▂▂▃▃▃▁▁▂▃▂▂▂▂▂▂▃▂▂▃▂▃▂▂▃▃▃▃▃▃▄
wandb:            agent/critic_loss ▂███▆▅▆▅▄▆▄▅▄▄▄▄▃▄▃▃▄▃▂▂▂▃▂▃▂▁▄▂▂▂▁▂▂▂▁▁
wandb:                agent/entropy █▂▂▁▁▁▁▁▁▁▁▁▁▁▁▁▁▁▁▁▁▁▁▁▁▁▁▁▁▁▁▁▁▁▁▁▁▁▁▁
wandb:                   agent/loss ▁██▇▆▆▆▆▄▆▄▅▄▄▄▄▃▄▄▄▄▄▃▃▃▃▃▃▂▂▄▂▃▃▂▃▂▃▂▂
wandb:         eval_ep_lengths/mean █▆█▇█▆▇▇▆▅▆█▄▅▄▃▅▄▅▂▅▄▆▆▆▅▃▄▂▄▄▃▄▃▁▅▆▄▄▄
wandb:        level/mean_num_blocks ▂▁▄▄▃▃▃█▄▄▄▂▄▄▄▃▃▃▃▃▃▄▃▄▄▄▃▄▂▃▄▄▃▄▃▃▃▄▃▄
wandb:  level_sampler/episode_count ▁▁▁▂▂▂▂▂▂▃▃▃▃▃▃▄▄▄▄▄▅▅▅▅▅▅▆▆▆▆▆▇▇▇▇▇▇███
wandb:      level_sampler/max_score █▆▄▆▃▂▂▃▂▄▂▅▂▄▂▄▃▂▄▂▅▄▂▄▁▂▃▃▂▃▂▁▂▂▁▂▅▁▁▁
wandb:     level_sampler/mean_score ▁▅██▇▇▇▇▆▇▆▇▇▇▇▆▆▇▆▆▇▆▆▆▆▆▆▆▆▆▇▆▆▆▆▆▇▆▆▆
wandb:           level_sampler/size ▁███████████████████████████████████████
wandb: level_sampler/weighted_score ▆▃▄█▆▅▄█▆▃▂▃▂▃▃▂▃▂▄▂▆▅▂▄▁▃▃▃▂▃▃▂▃▂▁▂▅▂▁▁
wandb:                num_env_steps ▁▁▁▂▂▂▂▂▂▃▃▃▃▃▃▄▄▄▄▄▅▅▅▅▅▅▆▆▆▆▆▇▇▇▇▇▇███
wandb:                  num_updates ▁▁▁▂▂▂▂▂▂▃▃▃▃▃▃▄▄▄▄▄▅▅▅▅▅▅▆▆▆▆▆▇▇▇▇▇▇███
wandb:             return/Labyrinth ▁▁▁▁▁▁▁▁▁▅▂▁▃▇▂▃▄▆▄█▂█▁▁▁▆▇▄▇▄▆▆▅██▄▆█▇▇
wandb:            return/Labyrinth2 ▁▁▁▁▁▁▁▁▃▁▁▁▆▅▂▄▁▅▃▄▂█▁▁▁▁▂▄▁▃▇▃█▁▁▅▁▁▅▃
wandb:      return/LabyrinthFlipped ▁▁▁▁▁▁▁▁▁▁▁▁▁▁▄▅▁▃▁▆▁█▁▁▁▂▂▅▃▁▂▁▁▃▅▂▅▁▁▁
wandb:          return/SixteenRooms ▁▃▂▁▁▅▅▆▇▅▅▂▇▅▇█▆█▅▅█▄▇▇▇▇▇▅▇▆▄▆▅▃█▇▃▇▇▅
wandb:         return/SixteenRooms2 ▁▁▁▁▁▁▂▃▂▁▂▁▁▃▂▂▂▆▂▁▂▄▁▂▁▃▁▁▅▁█▂▂██▇▃▆▄▅
wandb:          return/StandardMaze ▁▁▁▂▃▅▂▁▂▁▁▁▁▁▁▂▁▁▁▁▁▁▁▁▁▁▁▁▁▁▁▁█▁▁▁▁▁▁▁
wandb:         return/StandardMaze2 ▁▁▁▂▁▁▁▁▁▁▂▁▂▁▅▆▄▂▄▅▂▂▁▁▁▁▅▄▅▆▃▆▅▇█▂▄▃▁▁
wandb:         return/StandardMaze3 ▁▁▁▅▁▁▁▁▁▁█▁▁▁▃▆▁▃▁▃▁█▁▁▁▁▁▅▁▂█▁▁▁▁▁▁▁▁▁
wandb:                  return/mean ▁▂▁▂▁▂▂▃▃▃▃▁▄▄▅▆▄▆▄▆▄▇▃▃▃▄▅▅▆▅▆▅▆▆█▅▄▅▅▅
wandb:         solve_rate/Labyrinth ▁▁▁▁▁▁▁▁▁▇▂▂▃▇▅▄▆▇▇█▂█▁▁▁██▇▇▇█▇███▇████
wandb:        solve_rate/Labyrinth2 ▁▁▁▁▁▁▁▁▃▁▂▂▆█▃▆▂▇▅▅▂▇▁▁▁▁▃▇▁▅▇▃█▁▁▇▁▁▇▅
wandb:  solve_rate/LabyrinthFlipped ▁▁▁▁▁▁▁▁▁▁▁▁▁▂▇▆▂▅▁▇▁▇▁▁▁▄▃█▅▂▄▁▁▅█▂█▂▁▂
wandb:      solve_rate/SixteenRooms ▁▃▃▂▁▆███▆█▄█████▇█▇█▆██▇██▆██▆▇▆▃██▃███
wandb:     solve_rate/SixteenRooms2 ▁▁▁▁▁▁▄▃▂▂▃▁▁▄▃▃▂▆▃▂▃▄▁▃▁▄▁▁▆▁█▂▄██▇▃▇▄▆
wandb:      solve_rate/StandardMaze ▁▁▁▂▅▄▄▁▂▁▁▁▁▁▁▂▁▁▁▁▁▁▁▁▁▁▁▁▁▁▁▁█▁▁▁▁▁▁▁
wandb:     solve_rate/StandardMaze2 ▁▁▁▂▁▁▁▁▁▁▂▁▂▁▆▇▇▂▅▇▂▂▂▁▁▁▇▅▅▇▃▇▆▇█▂▄▃▁▁
wandb:     solve_rate/StandardMaze3 ▁▁▁▃▁▁▁▁▁▁▅▁▁▁▂▅▁▂▁▃▁▆▁▁▁▁▁▅▁▂█▁▁▁▁▁▁▁▁▁
wandb:              solve_rate/mean ▁▁▁▂▁▂▃▃▃▃▄▂▄▆▆▇▅▆▆▇▄▇▃▃▂▅▆█▆▆█▅▇▆█▆▅▅▆▆
wandb:                          sps ▁▁▁▂▂▂▂▂▂▃▃▃▃▃▃▄▄▄▄▄▄▅▅▅▅▅▅▆▆▆▆▆▇▇▇▇▇▇██
wandb:                   time_delta █▂▁▂▂▁▂▁▂▂▂▁▂▂▂▂▁▂▂▂▂▂▂▂▂▂▂▂▂▁▁▂▂▂▃▂▁▂▁▁
wandb: 
wandb: Run summary:
wandb:             agent/actor_loss -0.00079
wandb:            agent/critic_loss 0.00598
wandb:                agent/entropy 0.04884
wandb:                   agent/loss 0.00216
wandb:         eval_ep_lengths/mean 202.75
wandb:        level/mean_num_blocks 23.352
wandb:  level_sampler/episode_count 960000
wandb:      level_sampler/max_score 0.29986
wandb:     level_sampler/mean_score 0.21586
wandb:           level_sampler/size 4000
wandb: level_sampler/weighted_score 0.27518
wandb:                num_env_steps 245760000
wandb:                  num_updates 30000
wandb:             return/Labyrinth 0.42112
wandb:            return/Labyrinth2 0.17304
wandb:      return/LabyrinthFlipped 0.02548
wandb:          return/SixteenRooms 0.49312
wandb:         return/SixteenRooms2 0.30128
wandb:          return/StandardMaze 0.0
wandb:         return/StandardMaze2 0.0
wandb:         return/StandardMaze3 0.0
wandb:                  return/mean 0.17675
wandb:         solve_rate/Labyrinth 1.0
wandb:        solve_rate/Labyrinth2 0.6
wandb:  solve_rate/LabyrinthFlipped 0.1
wandb:      solve_rate/SixteenRooms 1.0
wandb:     solve_rate/SixteenRooms2 0.5
wandb:      solve_rate/StandardMaze 0.0
wandb:     solve_rate/StandardMaze2 0.0
wandb:     solve_rate/StandardMaze3 0.0
wandb:              solve_rate/mean 0.4
wandb:                          sps 3940599.3591
wandb:                   time_delta 62.36615
wandb: 
wandb: You can sync this run to the cloud by running:
wandb: wandb sync /workspace/tlab_ued/runs/plr_maxmc/0/wandb/offline-run-20260823_125940-j9xv19kx
wandb: Find logs at: /workspace/tlab_ued/runs/plr_maxmc/0/wandb/offline-run-20260823_125940-j9xv19kx/logs
wandb: WARNING The new W&B backend becomes opt-out in version 0.18.0; try it out with `wandb.require("core")`! See https://wandb.me/wandb-core for more information.
