
=== 2026-09-15 12:50:00 launching: /workspace/venvs/jaxued/bin/python -m tlab_ued.train --project tlab-ued --run_name sfl_accel_learnability --seed 1 --mode train --checkpoint_to_eval -1 --checkpoint_save_interval 17 --max_number_of_checkpoints 60 --eval_freq 250 --eval_num_attempts 10 --eval_levels SixteenRooms SixteenRooms2 Labyrinth LabyrinthFlipped Labyrinth2 StandardMaze StandardMaze2 StandardMaze3 --lr 0.0001 --max_grad_norm 0.5 --num_updates 30000 --num_steps 256 --num_train_envs 32 --num_minibatches 1 --gamma 0.995 --epoch_ppo 5 --clip_eps 0.2 --gae_lambda 0.98 --entropy_coeff 0.001 --critic_coeff 0.5 --agent_view_size 5 --score_function learnability --no-exploratory_grad_updates --level_buffer_capacity 4000 --replay_prob 1.0 --staleness_coeff 0.3 --temperature 0.3 --topk_k 4 --minimum_fill_ratio 0.5 --prioritization rank --buffer_duplicate_check --use_accel --num_edits 5 --n_walls 25 --teacher sfl_accel --level_generator minigrid_walls --level_mutator minimax --log_media levels --out_dir /workspace/TLabUED --no-resume --diagnose_levels 1024 --diagnose_mutation_rounds 1 --no-ladder --ladder_proposals 8 --ladder_out  --no-allow_student_changes --sfl_num_attempts 4 --sfl_period 250 --sfl_num_levels 224 --sfl_topk 32 --sfl_p_decay 0.25 --oracle_features level_bfs --oracle_hidden 64 --oracle_lr 0.0003 --oracle_train_steps 2 --oracle_batch_size 256 --oracle_buffer_capacity 8192 --oracle_num_proposals 8192 --oracle_control_levels 16 --oracle_mutation_proposals 8 --oracle_rescore_buffer --oracle_verify --oracle_warmup_updates 1000

Levels from generator 'minigrid_walls' (n_walls=25)  (n=1024)
  solvable          99.5%   (goal unreachable 0.5%, needs >250 steps 0.0%)
  optimal steps   median 11  mean 11.6  p10 5  p90 18  max 31
  best return     0.958 mean over solvable levels
  difficulty      trivial<=10 43.9% | easy<=30 55.5% | medium<=60 0.1% | hard<=120 0.0% | brutal>120 0.0% | unsolvable 0.5%
  reachable area  99.5% of free cells   walls 23.3 (13.8% of the grid)
...after 1x mutator 'minimax' (5 edits)  (n=1024)
  solvable          99.6%   (goal unreachable 0.4%, needs >250 steps 0.0%)
  optimal steps   median 12  mean 11.8  p10 5  p90 19  max 30
  best return     0.957 mean over solvable levels
  difficulty      trivial<=10 42.2% | easy<=30 57.4% | medium<=60 0.0% | hard<=120 0.0% | brutal>120 0.0% | unsolvable 0.4%
  reachable area  99.5% of free cells   walls 24.5 (14.5% of the grid)

  env_steps                   245760000
  total_updates               30000
  reserved_updates            3360
  expected_gradient_updates   13320.0
  expected_mutation_updates   13320.0
  expected_dr_updates         0.0
  sfl_phase_updates           28
  levels_scored_per_update    8
  attempts_per_level          4
wandb: Tracking run with wandb version 0.17.5
wandb: W&B syncing is set to `offline` in this directory.  
wandb: Run `wandb online` or set WANDB_MODE=online to enable cloud syncing.
E0915 12:50:54.561038   38167 gpu_timer.cc:183] Delay kernel timed out: measured time has sub-optimal accuracy. There may be a missing warmup execution, please investigate in Nsight Systems.
Logging update: 250
[1/120] solve_rate/mean=0.000 sps=31447 eta=2.15h
WARNING:absl:SaveArgs.aggregate is deprecated, please use custom TypeHandler (https://orbax.readthedocs.io/en/latest/custom_handlers.html#typehandler) or contact Orbax team to migrate before May 1st, 2024.
Logging update: 500
[2/120] solve_rate/mean=0.000 sps=82469 eta=1.63h
Logging update: 750
[3/120] solve_rate/mean=0.013 sps=194582 eta=1.03h
Logging update: 1000
[4/120] solve_rate/mean=0.000 sps=258908 eta=1.02h
Logging update: 1250
[5/120] solve_rate/mean=0.025 sps=329742 eta=0.99h
Logging update: 1500
[6/120] solve_rate/mean=0.050 sps=388679 eta=1.00h
Logging update: 1750
[7/120] solve_rate/mean=0.000 sps=459966 eta=0.98h
Logging update: 2000
[8/120] solve_rate/mean=0.025 sps=517963 eta=0.98h
Logging update: 2250
[9/120] solve_rate/mean=0.038 sps=587751 eta=0.97h
Logging update: 2500
[10/120] solve_rate/mean=0.025 sps=670588 eta=0.93h
Logging update: 2750
[11/120] solve_rate/mean=0.050 sps=759078 eta=0.90h
Logging update: 3000
[12/120] solve_rate/mean=0.087 sps=811346 eta=0.91h
Logging update: 3250
[13/120] solve_rate/mean=0.113 sps=866476 eta=0.91h
Logging update: 3500
[14/120] solve_rate/mean=0.113 sps=928821 eta=0.91h
Logging update: 3750
[15/120] solve_rate/mean=0.125 sps=960695 eta=0.93h
Logging update: 4000
[16/120] solve_rate/mean=0.138 sps=1048939 eta=0.90h
Logging update: 4250
[17/120] solve_rate/mean=0.162 sps=1127086 eta=0.88h
Logging update: 4500
[18/120] solve_rate/mean=0.125 sps=1176009 eta=0.89h
WARNING:absl:SaveArgs.aggregate is deprecated, please use custom TypeHandler (https://orbax.readthedocs.io/en/latest/custom_handlers.html#typehandler) or contact Orbax team to migrate before May 1st, 2024.
Logging update: 4750
[19/120] solve_rate/mean=0.163 sps=1225468 eta=0.89h
Logging update: 5000
[20/120] solve_rate/mean=0.150 sps=1273456 eta=0.89h
Logging update: 5250
[21/120] solve_rate/mean=0.188 sps=1374116 eta=0.86h
Logging update: 5500
[22/120] solve_rate/mean=0.125 sps=1477919 eta=0.83h
Logging update: 5750
[23/120] solve_rate/mean=0.325 sps=1507963 eta=0.84h
Logging update: 6000
[24/120] solve_rate/mean=0.225 sps=1556503 eta=0.84h
Logging update: 6250
[25/120] solve_rate/mean=0.163 sps=1635752 eta=0.83h
Logging update: 6500
[26/120] solve_rate/mean=0.213 sps=1697590 eta=0.82h
Logging update: 6750
[27/120] solve_rate/mean=0.387 sps=1746157 eta=0.82h
Logging update: 7000
[28/120] solve_rate/mean=0.463 sps=1864183 eta=0.79h
Logging update: 7250
[29/120] solve_rate/mean=0.213 sps=1885209 eta=0.80h
Logging update: 7500
[30/120] solve_rate/mean=0.463 sps=2006454 eta=0.77h
Logging update: 7750
[31/120] solve_rate/mean=0.588 sps=2060604 eta=0.76h
Logging update: 8000
[32/120] solve_rate/mean=0.562 sps=2117785 eta=0.76h
Logging update: 8250
[33/120] solve_rate/mean=0.562 sps=2206620 eta=0.74h
Logging update: 8500
[34/120] solve_rate/mean=0.650 sps=2167818 eta=0.77h
Logging update: 8750
[35/120] solve_rate/mean=0.550 sps=2239754 eta=0.76h
WARNING:absl:SaveArgs.aggregate is deprecated, please use custom TypeHandler (https://orbax.readthedocs.io/en/latest/custom_handlers.html#typehandler) or contact Orbax team to migrate before May 1st, 2024.
Logging update: 9000
[36/120] solve_rate/mean=0.788 sps=2324256 eta=0.74h
Logging update: 9250
[37/120] solve_rate/mean=0.713 sps=2394607 eta=0.73h
Logging update: 9500
[38/120] solve_rate/mean=0.550 sps=2419912 eta=0.73h
Logging update: 9750
[39/120] solve_rate/mean=0.788 sps=2612211 eta=0.69h
Logging update: 10000
[40/120] solve_rate/mean=0.800 sps=2620704 eta=0.69h
Logging update: 10250
[41/120] solve_rate/mean=0.763 sps=2663812 eta=0.69h
Logging update: 10500
[42/120] solve_rate/mean=0.788 sps=2773447 eta=0.67h
Logging update: 10750
[43/120] solve_rate/mean=0.713 sps=2756933 eta=0.68h
Logging update: 11000
[44/120] solve_rate/mean=0.575 sps=2885296 eta=0.66h
Logging update: 11250
[45/120] solve_rate/mean=0.675 sps=3053489 eta=0.63h
Logging update: 11500
[46/120] solve_rate/mean=0.650 sps=3032942 eta=0.64h
Logging update: 11750
[47/120] solve_rate/mean=0.850 sps=3169255 eta=0.62h
Logging update: 12000
[48/120] solve_rate/mean=0.500 sps=3147360 eta=0.62h
Logging update: 12250
[49/120] solve_rate/mean=0.825 sps=3214434 eta=0.62h
Logging update: 12500
[50/120] solve_rate/mean=0.500 sps=3188787 eta=0.62h
Logging update: 12750
[51/120] solve_rate/mean=0.775 sps=3229051 eta=0.62h
Logging update: 13000
[52/120] solve_rate/mean=0.513 sps=3317673 eta=0.61h
WARNING:absl:SaveArgs.aggregate is deprecated, please use custom TypeHandler (https://orbax.readthedocs.io/en/latest/custom_handlers.html#typehandler) or contact Orbax team to migrate before May 1st, 2024.
