
=== 2026-08-24 06:08:27 launching: /workspace/venvs/jaxued/bin/python -m tlab_ued.train --project tlab-ued --run_name sfl_accel_learnability_n64 --seed 0 --mode train --checkpoint_to_eval -1 --checkpoint_save_interval 17 --max_number_of_checkpoints 60 --eval_freq 250 --eval_num_attempts 10 --eval_levels SixteenRooms SixteenRooms2 Labyrinth LabyrinthFlipped Labyrinth2 StandardMaze StandardMaze2 StandardMaze3 --lr 0.0001 --max_grad_norm 0.5 --num_updates 30000 --num_steps 256 --num_train_envs 32 --num_minibatches 1 --gamma 0.995 --epoch_ppo 5 --clip_eps 0.2 --gae_lambda 0.98 --entropy_coeff 0.001 --critic_coeff 0.5 --agent_view_size 5 --score_function learnability --no-exploratory_grad_updates --level_buffer_capacity 4000 --replay_prob 1.0 --staleness_coeff 0.3 --temperature 0.3 --topk_k 4 --minimum_fill_ratio 0.5 --prioritization rank --buffer_duplicate_check --use_accel --num_edits 5 --n_walls 25 --teacher sfl_accel --level_generator minigrid_walls --level_mutator minimax --log_media levels --out_dir /workspace/tlab_ued --no-resume --diagnose_levels 1024 --diagnose_mutation_rounds 1 --no-allow_student_changes --sfl_num_attempts 4 --sfl_period 250 --sfl_num_levels 64 --sfl_topk 32 --sfl_p_decay 0.25 --oracle_features level_bfs --oracle_hidden 64 --oracle_lr 0.0003 --oracle_train_steps 2 --oracle_batch_size 256 --oracle_buffer_capacity 8192 --oracle_num_proposals 8192 --oracle_control_levels 16 --oracle_mutation_proposals 8 --oracle_rescore_buffer --oracle_verify --oracle_warmup_updates 1000

Levels from generator 'minigrid_walls' (n_walls=25)  (n=1024)
  solvable          99.7%   (goal unreachable 0.3%, needs >250 steps 0.0%)
  optimal steps   median 11  mean 11.5  p10 5  p90 18  max 27
  best return     0.958 mean over solvable levels
  difficulty      trivial<=10 44.6% | easy<=30 55.1% | medium<=60 0.0% | hard<=120 0.0% | brutal>120 0.0% | unsolvable 0.3%
  reachable area  99.5% of free cells   walls 23.3 (13.8% of the grid)
...after 1x mutator 'minimax' (5 edits)  (n=1024)
  solvable          99.6%   (goal unreachable 0.4%, needs >250 steps 0.0%)
  optimal steps   median 11  mean 11.5  p10 5  p90 19  max 29
  best return     0.959 mean over solvable levels
  difficulty      trivial<=10 45.0% | easy<=30 54.6% | medium<=60 0.0% | hard<=120 0.0% | brutal>120 0.0% | unsolvable 0.4%
  reachable area  99.3% of free cells   walls 24.6 (14.5% of the grid)

  env_steps                   245760000
  total_updates               30000
  reserved_updates            960
  expected_gradient_updates   14520.0
  expected_mutation_updates   14520.0
  expected_dr_updates         0.0
  sfl_phase_updates           8
  levels_scored_per_update    8
  attempts_per_level          4
wandb: Tracking run with wandb version 0.17.5
wandb: W&B syncing is set to `offline` in this directory.  
wandb: Run `wandb online` or set WANDB_MODE=online to enable cloud syncing.
Logging update: 250
[1/120] solve_rate/mean=0.000 sps=23438 eta=2.89h
WARNING:absl:SaveArgs.aggregate is deprecated, please use custom TypeHandler (https://orbax.readthedocs.io/en/latest/custom_handlers.html#typehandler) or contact Orbax team to migrate before May 1st, 2024.
Logging update: 500
[2/120] solve_rate/mean=0.013 sps=59080 eta=2.27h
Logging update: 750
[3/120] solve_rate/mean=0.025 sps=88384 eta=2.26h
Logging update: 1000
[4/120] solve_rate/mean=0.013 sps=107141 eta=2.46h
Logging update: 1250
[5/120] solve_rate/mean=0.000 sps=135469 eta=2.41h
Logging update: 1500
[6/120] solve_rate/mean=0.000 sps=161423 eta=2.41h
Logging update: 1750
[7/120] solve_rate/mean=0.025 sps=187839 eta=2.40h
Logging update: 2000
[8/120] solve_rate/mean=0.100 sps=211664 eta=2.41h
Logging update: 2250
[9/120] solve_rate/mean=0.062 sps=239769 eta=2.37h
Logging update: 2500
[10/120] solve_rate/mean=0.088 sps=268776 eta=2.33h
Logging update: 2750
[11/120] solve_rate/mean=0.075 sps=295956 eta=2.30h
Logging update: 3000
[12/120] solve_rate/mean=0.075 sps=323749 eta=2.28h
Logging update: 3250
[13/120] solve_rate/mean=0.213 sps=356112 eta=2.22h
Logging update: 3500
[14/120] solve_rate/mean=0.150 sps=372997 eta=2.26h
Logging update: 3750
[15/120] solve_rate/mean=0.125 sps=403821 eta=2.22h
Logging update: 4000
[16/120] solve_rate/mean=0.088 sps=429578 eta=2.20h
Logging update: 4250
[17/120] solve_rate/mean=0.225 sps=457696 eta=2.18h
Logging update: 4500
[18/120] solve_rate/mean=0.300 sps=483520 eta=2.16h
WARNING:absl:SaveArgs.aggregate is deprecated, please use custom TypeHandler (https://orbax.readthedocs.io/en/latest/custom_handlers.html#typehandler) or contact Orbax team to migrate before May 1st, 2024.
Logging update: 4750
[19/120] solve_rate/mean=0.150 sps=510392 eta=2.14h
Logging update: 5000
[20/120] solve_rate/mean=0.087 sps=540340 eta=2.11h
Logging update: 5250
[21/120] solve_rate/mean=0.212 sps=564439 eta=2.10h
Logging update: 5500
[22/120] solve_rate/mean=0.238 sps=591586 eta=2.07h
Logging update: 5750
[23/120] solve_rate/mean=0.275 sps=620807 eta=2.04h
Logging update: 6000
[24/120] solve_rate/mean=0.350 sps=648919 eta=2.02h
Logging update: 6250
[25/120] solve_rate/mean=0.175 sps=673616 eta=2.01h
Logging update: 6500
[26/120] solve_rate/mean=0.350 sps=702733 eta=1.98h
Logging update: 6750
[27/120] solve_rate/mean=0.338 sps=726202 eta=1.97h
Logging update: 7000
[28/120] solve_rate/mean=0.388 sps=752974 eta=1.95h
Logging update: 7250
[29/120] solve_rate/mean=0.462 sps=782854 eta=1.92h
Logging update: 7500
[30/120] solve_rate/mean=0.512 sps=808510 eta=1.90h
Logging update: 7750
[31/120] solve_rate/mean=0.512 sps=837482 eta=1.87h
Logging update: 8000
[32/120] solve_rate/mean=0.637 sps=867536 eta=1.85h
Logging update: 8250
[33/120] solve_rate/mean=0.400 sps=952684 eta=1.71h
Logging update: 8500
[34/120] solve_rate/mean=0.425 sps=919535 eta=1.81h
Logging update: 8750
[35/120] solve_rate/mean=0.513 sps=948287 eta=1.78h
WARNING:absl:SaveArgs.aggregate is deprecated, please use custom TypeHandler (https://orbax.readthedocs.io/en/latest/custom_handlers.html#typehandler) or contact Orbax team to migrate before May 1st, 2024.
Logging update: 9000
[36/120] solve_rate/mean=0.750 sps=968877 eta=1.78h
Logging update: 9250
[37/120] solve_rate/mean=0.700 sps=999314 eta=1.75h
Logging update: 9500
[38/120] solve_rate/mean=0.488 sps=1024011 eta=1.73h
Logging update: 9750
[39/120] solve_rate/mean=0.737 sps=1056593 eta=1.70h
Logging update: 10000
[40/120] solve_rate/mean=0.525 sps=1107481 eta=1.64h
Logging update: 10250
[41/120] solve_rate/mean=0.625 sps=1124447 eta=1.64h
Logging update: 10500
[42/120] solve_rate/mean=0.625 sps=1145081 eta=1.63h
Logging update: 10750
[43/120] solve_rate/mean=0.700 sps=1165993 eta=1.62h
Logging update: 11000
[44/120] solve_rate/mean=0.375 sps=1188976 eta=1.60h
Logging update: 11250
[45/120] solve_rate/mean=0.663 sps=1222345 eta=1.57h
Logging update: 11500
[46/120] solve_rate/mean=0.713 sps=1242766 eta=1.56h
Logging update: 11750
[47/120] solve_rate/mean=0.763 sps=1372034 eta=1.42h
Logging update: 12000
[48/120] solve_rate/mean=0.725 sps=1309832 eta=1.50h
Logging update: 12250
[49/120] solve_rate/mean=0.363 sps=1318827 eta=1.50h
Logging update: 12500
[50/120] solve_rate/mean=0.663 sps=1349975 eta=1.47h
Logging update: 12750
[51/120] solve_rate/mean=0.763 sps=1375445 eta=1.46h
Logging update: 13000
[52/120] solve_rate/mean=0.613 sps=1428409 eta=1.41h
WARNING:absl:SaveArgs.aggregate is deprecated, please use custom TypeHandler (https://orbax.readthedocs.io/en/latest/custom_handlers.html#typehandler) or contact Orbax team to migrate before May 1st, 2024.
Logging update: 13250
[53/120] solve_rate/mean=0.775 sps=1434795 eta=1.41h
Logging update: 13500
[54/120] solve_rate/mean=0.525 sps=1458547 eta=1.39h
Logging update: 13750
[55/120] solve_rate/mean=0.562 sps=1491583 eta=1.36h
Logging update: 14000
[56/120] solve_rate/mean=0.763 sps=1514666 eta=1.35h
Logging update: 14250
[57/120] solve_rate/mean=0.700 sps=1548389 eta=1.32h
Logging update: 14500
[58/120] solve_rate/mean=0.637 sps=1566046 eta=1.31h
Logging update: 14750
[59/120] solve_rate/mean=0.900 sps=1604294 eta=1.28h
Logging update: 15000
[60/120] solve_rate/mean=0.575 sps=1627611 eta=1.26h
Logging update: 15250
[61/120] solve_rate/mean=0.375 sps=1674994 eta=1.22h
Logging update: 15500
[62/120] solve_rate/mean=0.538 sps=1668641 eta=1.23h
Logging update: 15750
[63/120] solve_rate/mean=0.625 sps=1690279 eta=1.21h
Logging update: 16000
[64/120] solve_rate/mean=0.725 sps=1716176 eta=1.19h
Logging update: 16250
[65/120] solve_rate/mean=0.688 sps=1752708 eta=1.16h
Logging update: 16500
[66/120] solve_rate/mean=0.500 sps=1789125 eta=1.13h
Logging update: 16750
[67/120] solve_rate/mean=0.500 sps=1850754 eta=1.09h
Logging update: 17000
[68/120] solve_rate/mean=0.650 sps=1835918 eta=1.10h
Logging update: 17250
[69/120] solve_rate/mean=0.488 sps=1864053 eta=1.07h
WARNING:absl:SaveArgs.aggregate is deprecated, please use custom TypeHandler (https://orbax.readthedocs.io/en/latest/custom_handlers.html#typehandler) or contact Orbax team to migrate before May 1st, 2024.
Logging update: 17500
[70/120] solve_rate/mean=0.613 sps=1891296 eta=1.05h
Logging update: 17750
[71/120] solve_rate/mean=0.775 sps=1910873 eta=1.04h
Logging update: 18000
[72/120] solve_rate/mean=0.775 sps=1941707 eta=1.01h
Logging update: 18250
[73/120] solve_rate/mean=0.650 sps=1954508 eta=1.00h
Logging update: 18500
[74/120] solve_rate/mean=0.713 sps=1993383 eta=0.97h
Logging update: 18750
[75/120] solve_rate/mean=0.637 sps=2018492 eta=0.95h
Logging update: 19000
[76/120] solve_rate/mean=0.863 sps=2047476 eta=0.93h
Logging update: 19250
[77/120] solve_rate/mean=0.688 sps=2069296 eta=0.91h
Logging update: 19500
[78/120] solve_rate/mean=0.850 sps=2103119 eta=0.89h
Logging update: 19750
[79/120] solve_rate/mean=0.613 sps=2119498 eta=0.87h
Logging update: 20000
[80/120] solve_rate/mean=0.725 sps=2144780 eta=0.85h
Logging update: 20250
[81/120] solve_rate/mean=0.450 sps=2180008 eta=0.82h
Logging update: 20500
[82/120] solve_rate/mean=0.438 sps=2218877 eta=0.80h
Logging update: 20750
[83/120] solve_rate/mean=0.488 sps=2244551 eta=0.78h
Logging update: 21000
[84/120] solve_rate/mean=0.800 sps=2270373 eta=0.76h
Logging update: 21250
[85/120] solve_rate/mean=0.713 sps=2290657 eta=0.74h
Logging update: 21500
[86/120] solve_rate/mean=0.825 sps=2325841 eta=0.72h
WARNING:absl:SaveArgs.aggregate is deprecated, please use custom TypeHandler (https://orbax.readthedocs.io/en/latest/custom_handlers.html#typehandler) or contact Orbax team to migrate before May 1st, 2024.
Logging update: 21750
[87/120] solve_rate/mean=0.763 sps=2338545 eta=0.70h
Logging update: 22000
[88/120] solve_rate/mean=0.488 sps=2379691 eta=0.67h
Logging update: 22250
[89/120] solve_rate/mean=0.825 sps=2404154 eta=0.65h
Logging update: 22500
[90/120] solve_rate/mean=0.650 sps=2418437 eta=0.64h
Logging update: 22750
[91/120] solve_rate/mean=0.463 sps=2465388 eta=0.61h
Logging update: 23000
[92/120] solve_rate/mean=0.562 sps=2484912 eta=0.59h
Logging update: 23250
[93/120] solve_rate/mean=0.750 sps=2516937 eta=0.57h
Logging update: 23500
[94/120] solve_rate/mean=0.688 sps=2534942 eta=0.55h
Logging update: 23750
[95/120] solve_rate/mean=0.812 sps=2559618 eta=0.53h
Logging update: 24000
[96/120] solve_rate/mean=0.712 sps=2587453 eta=0.51h
Logging update: 24250
[97/120] solve_rate/mean=0.900 sps=2610247 eta=0.49h
Logging update: 24500
[98/120] solve_rate/mean=0.837 sps=2642633 eta=0.46h
Logging update: 24750
[99/120] solve_rate/mean=0.862 sps=2663430 eta=0.44h
Logging update: 25000
[100/120] solve_rate/mean=0.925 sps=2705519 eta=0.42h
Logging update: 25250
[101/120] solve_rate/mean=0.750 sps=2732662 eta=0.40h
Logging update: 25500
[102/120] solve_rate/mean=0.863 sps=2741644 eta=0.38h
Logging update: 25750
[103/120] solve_rate/mean=0.888 sps=2770412 eta=0.36h
WARNING:absl:SaveArgs.aggregate is deprecated, please use custom TypeHandler (https://orbax.readthedocs.io/en/latest/custom_handlers.html#typehandler) or contact Orbax team to migrate before May 1st, 2024.
Logging update: 26000
[104/120] solve_rate/mean=0.737 sps=2802381 eta=0.34h
Logging update: 26250
[105/120] solve_rate/mean=0.975 sps=2833361 eta=0.32h
Logging update: 26500
[106/120] solve_rate/mean=0.750 sps=2859908 eta=0.30h
Logging update: 26750
[107/120] solve_rate/mean=0.712 sps=2892303 eta=0.27h
Logging update: 27000
[108/120] solve_rate/mean=0.775 sps=2901048 eta=0.25h
Logging update: 27250
[109/120] solve_rate/mean=0.812 sps=2939788 eta=0.23h
Logging update: 27500
[110/120] solve_rate/mean=0.775 sps=2965215 eta=0.21h
Logging update: 27750
[111/120] solve_rate/mean=0.525 sps=3007136 eta=0.19h
Logging update: 28000
[112/120] solve_rate/mean=0.613 sps=3037337 eta=0.17h
Logging update: 28250
[113/120] solve_rate/mean=0.775 sps=3056810 eta=0.15h
Logging update: 28500
[114/120] solve_rate/mean=0.400 sps=3080428 eta=0.13h
Logging update: 28750
[115/120] solve_rate/mean=0.750 sps=3299229 eta=0.10h
Logging update: 29000
[116/120] solve_rate/mean=0.800 sps=3319780 eta=0.08h
Logging update: 29250
[117/120] solve_rate/mean=0.587 sps=3353287 eta=0.06h
Logging update: 29500
[118/120] solve_rate/mean=0.712 sps=3348834 eta=0.04h
Logging update: 29750
[119/120] solve_rate/mean=0.800 sps=3493568 eta=0.02h
Logging update: 30000
[120/120] solve_rate/mean=0.612 sps=3899630 eta=0.00h
WARNING:absl:SaveArgs.aggregate is deprecated, please use custom TypeHandler (https://orbax.readthedocs.io/en/latest/custom_handlers.html#typehandler) or contact Orbax team to migrate before May 1st, 2024.
wandb: - 0.000 MB of 0.000 MB uploadedwandb:                                                                                
wandb: 
wandb: Run history:
wandb:              agent/actor_loss █▆▆▃▂▂▂▁▁▁▁▁▂▂▂▂▂▂▂▂▃▃▂▂▂▂▃▃▃▃▃▃▃▃▄▃▃▃▃▄
wandb:             agent/critic_loss ▁▃▆▆▅▆▆▆▆▆▆▆▇▇▇▇▇▇▇▇▆▇▇▇▇▇▇█▇▇▇▇▇▇▇█▇▇██
wandb:                 agent/entropy █▄▂▂▂▁▁▁▁▁▁▁▁▁▁▁▁▁▁▁▁▁▁▁▁▁▁▁▁▁▁▁▁▁▁▁▁▁▁▁
wandb:                    agent/loss ▁▄▆▆▆▆▆▆▆▆▆▇▇▇▇▇▇▇▇▇▇█▇▇▇▇▇█▇▇██▇█▇█▇▇██
wandb:         branch/num_dr_updates ▁▁▁▁▁▁▁▁▁▁▁▁▁▁▁▁▁▁▁▁▁▁▁▁▁▁▁▁▁▁▁▁▁▁▁▁▁▁▁▁
wandb:   branch/num_mutation_updates ▁▁▁▂▂▂▂▂▂▃▃▃▃▃▃▄▄▄▄▄▅▅▅▅▅▅▆▆▆▆▆▇▇▇▇▇▇███
wandb:     branch/num_replay_updates ▁▁▁▂▂▂▂▂▂▃▃▃▃▃▃▄▄▄▄▄▅▅▅▅▅▅▆▆▆▆▆▇▇▇▇▇▇███
wandb:        branch/num_sfl_updates ▁▁▁▂▂▂▂▂▂▃▃▃▃▃▃▄▄▄▄▄▅▅▅▅▅▅▆▆▆▆▆▇▇▇▇▇▇███
wandb:          eval_ep_lengths/mean ███▇█▇▇▅█▅▄▆▄▆▄▄▆▅▆▄▅▁▅▄▃▃▄▅▂▃▆▂▄▄▃▂▃▃▃▅
wandb:         level/mean_num_blocks ▁▂▂▂▂▂▂▂▂▂▃▃▄▄▄▄▅▅▆▅▅▆▆▆▆▇▇▇▇▇▇▇█▇█▇▇███
wandb:   level_sampler/episode_count ▁▁▁▂▂▂▂▂▂▃▃▃▃▃▃▄▄▄▄▄▅▅▅▅▅▅▆▆▆▆▆▇▇▇▇▇▇███
wandb:       level_sampler/max_score ████▇▇▇▆█▆▁▅▇▄▃▆▆▇██▆██▇███▇██▅▇██▅▅█▅▇▇
wandb: level_sampler/mean_max_return ▁▃▆▇████████████████████▇▇▇▇▇▇▇▇▇▇▇▇▇▇▇▇
wandb:          level_sampler/mean_p ▁▂▄▅▆▆▇▇████████████████████████████████
wandb:      level_sampler/mean_score ▁▄▇██▇▆▅▄▃▃▂▂▂▂▂▂▂▂▂▂▂▂▂▂▂▂▂▂▂▂▂▂▂▂▂▂▂▂▂
wandb:            level_sampler/size ▁███████████████████████████████████████
wandb:  level_sampler/weighted_score ▄▅▇██▆▄▄▄▃▃▂▃▂▂▂▂▂▃▂▂▂▁▃▂▂▃▁▂▃▁▃▂▃▂▂▃▃▃▂
wandb:                 num_env_steps ▁▁▁▂▂▂▂▂▂▃▃▃▃▃▃▄▄▄▄▄▅▅▅▅▅▅▆▆▆▆▆▇▇▇▇▇▇███
wandb:                   num_updates ▁▁▁▂▂▂▂▂▂▃▃▃▃▃▃▄▄▄▄▄▅▅▅▅▅▅▆▆▆▆▆▇▇▇▇▇▇███
wandb:              return/Labyrinth ▁▁▁▁▁▁▁▁▁▁▂▂▇▄▅▆▄▆▄▆▆▆▇▇██▇▅██▇█▅▅██▆▃▅▂
wandb:             return/Labyrinth2 ▁▁▁▁▂▁▁▁▁▂▆▅▇▂▆▆▂▅▃▂▃▃▃▇▃▁▅▁██▂▇▆▅█▁▁▃▃▂
wandb:       return/LabyrinthFlipped ▁▁▁▁▃▂▁▁▁▂▃▃▃▃▅▃▁▁▁▃▂▄▅▅▄▄▅▁▇█▆▇▅▆▆▅▅▇▇█
wandb:           return/SixteenRooms ▁▁▂▄▃▃▃▇▂▃▂▂▆▃▄▄▄▇▇▃▃▇▆▅▇▇▇▇▂▆▁▆▄▇▆██▆▅▄
wandb:          return/SixteenRooms2 ▁▁▁▁▂▁▂▁▂▃▂▁▁▂▁▁▆▂▃▆▂▆▂▇▃▅▄▅▆▂▂▁▄▃▁█▄▃▆▆
wandb:           return/StandardMaze ▁▁▁▂▂▁▁▂▃▄▄▆▆▆█▆▂▆▃▆▂▇▆▅▇▅▅▁█▇▄▆▃▆▄▄▅▄█▃
wandb:          return/StandardMaze2 ▁▁▁▁▁▁▁▁▁▂▁▁▁▃▂▁▁▁▁▁▁▁▁▁▁▁▁▁▅▅▁▆▅▁▂█▃▄▁▁
wandb:          return/StandardMaze3 ▁▁▁▁▂▁▂▃▂▃▇▅▆▁▃▇▁▇▄▇▅▄▄▆▅▄▄▅▅▃▃▄▅▄█▁▇▆▆█
wandb:                   return/mean ▁▁▁▂▂▂▂▃▂▃▅▄▇▄▆▆▄▆▅▆▄▇▆█▇▇▇▅██▄█▆▇▇█▇▆▇▆
wandb:   sfl/population_learnability ▅█▃▂▂▂▂▁▂▂▂▂▁▁▁▁▁▁▁▁▁▁▁▁▁▁▁▁▁▁▁▁▁▁▁▁▁▁▁▁
wandb:         sfl/topk_learnability ▆█▄▂▂▃▂▁▂▂▂▂▁▁▁▁▂▁▁▁▂▁▁▁▁▁▁▁▁▁▁▁▁▁▁▁▂▂▁▁
wandb:          solve_rate/Labyrinth ▁▁▁▁▁▁▁▁▁▁▄▂█▆▇▇▇▇▆█▇▇▇██████████████▇█▅
wandb:         solve_rate/Labyrinth2 ▁▁▁▁▂▁▁▁▁▂▆▆█▃█▇▂▅▅▂▅▄▄█▃▂▆▁█▇▄██▇█▁▂▇▇▂
wandb:   solve_rate/LabyrinthFlipped ▁▁▁▁▅▃▁▁▁▃▄▅▅▅▆▆▁▂▁▅▄▅▆▇▅▆▅▁█████▇█▆▅███
wandb:       solve_rate/SixteenRooms ▁▂▂▅▄▃▅█▄▄▂▃█▆▇█▇█▇▄▆█▇▅███▇▂▇▂▇▄▇▆██▇▆▅
wandb:      solve_rate/SixteenRooms2 ▁▁▁▁▂▁▂▂▂▅▅▁▂▅▂▂▇▂▇█▆█▅█▇▇▆▇▇▂▄▂▆▅▂██▃▇▇
wandb:       solve_rate/StandardMaze ▁▁▁▂▃▂▂▃▅▇▇██▇██▂█▅█▂█▇▇▇▇▇▂█▇▆▇▆▇██▇██▇
wandb:      solve_rate/StandardMaze2 ▁▁▁▁▁▁▁▁▁▂▁▁▁▅▃▁▁▁▁▁▂▁▂▁▂▁▁▁▅▇▁▆▇▂▂█▆▅▁▁
wandb:      solve_rate/StandardMaze3 ▁▁▁▁▂▁▄▅▃▇█▇▇▁▇█▂█▇█▇▆▇██▇████▇██▇█▁█▆██
wandb:               solve_rate/mean ▁▁▁▂▃▂▂▃▂▄▅▅▇▅▇▇▄▆▆▆▅▇▆▇▇▇▇▅██▆██▇▇▇▇▇█▆
wandb:                           sps ▁▁▁▁▂▂▂▂▂▂▂▃▃▃▃▃▃▄▄▄▄▄▄▄▅▅▅▅▅▅▅▆▆▆▆▆▆▆▇█
wandb:              steps_per_second ▁▄▄▄▄▄▄▄▄▄▄▄▄▄▄▄▄▄▄▄▄▄▄▄▄▄▄▄▄▄▄▄▄▄▄▄▄▄▅█
wandb:                    time_delta █▅▅▅▄▅▅▅▅▅▅▅▅▄▅▅▅▄▅▅▅▅▅▅▅▅▅▅▅▅▅▅▅▅▅▅▅▅▃▁
wandb:            train/learnability ▁█▆▆▅▅▄▄▃▃▄▃▄▃▃▃▄▄▄▃▃▄▄▄▄▃▃▃▃▄▄▄▃▃▃▃▄▄▄▃
wandb:            train/success_rate ▁▄▇▇▇▇█████████▇▇▇▇█▇▇▇█▇▇▇█▇▇▇▇▇▇▇▇▇▇▇▇
wandb: 
wandb: Run summary:
wandb:              agent/actor_loss -0.00031
wandb:             agent/critic_loss 0.01603
wandb:                 agent/entropy 0.02286
wandb:                    agent/loss 0.00768
wandb:         branch/num_dr_updates 242
wandb:   branch/num_mutation_updates 14399
wandb:     branch/num_replay_updates 14399
wandb:        branch/num_sfl_updates 960
wandb:          eval_ep_lengths/mean 201.875
wandb:         level/mean_num_blocks 48.59263
wandb:   level_sampler/episode_count 581736
wandb:       level_sampler/max_score 0.2439
wandb: level_sampler/mean_max_return 0.82372
wandb:          level_sampler/mean_p 0.86205
wandb:      level_sampler/mean_score 0.08576
wandb:            level_sampler/size 4000
wandb:  level_sampler/weighted_score 0.1958
wandb:                 num_env_steps 245760000
wandb:                   num_updates 30000
wandb:              return/Labyrinth 0.095
wandb:             return/Labyrinth2 0.06032
wandb:       return/LabyrinthFlipped 0.5284
wandb:           return/SixteenRooms 0.3668
wandb:          return/SixteenRooms2 0.52856
wandb:           return/StandardMaze 0.19404
wandb:          return/StandardMaze2 0.0
wandb:          return/StandardMaze3 0.7084
wandb:                   return/mean 0.31019
wandb:   sfl/population_learnability 0.0
wandb:         sfl/topk_learnability 0.0
wandb:          solve_rate/Labyrinth 0.5
wandb:         solve_rate/Labyrinth2 0.2
wandb:   solve_rate/LabyrinthFlipped 1.0
wandb:       solve_rate/SixteenRooms 0.5
wandb:      solve_rate/SixteenRooms2 0.8
wandb:       solve_rate/StandardMaze 0.9
wandb:      solve_rate/StandardMaze2 0.0
wandb:      solve_rate/StandardMaze3 1.0
wandb:               solve_rate/mean 0.6125
wandb:                           sps 3899629.7977
wandb:              steps_per_second 32496.91498
wandb:                    time_delta 63.02137
wandb:            train/learnability 0.0998
wandb:            train/success_rate 0.75599
wandb: 
wandb: You can sync this run to the cloud by running:
wandb: wandb sync /workspace/tlab_ued/runs/sfl_accel_learnability_n64/0/wandb/offline-run-20260824_060916-1fr3uyv4
wandb: Find logs at: /workspace/tlab_ued/runs/sfl_accel_learnability_n64/0/wandb/offline-run-20260824_060916-1fr3uyv4/logs
wandb: WARNING The new W&B backend becomes opt-out in version 0.18.0; try it out with `wandb.require("core")`! See https://wandb.me/wandb-core for more information.
