
=== 2026-09-15 14:00:02 launching: /workspace/venvs/jaxued/bin/python -m tlab_ued.train --project tlab-ued --run_name sfl_oracle_learnability_level_nomut --seed 1 --mode train --checkpoint_to_eval -1 --checkpoint_save_interval 17 --max_number_of_checkpoints 60 --eval_freq 250 --eval_num_attempts 10 --eval_levels SixteenRooms SixteenRooms2 Labyrinth LabyrinthFlipped Labyrinth2 StandardMaze StandardMaze2 StandardMaze3 --lr 0.0001 --max_grad_norm 0.5 --num_updates 30000 --num_steps 256 --num_train_envs 32 --num_minibatches 1 --gamma 0.995 --epoch_ppo 5 --clip_eps 0.2 --gae_lambda 0.98 --entropy_coeff 0.001 --critic_coeff 0.5 --agent_view_size 5 --score_function learnability --no-exploratory_grad_updates --level_buffer_capacity 4000 --replay_prob 1.0 --staleness_coeff 0.3 --temperature 0.3 --topk_k 4 --minimum_fill_ratio 0.5 --prioritization rank --buffer_duplicate_check --use_accel --num_edits 5 --n_walls 25 --teacher sfl_oracle --level_generator minigrid_walls --level_mutator minimax --log_media levels --out_dir /workspace/TLabUED --no-resume --diagnose_levels 1024 --diagnose_mutation_rounds 1 --no-ladder --ladder_proposals 8 --ladder_out  --no-allow_student_changes --sfl_num_attempts 4 --sfl_period 250 --sfl_num_levels 64 --sfl_topk 32 --sfl_p_decay 0.25 --oracle_features level --oracle_hidden 64 --oracle_lr 0.0003 --oracle_train_steps 2 --oracle_batch_size 256 --oracle_buffer_capacity 8192 --oracle_num_proposals 8192 --oracle_control_levels 16 --oracle_mutation_proposals 1 --oracle_rescore_buffer --oracle_verify --oracle_warmup_updates 1000

Levels from generator 'minigrid_walls' (n_walls=25)  (n=1024)
  solvable          99.5%   (goal unreachable 0.5%, needs >250 steps 0.0%)
  optimal steps   median 11  mean 11.6  p10 5  p90 18  max 31
  best return     0.958 mean over solvable levels
  difficulty      trivial<=10 43.9% | easy<=30 55.5% | medium<=60 0.1% | hard<=120 0.0% | brutal>120 0.0% | unsolvable 0.5%
  reachable area  99.5% of free cells   walls 23.3 (13.8% of the grid)
...after 1x mutator 'minimax' (5 edits)  (n=1024)
  solvable          99.6%   (goal unreachable 0.4%, needs >250 steps 0.0%)
  optimal steps   median 12  mean 11.8  p10 5  p90 19  max 30
  best return     0.957 mean over solvable levels
  difficulty      trivial<=10 42.2% | easy<=30 57.4% | medium<=60 0.0% | hard<=120 0.0% | brutal>120 0.0% | unsolvable 0.4%
  reachable area  99.5% of free cells   walls 24.5 (14.5% of the grid)

  env_steps                   245760000
  total_updates               30000
  reserved_updates            960
  expected_gradient_updates   14520.0
  expected_mutation_updates   14520.0
  expected_dr_updates         0.0
  sfl_phase_updates           8
  levels_scored_per_update    8
  attempts_per_level          4
  oracle_proposals_per_phase  8192
  oracle_verified_per_phase   64
  oracle_parameters           47809
wandb: Tracking run with wandb version 0.17.5
wandb: W&B syncing is set to `offline` in this directory.  
wandb: Run `wandb online` or set WANDB_MODE=online to enable cloud syncing.
Logging update: 250
[1/120] solve_rate/mean=0.000 sps=34360 eta=1.97h
WARNING:absl:SaveArgs.aggregate is deprecated, please use custom TypeHandler (https://orbax.readthedocs.io/en/latest/custom_handlers.html#typehandler) or contact Orbax team to migrate before May 1st, 2024.
WARNING:absl:SaveArgs.aggregate is deprecated, please use custom TypeHandler (https://orbax.readthedocs.io/en/latest/custom_handlers.html#typehandler) or contact Orbax team to migrate before May 1st, 2024.
Logging update: 500
[2/120] solve_rate/mean=0.000 sps=66252 eta=2.03h
Logging update: 750
[3/120] solve_rate/mean=0.000 sps=180023 eta=1.11h
Logging update: 1000
[4/120] solve_rate/mean=0.050 sps=268443 eta=0.98h
Logging update: 1250
[5/120] solve_rate/mean=0.038 sps=345968 eta=0.95h
Logging update: 1500
[6/120] solve_rate/mean=0.025 sps=387218 eta=1.00h
Logging update: 1750
[7/120] solve_rate/mean=0.050 sps=451603 eta=1.00h
Logging update: 2000
[8/120] solve_rate/mean=0.075 sps=516891 eta=0.99h
Logging update: 2250
[9/120] solve_rate/mean=0.025 sps=582491 eta=0.98h
Logging update: 2500
[10/120] solve_rate/mean=0.075 sps=644939 eta=0.97h
Logging update: 2750
[11/120] solve_rate/mean=0.138 sps=711370 eta=0.96h
Logging update: 3000
[12/120] solve_rate/mean=0.138 sps=779381 eta=0.95h
Logging update: 3250
[13/120] solve_rate/mean=0.138 sps=841240 eta=0.94h
Logging update: 3500
[14/120] solve_rate/mean=0.150 sps=905780 eta=0.93h
Logging update: 3750
[15/120] solve_rate/mean=0.150 sps=969342 eta=0.92h
Logging update: 4000
[16/120] solve_rate/mean=0.150 sps=1033846 eta=0.92h
Logging update: 4250
[17/120] solve_rate/mean=0.163 sps=1100985 eta=0.90h
Logging update: 4500
[18/120] solve_rate/mean=0.212 sps=1154636 eta=0.90h
WARNING:absl:SaveArgs.aggregate is deprecated, please use custom TypeHandler (https://orbax.readthedocs.io/en/latest/custom_handlers.html#typehandler) or contact Orbax team to migrate before May 1st, 2024.
WARNING:absl:SaveArgs.aggregate is deprecated, please use custom TypeHandler (https://orbax.readthedocs.io/en/latest/custom_handlers.html#typehandler) or contact Orbax team to migrate before May 1st, 2024.
Logging update: 4750
[19/120] solve_rate/mean=0.138 sps=1223818 eta=0.89h
Logging update: 5000
[20/120] solve_rate/mean=0.175 sps=1290780 eta=0.88h
Logging update: 5250
[21/120] solve_rate/mean=0.125 sps=1355708 eta=0.87h
Logging update: 5500
[22/120] solve_rate/mean=0.200 sps=1412895 eta=0.87h
Logging update: 5750
[23/120] solve_rate/mean=0.237 sps=1483355 eta=0.86h
Logging update: 6000
[24/120] solve_rate/mean=0.225 sps=1541527 eta=0.85h
Logging update: 6250
[25/120] solve_rate/mean=0.288 sps=1612586 eta=0.84h
Logging update: 6500
[26/120] solve_rate/mean=0.213 sps=1685369 eta=0.82h
Logging update: 6750
[27/120] solve_rate/mean=0.287 sps=1752964 eta=0.81h
Logging update: 7000
[28/120] solve_rate/mean=0.262 sps=1803330 eta=0.81h
Logging update: 7250
[29/120] solve_rate/mean=0.512 sps=1862218 eta=0.81h
Logging update: 7500
[30/120] solve_rate/mean=0.525 sps=1939894 eta=0.79h
Logging update: 7750
[31/120] solve_rate/mean=0.312 sps=1998130 eta=0.79h
Logging update: 8000
[32/120] solve_rate/mean=0.525 sps=2055271 eta=0.78h
Logging update: 8250
[33/120] solve_rate/mean=0.325 sps=2130740 eta=0.77h
Logging update: 8500
[34/120] solve_rate/mean=0.375 sps=2199837 eta=0.76h
Logging update: 8750
[35/120] solve_rate/mean=0.337 sps=2241344 eta=0.76h
WARNING:absl:SaveArgs.aggregate is deprecated, please use custom TypeHandler (https://orbax.readthedocs.io/en/latest/custom_handlers.html#typehandler) or contact Orbax team to migrate before May 1st, 2024.
WARNING:absl:SaveArgs.aggregate is deprecated, please use custom TypeHandler (https://orbax.readthedocs.io/en/latest/custom_handlers.html#typehandler) or contact Orbax team to migrate before May 1st, 2024.
Logging update: 9000
[36/120] solve_rate/mean=0.138 sps=2314134 eta=0.74h
Logging update: 9250
[37/120] solve_rate/mean=0.387 sps=2388301 eta=0.73h
Logging update: 9500
[38/120] solve_rate/mean=0.388 sps=2453877 eta=0.72h
Logging update: 9750
[39/120] solve_rate/mean=0.500 sps=2517501 eta=0.71h
Logging update: 10000
[40/120] solve_rate/mean=0.613 sps=2586431 eta=0.70h
Logging update: 10250
[41/120] solve_rate/mean=0.475 sps=2639906 eta=0.70h
Logging update: 10500
[42/120] solve_rate/mean=0.275 sps=2696945 eta=0.69h
Logging update: 10750
[43/120] solve_rate/mean=0.425 sps=2774801 eta=0.68h
Logging update: 11000
[44/120] solve_rate/mean=0.650 sps=2833302 eta=0.67h
Logging update: 11250
[45/120] solve_rate/mean=0.638 sps=2910747 eta=0.66h
Logging update: 11500
[46/120] solve_rate/mean=0.475 sps=2959693 eta=0.65h
Logging update: 11750
[47/120] solve_rate/mean=0.675 sps=3028109 eta=0.64h
Logging update: 12000
[48/120] solve_rate/mean=0.438 sps=3099109 eta=0.63h
Logging update: 12250
[49/120] solve_rate/mean=0.450 sps=3157213 eta=0.63h
Logging update: 12500
[50/120] solve_rate/mean=0.500 sps=3241928 eta=0.61h
Logging update: 12750
[51/120] solve_rate/mean=0.438 sps=3285474 eta=0.61h
Logging update: 13000
[52/120] solve_rate/mean=0.463 sps=3355224 eta=0.60h
WARNING:absl:SaveArgs.aggregate is deprecated, please use custom TypeHandler (https://orbax.readthedocs.io/en/latest/custom_handlers.html#typehandler) or contact Orbax team to migrate before May 1st, 2024.
WARNING:absl:SaveArgs.aggregate is deprecated, please use custom TypeHandler (https://orbax.readthedocs.io/en/latest/custom_handlers.html#typehandler) or contact Orbax team to migrate before May 1st, 2024.
Logging update: 13250
[53/120] solve_rate/mean=0.575 sps=3421832 eta=0.59h
Logging update: 13500
[54/120] solve_rate/mean=0.613 sps=3487131 eta=0.58h
Logging update: 13750
[55/120] solve_rate/mean=0.562 sps=3556776 eta=0.57h
Logging update: 14000
[56/120] solve_rate/mean=0.388 sps=3636609 eta=0.56h
Logging update: 14250
[57/120] solve_rate/mean=0.625 sps=3703911 eta=0.55h
Logging update: 14500
[58/120] solve_rate/mean=0.700 sps=3748515 eta=0.55h
Logging update: 14750
[59/120] solve_rate/mean=0.750 sps=3829785 eta=0.53h
Logging update: 15000
[60/120] solve_rate/mean=0.588 sps=3883047 eta=0.53h
Logging update: 15250
[61/120] solve_rate/mean=0.562 sps=3940337 eta=0.52h
Logging update: 15500
[62/120] solve_rate/mean=0.688 sps=4016182 eta=0.51h
Logging update: 15750
[63/120] solve_rate/mean=0.438 sps=4055639 eta=0.50h
Logging update: 16000
[64/120] solve_rate/mean=0.713 sps=4134074 eta=0.49h
Logging update: 16250
[65/120] solve_rate/mean=0.938 sps=4201303 eta=0.48h
Logging update: 16500
[66/120] solve_rate/mean=0.663 sps=4250649 eta=0.48h
Logging update: 16750
[67/120] solve_rate/mean=0.750 sps=4326634 eta=0.47h
Logging update: 17000
[68/120] solve_rate/mean=0.587 sps=4413219 eta=0.46h
Logging update: 17250
[69/120] solve_rate/mean=0.650 sps=4455998 eta=0.45h
WARNING:absl:SaveArgs.aggregate is deprecated, please use custom TypeHandler (https://orbax.readthedocs.io/en/latest/custom_handlers.html#typehandler) or contact Orbax team to migrate before May 1st, 2024.
WARNING:absl:SaveArgs.aggregate is deprecated, please use custom TypeHandler (https://orbax.readthedocs.io/en/latest/custom_handlers.html#typehandler) or contact Orbax team to migrate before May 1st, 2024.
Logging update: 17500
[70/120] solve_rate/mean=0.850 sps=4533616 eta=0.44h
Logging update: 17750
[71/120] solve_rate/mean=0.712 sps=4579727 eta=0.43h
Logging update: 18000
[72/120] solve_rate/mean=0.712 sps=4624570 eta=0.43h
Logging update: 18250
[73/120] solve_rate/mean=0.712 sps=4691865 eta=0.42h
Logging update: 18500
[74/120] solve_rate/mean=0.638 sps=4758204 eta=0.41h
Logging update: 18750
[75/120] solve_rate/mean=0.638 sps=4837756 eta=0.40h
Logging update: 19000
[76/120] solve_rate/mean=0.625 sps=4895789 eta=0.39h
Logging update: 19250
[77/120] solve_rate/mean=0.725 sps=4995930 eta=0.38h
Logging update: 19500
[78/120] solve_rate/mean=0.750 sps=5036933 eta=0.37h
Logging update: 19750
[79/120] solve_rate/mean=0.850 sps=5102521 eta=0.36h
Logging update: 20000
[80/120] solve_rate/mean=0.613 sps=5170579 eta=0.35h
Logging update: 20250
[81/120] solve_rate/mean=0.812 sps=5229831 eta=0.34h
Logging update: 20500
[82/120] solve_rate/mean=0.938 sps=5299181 eta=0.33h
Logging update: 20750
[83/120] solve_rate/mean=0.600 sps=5348250 eta=0.33h
Logging update: 21000
[84/120] solve_rate/mean=0.688 sps=5419297 eta=0.32h
Logging update: 21250
[85/120] solve_rate/mean=0.750 sps=5497240 eta=0.31h
Logging update: 21500
[86/120] solve_rate/mean=0.838 sps=5536967 eta=0.30h
WARNING:absl:SaveArgs.aggregate is deprecated, please use custom TypeHandler (https://orbax.readthedocs.io/en/latest/custom_handlers.html#typehandler) or contact Orbax team to migrate before May 1st, 2024.
WARNING:absl:SaveArgs.aggregate is deprecated, please use custom TypeHandler (https://orbax.readthedocs.io/en/latest/custom_handlers.html#typehandler) or contact Orbax team to migrate before May 1st, 2024.
Logging update: 21750
[87/120] solve_rate/mean=0.600 sps=5607969 eta=0.29h
Logging update: 22000
[88/120] solve_rate/mean=0.750 sps=5658325 eta=0.28h
Logging update: 22250
[89/120] solve_rate/mean=0.425 sps=5738951 eta=0.27h
Logging update: 22500
[90/120] solve_rate/mean=0.600 sps=5787931 eta=0.27h
