
=== 2026-08-24 06:08:27 launching: /workspace/venvs/jaxued/bin/python -m tlab_ued.train --project tlab-ued --run_name sfl_oracle_learnability_bfs --seed 0 --mode train --checkpoint_to_eval -1 --checkpoint_save_interval 17 --max_number_of_checkpoints 60 --eval_freq 250 --eval_num_attempts 10 --eval_levels SixteenRooms SixteenRooms2 Labyrinth LabyrinthFlipped Labyrinth2 StandardMaze StandardMaze2 StandardMaze3 --lr 0.0001 --max_grad_norm 0.5 --num_updates 30000 --num_steps 256 --num_train_envs 32 --num_minibatches 1 --gamma 0.995 --epoch_ppo 5 --clip_eps 0.2 --gae_lambda 0.98 --entropy_coeff 0.001 --critic_coeff 0.5 --agent_view_size 5 --score_function learnability --no-exploratory_grad_updates --level_buffer_capacity 4000 --replay_prob 1.0 --staleness_coeff 0.3 --temperature 0.3 --topk_k 4 --minimum_fill_ratio 0.5 --prioritization rank --buffer_duplicate_check --use_accel --num_edits 5 --n_walls 25 --teacher sfl_oracle --level_generator minigrid_walls --level_mutator minimax --log_media levels --out_dir /workspace/tlab_ued --no-resume --diagnose_levels 1024 --diagnose_mutation_rounds 1 --no-allow_student_changes --sfl_num_attempts 4 --sfl_period 250 --sfl_num_levels 64 --sfl_topk 32 --sfl_p_decay 0.25 --oracle_features bfs --oracle_hidden 64 --oracle_lr 0.0003 --oracle_train_steps 2 --oracle_batch_size 256 --oracle_buffer_capacity 8192 --oracle_num_proposals 8192 --oracle_control_levels 16 --oracle_mutation_proposals 8 --oracle_rescore_buffer --oracle_verify --oracle_warmup_updates 1000

Levels from generator 'minigrid_walls' (n_walls=25)  (n=1024)
  solvable          99.7%   (goal unreachable 0.3%, needs >250 steps 0.0%)
  optimal steps   median 11  mean 11.5  p10 5  p90 18  max 27
  best return     0.958 mean over solvable levels
  difficulty      trivial<=10 44.6% | easy<=30 55.1% | medium<=60 0.0% | hard<=120 0.0% | brutal>120 0.0% | unsolvable 0.3%
  reachable area  99.5% of free cells   walls 23.3 (13.8% of the grid)
...after 1x mutator 'minimax' (5 edits)  (n=1024)
  solvable          99.6%   (goal unreachable 0.4%, needs >250 steps 0.0%)
  optimal steps   median 11  mean 11.5  p10 5  p90 19  max 29
  best return     0.959 mean over solvable levels
  difficulty      trivial<=10 45.0% | easy<=30 54.6% | medium<=60 0.0% | hard<=120 0.0% | brutal>120 0.0% | unsolvable 0.4%
  reachable area  99.3% of free cells   walls 24.6 (14.5% of the grid)

  env_steps                   245760000
  total_updates               30000
  reserved_updates            960
  expected_gradient_updates   14520.0
  expected_mutation_updates   14520.0
  expected_dr_updates         0.0
  sfl_phase_updates           8
  levels_scored_per_update    8
  attempts_per_level          4
  oracle_proposals_per_phase  8192
  oracle_verified_per_phase   64
  oracle_parameters           385
wandb: Tracking run with wandb version 0.17.5
wandb: W&B syncing is set to `offline` in this directory.  
wandb: Run `wandb online` or set WANDB_MODE=online to enable cloud syncing.
Logging update: 250
[1/120] solve_rate/mean=0.000 sps=19253 eta=3.52h
WARNING:absl:SaveArgs.aggregate is deprecated, please use custom TypeHandler (https://orbax.readthedocs.io/en/latest/custom_handlers.html#typehandler) or contact Orbax team to migrate before May 1st, 2024.
WARNING:absl:SaveArgs.aggregate is deprecated, please use custom TypeHandler (https://orbax.readthedocs.io/en/latest/custom_handlers.html#typehandler) or contact Orbax team to migrate before May 1st, 2024.
Logging update: 500
[2/120] solve_rate/mean=0.000 sps=34359 eta=3.91h
Logging update: 750
[3/120] solve_rate/mean=0.013 sps=80664 eta=2.48h
Logging update: 1000
[4/120] solve_rate/mean=0.038 sps=108323 eta=2.44h
Logging update: 1250
[5/120] solve_rate/mean=0.075 sps=134329 eta=2.44h
Logging update: 1500
[6/120] solve_rate/mean=0.125 sps=160632 eta=2.42h
Logging update: 1750
[7/120] solve_rate/mean=0.088 sps=184971 eta=2.43h
Logging update: 2000
[8/120] solve_rate/mean=0.113 sps=212834 eta=2.39h
Logging update: 2250
[9/120] solve_rate/mean=0.138 sps=264784 eta=2.15h
Logging update: 2500
[10/120] solve_rate/mean=0.100 sps=270782 eta=2.31h
Logging update: 2750
[11/120] solve_rate/mean=0.087 sps=296234 eta=2.30h
Logging update: 3000
[12/120] solve_rate/mean=0.125 sps=328209 eta=2.25h
Logging update: 3250
[13/120] solve_rate/mean=0.113 sps=379985 eta=2.08h
Logging update: 3500
[14/120] solve_rate/mean=0.175 sps=486353 eta=1.74h
Logging update: 3750
[15/120] solve_rate/mean=0.125 sps=404931 eta=2.21h
Logging update: 4000
[16/120] solve_rate/mean=0.162 sps=432409 eta=2.19h
Logging update: 4250
[17/120] solve_rate/mean=0.100 sps=460919 eta=2.16h
Logging update: 4500
[18/120] solve_rate/mean=0.425 sps=483630 eta=2.16h
WARNING:absl:SaveArgs.aggregate is deprecated, please use custom TypeHandler (https://orbax.readthedocs.io/en/latest/custom_handlers.html#typehandler) or contact Orbax team to migrate before May 1st, 2024.
WARNING:absl:SaveArgs.aggregate is deprecated, please use custom TypeHandler (https://orbax.readthedocs.io/en/latest/custom_handlers.html#typehandler) or contact Orbax team to migrate before May 1st, 2024.
Logging update: 4750
[19/120] solve_rate/mean=0.275 sps=515534 eta=2.12h
Logging update: 5000
[20/120] solve_rate/mean=0.125 sps=539577 eta=2.11h
Logging update: 5250
[21/120] solve_rate/mean=0.525 sps=562614 eta=2.10h
Logging update: 5500
[22/120] solve_rate/mean=0.438 sps=588981 eta=2.08h
Logging update: 5750
[23/120] solve_rate/mean=0.513 sps=618731 eta=2.05h
Logging update: 6000
[24/120] solve_rate/mean=0.663 sps=643914 eta=2.04h
Logging update: 6250
[25/120] solve_rate/mean=0.450 sps=673856 eta=2.01h
Logging update: 6500
[26/120] solve_rate/mean=0.250 sps=693995 eta=2.00h
Logging update: 6750
[27/120] solve_rate/mean=0.412 sps=722987 eta=1.98h
Logging update: 7000
[28/120] solve_rate/mean=0.675 sps=746842 eta=1.96h
Logging update: 7250
[29/120] solve_rate/mean=0.638 sps=780962 eta=1.92h
Logging update: 7500
[30/120] solve_rate/mean=0.775 sps=800266 eta=1.92h
Logging update: 7750
[31/120] solve_rate/mean=0.787 sps=834742 eta=1.88h
Logging update: 8000
[32/120] solve_rate/mean=0.875 sps=871589 eta=1.84h
Logging update: 8250
[33/120] solve_rate/mean=0.825 sps=879803 eta=1.86h
Logging update: 8500
[34/120] solve_rate/mean=0.812 sps=908447 eta=1.83h
Logging update: 8750
[35/120] solve_rate/mean=0.750 sps=934094 eta=1.81h
WARNING:absl:SaveArgs.aggregate is deprecated, please use custom TypeHandler (https://orbax.readthedocs.io/en/latest/custom_handlers.html#typehandler) or contact Orbax team to migrate before May 1st, 2024.
WARNING:absl:SaveArgs.aggregate is deprecated, please use custom TypeHandler (https://orbax.readthedocs.io/en/latest/custom_handlers.html#typehandler) or contact Orbax team to migrate before May 1st, 2024.
Logging update: 9000
[36/120] solve_rate/mean=0.500 sps=968245 eta=1.78h
Logging update: 9250
[37/120] solve_rate/mean=0.738 sps=990071 eta=1.76h
Logging update: 9500
[38/120] solve_rate/mean=0.712 sps=1012309 eta=1.75h
Logging update: 9750
[39/120] solve_rate/mean=0.700 sps=1047216 eta=1.72h
Logging update: 10000
[40/120] solve_rate/mean=0.812 sps=1076117 eta=1.69h
Logging update: 10250
[41/120] solve_rate/mean=0.700 sps=1097056 eta=1.68h
Logging update: 10500
[42/120] solve_rate/mean=0.837 sps=1122150 eta=1.66h
Logging update: 10750
[43/120] solve_rate/mean=0.825 sps=1149158 eta=1.64h
Logging update: 11000
[44/120] solve_rate/mean=0.725 sps=1175069 eta=1.62h
Logging update: 11250
[45/120] solve_rate/mean=0.787 sps=1204845 eta=1.59h
Logging update: 11500
[46/120] solve_rate/mean=0.888 sps=1235757 eta=1.57h
Logging update: 11750
[47/120] solve_rate/mean=0.812 sps=1260827 eta=1.55h
Logging update: 12000
[48/120] solve_rate/mean=0.875 sps=1307171 eta=1.50h
Logging update: 12250
[49/120] solve_rate/mean=0.913 sps=1313197 eta=1.51h
Logging update: 12500
[50/120] solve_rate/mean=0.913 sps=1334722 eta=1.49h
Logging update: 12750
[51/120] solve_rate/mean=0.850 sps=1400193 eta=1.43h
Logging update: 13000
[52/120] solve_rate/mean=0.750 sps=1394057 eta=1.44h
WARNING:absl:SaveArgs.aggregate is deprecated, please use custom TypeHandler (https://orbax.readthedocs.io/en/latest/custom_handlers.html#typehandler) or contact Orbax team to migrate before May 1st, 2024.
WARNING:absl:SaveArgs.aggregate is deprecated, please use custom TypeHandler (https://orbax.readthedocs.io/en/latest/custom_handlers.html#typehandler) or contact Orbax team to migrate before May 1st, 2024.
Logging update: 13250
[53/120] solve_rate/mean=0.675 sps=1428917 eta=1.41h
Logging update: 13500
[54/120] solve_rate/mean=0.837 sps=1450996 eta=1.40h
Logging update: 13750
[55/120] solve_rate/mean=0.675 sps=1481454 eta=1.37h
Logging update: 14000
[56/120] solve_rate/mean=0.688 sps=1502691 eta=1.36h
Logging update: 14250
[57/120] solve_rate/mean=0.725 sps=1535425 eta=1.33h
Logging update: 14500
[58/120] solve_rate/mean=0.863 sps=1562608 eta=1.31h
Logging update: 14750
[59/120] solve_rate/mean=0.837 sps=1590720 eta=1.29h
Logging update: 15000
[60/120] solve_rate/mean=0.887 sps=1600633 eta=1.28h
Logging update: 15250
[61/120] solve_rate/mean=0.650 sps=1666227 eta=1.23h
Logging update: 15500
[62/120] solve_rate/mean=0.925 sps=1657260 eta=1.23h
Logging update: 15750
[63/120] solve_rate/mean=0.975 sps=1685812 eta=1.21h
Logging update: 16000
[64/120] solve_rate/mean=0.800 sps=1709422 eta=1.19h
Logging update: 16250
[65/120] solve_rate/mean=0.788 sps=1736235 eta=1.17h
Logging update: 16500
[66/120] solve_rate/mean=0.837 sps=1786666 eta=1.13h
Logging update: 16750
[67/120] solve_rate/mean=0.875 sps=1806492 eta=1.12h
Logging update: 17000
[68/120] solve_rate/mean=0.762 sps=1815328 eta=1.11h
Logging update: 17250
[69/120] solve_rate/mean=0.675 sps=1859598 eta=1.08h
WARNING:absl:SaveArgs.aggregate is deprecated, please use custom TypeHandler (https://orbax.readthedocs.io/en/latest/custom_handlers.html#typehandler) or contact Orbax team to migrate before May 1st, 2024.
WARNING:absl:SaveArgs.aggregate is deprecated, please use custom TypeHandler (https://orbax.readthedocs.io/en/latest/custom_handlers.html#typehandler) or contact Orbax team to migrate before May 1st, 2024.
Logging update: 17500
[70/120] solve_rate/mean=0.663 sps=1867460 eta=1.07h
Logging update: 17750
[71/120] solve_rate/mean=0.975 sps=1913254 eta=1.03h
Logging update: 18000
[72/120] solve_rate/mean=0.875 sps=1917460 eta=1.03h
Logging update: 18250
[73/120] solve_rate/mean=0.975 sps=1956843 eta=1.00h
Logging update: 18500
[74/120] solve_rate/mean=0.900 sps=1972561 eta=0.98h
Logging update: 18750
[75/120] solve_rate/mean=0.950 sps=2009775 eta=0.96h
Logging update: 19000
[76/120] solve_rate/mean=0.875 sps=2021719 eta=0.94h
Logging update: 19250
[77/120] solve_rate/mean=0.850 sps=2062218 eta=0.91h
Logging update: 19500
[78/120] solve_rate/mean=0.863 sps=2072928 eta=0.90h
Logging update: 19750
[79/120] solve_rate/mean=0.962 sps=2101275 eta=0.88h
Logging update: 20000
[80/120] solve_rate/mean=0.825 sps=2126309 eta=0.86h
Logging update: 20250
[81/120] solve_rate/mean=1.000 sps=2179218 eta=0.82h
Logging update: 20500
[82/120] solve_rate/mean=0.863 sps=2194426 eta=0.81h
Logging update: 20750
[83/120] solve_rate/mean=0.650 sps=2238173 eta=0.78h
Logging update: 21000
[84/120] solve_rate/mean=0.688 sps=2250299 eta=0.76h
Logging update: 21250
[85/120] solve_rate/mean=0.762 sps=2285972 eta=0.74h
Logging update: 21500
[86/120] solve_rate/mean=0.625 sps=2291938 eta=0.73h
WARNING:absl:SaveArgs.aggregate is deprecated, please use custom TypeHandler (https://orbax.readthedocs.io/en/latest/custom_handlers.html#typehandler) or contact Orbax team to migrate before May 1st, 2024.
WARNING:absl:SaveArgs.aggregate is deprecated, please use custom TypeHandler (https://orbax.readthedocs.io/en/latest/custom_handlers.html#typehandler) or contact Orbax team to migrate before May 1st, 2024.
Logging update: 21750
[87/120] solve_rate/mean=0.875 sps=2347827 eta=0.70h
Logging update: 22000
[88/120] solve_rate/mean=0.837 sps=2354645 eta=0.68h
Logging update: 22250
[89/120] solve_rate/mean=0.950 sps=2390440 eta=0.66h
Logging update: 22500
[90/120] solve_rate/mean=0.800 sps=2414670 eta=0.64h
Logging update: 22750
[91/120] solve_rate/mean=0.788 sps=2448415 eta=0.61h
Logging update: 23000
[92/120] solve_rate/mean=0.812 sps=2470797 eta=0.59h
Logging update: 23250
[93/120] solve_rate/mean=0.800 sps=2502076 eta=0.57h
Logging update: 23500
[94/120] solve_rate/mean=0.575 sps=2504261 eta=0.56h
Logging update: 23750
[95/120] solve_rate/mean=0.825 sps=2550118 eta=0.53h
Logging update: 24000
[96/120] solve_rate/mean=0.788 sps=2552320 eta=0.51h
Logging update: 24250
[97/120] solve_rate/mean=0.887 sps=2611033 eta=0.49h
Logging update: 24500
[98/120] solve_rate/mean=0.988 sps=2614566 eta=0.47h
Logging update: 24750
[99/120] solve_rate/mean=0.962 sps=2662377 eta=0.44h
Logging update: 25000
[100/120] solve_rate/mean=0.812 sps=2668098 eta=0.43h
Logging update: 25250
[101/120] solve_rate/mean=0.712 sps=2702430 eta=0.40h
Logging update: 25500
[102/120] solve_rate/mean=0.788 sps=2709961 eta=0.39h
Logging update: 25750
[103/120] solve_rate/mean=0.625 sps=2776392 eta=0.36h
WARNING:absl:SaveArgs.aggregate is deprecated, please use custom TypeHandler (https://orbax.readthedocs.io/en/latest/custom_handlers.html#typehandler) or contact Orbax team to migrate before May 1st, 2024.
WARNING:absl:SaveArgs.aggregate is deprecated, please use custom TypeHandler (https://orbax.readthedocs.io/en/latest/custom_handlers.html#typehandler) or contact Orbax team to migrate before May 1st, 2024.
Logging update: 26000
[104/120] solve_rate/mean=0.875 sps=2785771 eta=0.34h
Logging update: 26250
[105/120] solve_rate/mean=0.863 sps=2817941 eta=0.32h
Logging update: 26500
[106/120] solve_rate/mean=0.975 sps=2835456 eta=0.30h
Logging update: 26750
[107/120] solve_rate/mean=0.975 sps=2863441 eta=0.28h
Logging update: 27000
[108/120] solve_rate/mean=0.900 sps=2870700 eta=0.26h
Logging update: 27250
[109/120] solve_rate/mean=0.725 sps=2933292 eta=0.23h
Logging update: 27500
[110/120] solve_rate/mean=0.750 sps=2959965 eta=0.21h
Logging update: 27750
[111/120] solve_rate/mean=0.875 sps=2987594 eta=0.19h
Logging update: 28000
[112/120] solve_rate/mean=0.812 sps=3002721 eta=0.17h
Logging update: 28250
[113/120] solve_rate/mean=0.738 sps=3042763 eta=0.15h
Logging update: 28500
[114/120] solve_rate/mean=0.875 sps=3253565 eta=0.12h
Logging update: 28750
[115/120] solve_rate/mean=0.800 sps=3312791 eta=0.10h
Logging update: 29000
[116/120] solve_rate/mean=0.888 sps=3314619 eta=0.08h
Logging update: 29250
[117/120] solve_rate/mean=0.938 sps=3314887 eta=0.06h
Logging update: 29500
[118/120] solve_rate/mean=0.913 sps=3538026 eta=0.04h
Logging update: 29750
[119/120] solve_rate/mean=1.000 sps=4055237 eta=0.02h
Logging update: 30000
[120/120] solve_rate/mean=0.863 sps=4514736 eta=0.00h
WARNING:absl:SaveArgs.aggregate is deprecated, please use custom TypeHandler (https://orbax.readthedocs.io/en/latest/custom_handlers.html#typehandler) or contact Orbax team to migrate before May 1st, 2024.
WARNING:absl:SaveArgs.aggregate is deprecated, please use custom TypeHandler (https://orbax.readthedocs.io/en/latest/custom_handlers.html#typehandler) or contact Orbax team to migrate before May 1st, 2024.
wandb: - 0.000 MB of 0.000 MB uploadedwandb:                                                                                
wandb: 
wandb: Run history:
wandb:              agent/actor_loss █▅▆▄▁▁▁▁▁▂▂▂▂▁▃▃▂▂▂▃▃▃▃▃▂▂▃▃▃▃▄▃▃▃▄▄▄▃▃▄
wandb:             agent/critic_loss ▁▄▆▆▆▆▅▅▅▄▄▄▄▄▄▄▅▅▅▄▄▄▆▅▇▅▅▆▅▅▄▄▄▄▄▄▆▄█▅
wandb:                 agent/entropy █▄▂▂▂▁▁▁▁▁▁▁▁▁▁▁▁▁▁▁▁▁▁▁▁▁▁▁▁▁▁▁▁▁▁▁▁▁▁▁
wandb:                    agent/loss ▁▄▆▆▆▆▆▅▅▅▅▅▅▅▅▅▆▆▅▅▅▅▆▆▇▅▆▆▅▆▅▅▅▅▅▅▆▅█▆
wandb:         branch/num_dr_updates ▁▁▁▁▁▁▁▁▁▁▁▁▁▁▁▁▁▁▁▁▁▁▁▁▁▁▁▁▁▁▁▁▁▁▁▁▁▁▁▁
wandb:   branch/num_mutation_updates ▁▁▁▂▂▂▂▂▂▃▃▃▃▃▃▄▄▄▄▄▅▅▅▅▅▅▆▆▆▆▆▇▇▇▇▇▇███
wandb:     branch/num_oracle_inserts ▁▁▁▂▂▂▂▂▂▃▃▃▃▃▃▄▄▄▄▄▅▅▅▅▅▅▆▆▆▆▆▇▇▇▇▇▇███
wandb:     branch/num_replay_updates ▁▁▁▂▂▂▂▂▂▃▃▃▃▃▃▄▄▄▄▄▅▅▅▅▅▅▆▆▆▆▆▇▇▇▇▇▇███
wandb:        branch/num_sfl_updates ▁▁▁▂▂▂▂▂▂▃▃▃▃▃▃▄▄▄▄▄▅▅▅▅▅▅▆▆▆▆▆▇▇▇▇▇▇███
wandb:          eval_ep_lengths/mean ███▇▇▇▇▅▅▅▄▂▃▅▄▂▂▃▄▂▂▂▄▁▁▃▂▃▃▂▄▂▁▃▂▁▃▃▃▂
wandb:         level/mean_num_blocks ▁▂▂▃▃▄▄▅▅▅▆▆▆▆▆▆▆▆▇▇▇█▇▇▇▇▇▇█▇▇▇▇▇████▇█
wandb:   level_sampler/episode_count ▁▁▁▂▂▂▂▂▂▃▃▃▃▃▃▄▄▄▄▄▅▅▅▅▅▅▆▆▆▆▆▇▇▇▇▇▇███
wandb:       level_sampler/max_score ███▆███████▁▇█▇███▃███▇██████▇███▇▇▃█▅█▂
wandb: level_sampler/mean_max_return ▁▄▆████████▇▇▇▇▇▇▇▇▇▇▇▇▇▇▇▆▆▆▆▆▆▆▆▆▆▆▆▆▆
wandb:          level_sampler/mean_p ▁▂▄▅▆▆▇▇▇███████████████████████████████
wandb:      level_sampler/mean_score ▁██▆▅▄▅▅▄▄▄▄▄▅▄▅▅▅▆▆▅▆▆▆▆▆▅▅▆▆▆▇▆▆▆▆▆▇▅▆
wandb:            level_sampler/size ▁███████████████████████████████████████
wandb:  level_sampler/weighted_score ▇█▄▂▂▂▂▂▂▂▃▃▃▃▁▃▄▅▅▅▃▄▅▄▅▄▄▅▄▅▆▇▄▅▆▅▄▆▅▅
wandb:                 num_env_steps ▁▁▁▂▂▂▂▂▂▃▃▃▃▃▃▄▄▄▄▄▅▅▅▅▅▅▆▆▆▆▆▇▇▇▇▇▇███
wandb:                   num_updates ▁▁▁▂▂▂▂▂▂▃▃▃▃▃▃▄▄▄▄▄▅▅▅▅▅▅▆▆▆▆▆▇▇▇▇▇▇███
wandb:                   oracle/bias █▃▂▂▁▂▂▁▁▂▂▂▂▂▂▂▂▂▂▂▁▂▂▁▁▂▂▂▂▂▂▁▂▁▂▂▁▂▁▁
wandb:                  oracle/brier █▄▆▄▄▃▄▃▂▃▃▂▂▂▁▁▁▂▁▂▁▁▂▂▂▂▁▁▁▂▂▂▂▂▁▂▂▂▂▂
wandb:          oracle/buffer_mean_p ▁▄▇█████████████▇▇▇▇▇▇▇▇▇▇▇▇▇▇▇▆▇▇▇▇▇▇▇▇
wandb:          oracle/control_brier █▄▅▂▂▂▁▁▁▁▁▁▂▁▁▁▁▁▁▁▁▁▁▂▁▁▁▁▁▃▁▂▄▂▂▄▄▁▄▄
wandb:   oracle/control_learnability ▅█▂▃▃▂▁▁▂▁▁▁▂▂▁▁▁▂▁▂▁▁▁▁▁▁▁▁▁▁▁▂▃▂▂▂▂▁▁▁
wandb:      oracle/control_rank_corr █▇▄▅▅▄▄▄▅▂▆▄▆▆▆▄▄▂▃▅▇▃▃▄▃▆▃▅▅▄▂▃▃▄▃▅▁▂▃▆
wandb:                   oracle/loss ▁█▅▅▅▅▅▃▄▅▆▆▅▅▄▅▅▄▅▄▄▆▅▆▆▄▄▆▄▆▇▇▄▆▅▄▆▆▄▅
wandb:           oracle/observations ▁███████████████████████████████████████
wandb: oracle/predicted_learnability █▇▇▆▆▅▅▅▄▄▃▃▂▃▂▃▃▃▃▃▃▂▃▄▃▃▁▁▁▂▁▄▃▃▂▃▄▃▄▄
wandb:              oracle/rank_corr ██▃▄▃▃▂▁▂▂▁▂▃▂▁▁▂▂▂▂▂▁▁▂▂▂▁▁▁▂▂▁▁▁▂▁▁▂▁▁
wandb:  oracle/selected_learnability ▃█▆▆▅▄▃▂▂▁▁▂▂▂▁▁▁▂▁▂▁▁▁▂▂▁▁▂▁▁▁▁▁▁▂▁▁▁▁▁
wandb:         oracle/selection_gain ▂▂█▄▂▅▃▃▃▂▂▂▂▃▁▁▁▂▂▃▁▁▁▂▃▁▁▂▁▂▁▁▁▁▂▁▁▂▁▁
wandb:              return/Labyrinth ▁▁▁▁▁▁▁▃▂▅▅▆▃▅█▇█▇▂██████▇███████▁█▇████
wandb:             return/Labyrinth2 ▁▁▁▁▁▁▃▁▅▇▆▅▃▂▅▇█▂▁▂█▁▆██▆▃▂▁█▁▁▇▁▁█▁▁▂▇
wandb:       return/LabyrinthFlipped ▁▁▁▁▁▁▂▆▂▇▆▇▆████▃▇███▇█▇█▇▁▁█▇▆█▇▇▇▇▇█▇
wandb:           return/SixteenRooms ▁▂▂▃▄▅▄▅▄▆▆▆▆▇▆▇▇▇▆▇██▅▇█▇████▃▇▇██▇▇███
wandb:          return/SixteenRooms2 ▁▁▂▁▂▁▄▂▄▃▂▃▃▅▄▆▅▃▇█▅▅▂▅▇▇███▇▇▆▇█▇▇▂▂▇▂
wandb:           return/StandardMaze ▁▁▁▁▁▂▂▃▁▂▇▆▄▄▇▇▇▇▇▇▇▇▆▇▇▅▇▇▇▂▅█▇▇▆▇▇▇▃▇
wandb:          return/StandardMaze2 ▁▁▁▁▁▂▁▃▅█▅▅▇▆▄▅▅▅▁▅▆▂▅▅▂▃▅▆▂▅▅▅▅▆▅▅▅▅▅▄
wandb:          return/StandardMaze3 ▁▁▁▁▁▁▁▁▁▁▂▃▅▅▄▄▃▇▆▇▄▆▄█▇▁▃▂▆▇▇▇▇▅▅▇▇▇▇▇
wandb:                   return/mean ▁▁▂▂▂▂▃▃▄▅▆▆▅▆▆▇▇▆▆▇▇▇▆██▆▇▆▆█▆▇█▆▇█▆▆▇▇
wandb:   sfl/population_learnability ▄█▄▅▄▃▂▂▂▁▁▂▂▂▁▁▁▂▁▂▁▁▁▁▂▁▁▂▁▁▁▁▂▁▂▁▁▁▁▁
wandb:         sfl/topk_learnability ▄█▅▆▅▃▂▂▂▁▁▂▂▂▁▁▁▂▁▂▁▁▁▂▂▁▁▂▁▁▁▁▂▁▂▂▁▁▁▁
wandb:          solve_rate/Labyrinth ▁▁▁▁▁▁▂▄▂▆▇█▆▇█▇█▇▂██████████████▁█▇████
wandb:         solve_rate/Labyrinth2 ▁▁▁▁▁▁▄▂▇██▆▅▃▅▇█▂▁▂█▁▆███▄▂▁█▂▁▇▁▁█▁▁▂█
wandb:   solve_rate/LabyrinthFlipped ▁▁▁▁▁▁▂▇▃▇███████▃████████▇▁▂██▇█████▇██
wandb:       solve_rate/SixteenRooms ▁▂▄▅▆▇▅▇▇███▇█████████▇▇██████▄█████████
wandb:      solve_rate/SixteenRooms2 ▁▂▃▂▂▁▆▄▇▄▄▄▅▆▆█▇▆██▇█▂▇███████▇████▂▂█▂
wandb:       solve_rate/StandardMaze ▁▁▁▁▂▂▂▅▂▄██▇▇█▇██████▇██▇▇█▇▅██████▇███
wandb:      solve_rate/StandardMaze2 ▁▁▁▁▁▃▂▃▆██▇▇▇▇███▂▇█▄██▃▇▇█▃████████▇▇▆
wandb:      solve_rate/StandardMaze3 ▁▁▁▁▁▁▁▁▁▁▂▅▇▇▅▅▅███▅▇▅█▇▂▅▂▆████▆██████
wandb:               solve_rate/mean ▁▁▂▂▂▂▃▄▄▆▇▇▆▇▇▇▇▆▆▇█▇▆█▇▇▇▆▅█▇▇█▆▇█▆▆▇▇
wandb:                           sps ▁▁▁▁▂▂▂▂▂▂▂▂▃▃▃▃▃▃▃▃▄▄▄▄▄▄▄▄▅▅▅▅▅▅▅▅▆▆▆█
wandb:              steps_per_second ▁▄▄▄▅▄▄▄▄▄▄▄▄▄▄▄▄▄▄▄▄▄▄▄▄▄▄▄▄▄▄▄▄▄▄▄▄▄▅█
wandb:                    time_delta █▄▄▄▃▄▄▄▄▄▄▄▄▄▄▄▄▄▄▄▄▄▄▄▄▄▄▄▄▄▄▄▄▄▄▄▄▄▃▁
wandb:            train/learnability ▁█▇▇▇▆▆▆▅▅▅▅▅▅▄▄▅▄▅▅▅▄▄▄▄▄▄▄▄▄▄▅▄▄▄▄▄▄▄▄
wandb:            train/success_rate ▁▅▆▆▇▇▇▇▇▇▇▇▇▇██▇█▇██▇█████████▇████████
wandb: 
wandb: Run summary:
wandb:              agent/actor_loss -0.00025
wandb:             agent/critic_loss 0.01051
wandb:                 agent/entropy 0.01516
wandb:                    agent/loss 0.00499
wandb:         branch/num_dr_updates 242
wandb:   branch/num_mutation_updates 14399
wandb:     branch/num_oracle_inserts 120
wandb:     branch/num_replay_updates 14399
wandb:        branch/num_sfl_updates 960
wandb:          eval_ep_lengths/mean 146.0
wandb:         level/mean_num_blocks 55.87888
wandb:   level_sampler/episode_count 581736
wandb:       level_sampler/max_score 0.24496
wandb: level_sampler/mean_max_return 0.71544
wandb:          level_sampler/mean_p 0.81586
wandb:      level_sampler/mean_score 0.16945
wandb:            level_sampler/size 4000
wandb:  level_sampler/weighted_score 0.22721
wandb:                 num_env_steps 245760000
wandb:                   num_updates 30000
wandb:                   oracle/bias -0.16212
wandb:                  oracle/brier 0.0424
wandb:          oracle/buffer_mean_p 0.74182
wandb:          oracle/control_brier 0.06406
wandb:   oracle/control_learnability 0.0
wandb:      oracle/control_rank_corr 0.34412
wandb:                   oracle/loss 0.53852
wandb:           oracle/observations 8192
wandb: oracle/predicted_learnability 0.14576
wandb:              oracle/rank_corr -0.13549
wandb:  oracle/selected_learnability 0.0
wandb:         oracle/selection_gain 0.0
wandb:              return/Labyrinth 0.5428
wandb:             return/Labyrinth2 0.47944
wandb:       return/LabyrinthFlipped 0.478
wandb:           return/SixteenRooms 0.81568
wandb:          return/SixteenRooms2 0.06464
wandb:           return/StandardMaze 0.5824
wandb:          return/StandardMaze2 0.24388
wandb:          return/StandardMaze3 0.4096
wandb:                   return/mean 0.45205
wandb:   sfl/population_learnability 0.0
wandb:         sfl/topk_learnability 0.0
wandb:          solve_rate/Labyrinth 1.0
wandb:         solve_rate/Labyrinth2 1.0
wandb:   solve_rate/LabyrinthFlipped 1.0
wandb:       solve_rate/SixteenRooms 1.0
wandb:      solve_rate/SixteenRooms2 0.2
wandb:       solve_rate/StandardMaze 1.0
wandb:      solve_rate/StandardMaze2 0.7
wandb:      solve_rate/StandardMaze3 1.0
wandb:               solve_rate/mean 0.8625
wandb:                           sps 4514736.22808
wandb:              steps_per_second 37622.8019
wandb:                    time_delta 54.43507
wandb:            train/learnability 0.11039
wandb:            train/success_rate 0.74741
wandb: 
wandb: You can sync this run to the cloud by running:
wandb: wandb sync /workspace/tlab_ued/runs/sfl_oracle_learnability_bfs/0/wandb/offline-run-20260824_060920-3uaee2lc
wandb: Find logs at: /workspace/tlab_ued/runs/sfl_oracle_learnability_bfs/0/wandb/offline-run-20260824_060920-3uaee2lc/logs
wandb: WARNING The new W&B backend becomes opt-out in version 0.18.0; try it out with `wandb.require("core")`! See https://wandb.me/wandb-core for more information.
