
=== 2026-08-23 12:57:35 launching: /workspace/venvs/jaxued/bin/python -m tlab_ued.train --project tlab-ued --run_name accel_maxmc --seed 0 --mode train --checkpoint_to_eval -1 --checkpoint_save_interval 17 --max_number_of_checkpoints 60 --eval_freq 250 --eval_num_attempts 10 --eval_levels SixteenRooms SixteenRooms2 Labyrinth LabyrinthFlipped Labyrinth2 StandardMaze StandardMaze2 StandardMaze3 --lr 0.0001 --max_grad_norm 0.5 --num_updates 30000 --num_steps 256 --num_train_envs 32 --num_minibatches 1 --gamma 0.995 --epoch_ppo 5 --clip_eps 0.2 --gae_lambda 0.98 --entropy_coeff 0.001 --critic_coeff 0.5 --agent_view_size 5 --score_function MaxMC --no-exploratory_grad_updates --level_buffer_capacity 4000 --replay_prob 0.8 --staleness_coeff 0.3 --temperature 0.3 --topk_k 4 --minimum_fill_ratio 0.5 --prioritization rank --buffer_duplicate_check --use_accel --num_edits 5 --n_walls 25 --teacher accel --level_generator minigrid_walls --level_mutator minimax --log_media levels --out_dir /workspace/tlab_ued --no-resume --no-allow_student_changes
wandb: Tracking run with wandb version 0.17.5
wandb: W&B syncing is set to `offline` in this directory.  
wandb: Run `wandb online` or set WANDB_MODE=online to enable cloud syncing.
Logging update: 250
[1/120] solve_rate/mean=0.000 sps=21820 eta=3.10h
WARNING:absl:SaveArgs.aggregate is deprecated, please use custom TypeHandler (https://orbax.readthedocs.io/en/latest/custom_handlers.html#typehandler) or contact Orbax team to migrate before May 1st, 2024.
Logging update: 500
[2/120] solve_rate/mean=0.038 sps=44341 eta=3.03h
Logging update: 750
[3/120] solve_rate/mean=0.025 sps=75348 eta=2.65h
Logging update: 1000
[4/120] solve_rate/mean=0.038 sps=102177 eta=2.58h
Logging update: 1250
[5/120] solve_rate/mean=0.113 sps=127858 eta=2.56h
Logging update: 1500
[6/120] solve_rate/mean=0.100 sps=150909 eta=2.58h
Logging update: 1750
[7/120] solve_rate/mean=0.062 sps=177246 eta=2.54h
Logging update: 2000
[8/120] solve_rate/mean=0.100 sps=207826 eta=2.45h
Logging update: 2250
[9/120] solve_rate/mean=0.075 sps=231265 eta=2.46h
Logging update: 2500
[10/120] solve_rate/mean=0.125 sps=256443 eta=2.44h
Logging update: 2750
[11/120] solve_rate/mean=0.113 sps=274832 eta=2.48h
Logging update: 3000
[12/120] solve_rate/mean=0.138 sps=304185 eta=2.42h
Logging update: 3250
[13/120] solve_rate/mean=0.100 sps=328562 eta=2.41h
Logging update: 3500
[14/120] solve_rate/mean=0.075 sps=359865 eta=2.35h
Logging update: 3750
[15/120] solve_rate/mean=0.100 sps=375161 eta=2.39h
Logging update: 4000
[16/120] solve_rate/mean=0.113 sps=399006 eta=2.37h
Logging update: 4250
[17/120] solve_rate/mean=0.125 sps=424819 eta=2.34h
Logging update: 4500
[18/120] solve_rate/mean=0.050 sps=445020 eta=2.35h
WARNING:absl:SaveArgs.aggregate is deprecated, please use custom TypeHandler (https://orbax.readthedocs.io/en/latest/custom_handlers.html#typehandler) or contact Orbax team to migrate before May 1st, 2024.
Logging update: 4750
[19/120] solve_rate/mean=0.087 sps=493873 eta=2.21h
Logging update: 5000
[20/120] solve_rate/mean=0.013 sps=498188 eta=2.28h
Logging update: 5250
[21/120] solve_rate/mean=0.113 sps=526603 eta=2.25h
Logging update: 5500
[22/120] solve_rate/mean=0.138 sps=555657 eta=2.21h
Logging update: 5750
[23/120] solve_rate/mean=0.113 sps=571402 eta=2.22h
Logging update: 6000
[24/120] solve_rate/mean=0.163 sps=609508 eta=2.15h
Logging update: 6250
[25/120] solve_rate/mean=0.100 sps=623717 eta=2.17h
Logging update: 6500
[26/120] solve_rate/mean=0.050 sps=682077 eta=2.04h
Logging update: 6750
[27/120] solve_rate/mean=0.075 sps=674319 eta=2.12h
Logging update: 7000
[28/120] solve_rate/mean=0.163 sps=709197 eta=2.07h
Logging update: 7250
[29/120] solve_rate/mean=0.125 sps=739666 eta=2.03h
Logging update: 7500
[30/120] solve_rate/mean=0.138 sps=800148 eta=1.92h
Logging update: 7750
[31/120] solve_rate/mean=0.213 sps=788753 eta=1.99h
Logging update: 8000
[32/120] solve_rate/mean=0.275 sps=818535 eta=1.96h
Logging update: 8250
[33/120] solve_rate/mean=0.162 sps=827792 eta=1.97h
Logging update: 8500
[34/120] solve_rate/mean=0.113 sps=886393 eta=1.88h
Logging update: 8750
[35/120] solve_rate/mean=0.375 sps=894676 eta=1.89h
WARNING:absl:SaveArgs.aggregate is deprecated, please use custom TypeHandler (https://orbax.readthedocs.io/en/latest/custom_handlers.html#typehandler) or contact Orbax team to migrate before May 1st, 2024.
Logging update: 9000
[36/120] solve_rate/mean=0.325 sps=905391 eta=1.90h
Logging update: 9250
[37/120] solve_rate/mean=0.275 sps=927743 eta=1.88h
Logging update: 9500
[38/120] solve_rate/mean=0.425 sps=987617 eta=1.79h
Logging update: 9750
[39/120] solve_rate/mean=0.163 sps=969492 eta=1.85h
Logging update: 10000
[40/120] solve_rate/mean=0.250 sps=989248 eta=1.84h
Logging update: 10250
[41/120] solve_rate/mean=0.125 sps=1032786 eta=1.78h
Logging update: 10500
[42/120] solve_rate/mean=0.162 sps=1064132 eta=1.75h
Logging update: 10750
[43/120] solve_rate/mean=0.113 sps=1098220 eta=1.72h
Logging update: 11000
[44/120] solve_rate/mean=0.525 sps=1119609 eta=1.70h
Logging update: 11250
[45/120] solve_rate/mean=0.475 sps=1147030 eta=1.67h
Logging update: 11500
[46/120] solve_rate/mean=0.450 sps=1146424 eta=1.69h
Logging update: 11750
[47/120] solve_rate/mean=0.450 sps=1190105 eta=1.64h
Logging update: 12000
[48/120] solve_rate/mean=0.225 sps=1207734 eta=1.63h
Logging update: 12250
[49/120] solve_rate/mean=0.250 sps=1244951 eta=1.59h
Logging update: 12500
[50/120] solve_rate/mean=0.175 sps=1263428 eta=1.58h
Logging update: 12750
[51/120] solve_rate/mean=0.175 sps=1285605 eta=1.56h
Logging update: 13000
[52/120] solve_rate/mean=0.138 sps=1310082 eta=1.54h
WARNING:absl:SaveArgs.aggregate is deprecated, please use custom TypeHandler (https://orbax.readthedocs.io/en/latest/custom_handlers.html#typehandler) or contact Orbax team to migrate before May 1st, 2024.
Logging update: 13250
[53/120] solve_rate/mean=0.463 sps=1337206 eta=1.51h
Logging update: 13500
[54/120] solve_rate/mean=0.637 sps=1352487 eta=1.50h
Logging update: 13750
[55/120] solve_rate/mean=0.463 sps=1386372 eta=1.47h
Logging update: 14000
[56/120] solve_rate/mean=0.288 sps=1428256 eta=1.43h
Logging update: 14250
[57/120] solve_rate/mean=0.562 sps=1417580 eta=1.44h
Logging update: 14500
[58/120] solve_rate/mean=0.088 sps=1461483 eta=1.40h
Logging update: 14750
[59/120] solve_rate/mean=0.100 sps=1494611 eta=1.37h
Logging update: 15000
[60/120] solve_rate/mean=0.112 sps=1552834 eta=1.32h
Logging update: 15250
[61/120] solve_rate/mean=0.087 sps=1557810 eta=1.31h
Logging update: 15500
[62/120] solve_rate/mean=0.088 sps=1563093 eta=1.31h
Logging update: 15750
[63/120] solve_rate/mean=0.488 sps=1589557 eta=1.29h
Logging update: 16000
[64/120] solve_rate/mean=0.388 sps=1625296 eta=1.25h
Logging update: 16250
[65/120] solve_rate/mean=0.550 sps=1625785 eta=1.25h
Logging update: 16500
[66/120] solve_rate/mean=0.613 sps=1657167 eta=1.22h
Logging update: 16750
[67/120] solve_rate/mean=0.363 sps=1697420 eta=1.19h
Logging update: 17000
[68/120] solve_rate/mean=0.363 sps=1744550 eta=1.15h
Logging update: 17250
[69/120] solve_rate/mean=0.338 sps=1756059 eta=1.14h
WARNING:absl:SaveArgs.aggregate is deprecated, please use custom TypeHandler (https://orbax.readthedocs.io/en/latest/custom_handlers.html#typehandler) or contact Orbax team to migrate before May 1st, 2024.
Logging update: 17500
[70/120] solve_rate/mean=0.400 sps=1758957 eta=1.13h
Logging update: 17750
[71/120] solve_rate/mean=0.288 sps=1846925 eta=1.07h
Logging update: 18000
[72/120] solve_rate/mean=0.387 sps=1860247 eta=1.06h
Logging update: 18250
[73/120] solve_rate/mean=0.363 sps=1857850 eta=1.05h
Logging update: 18500
[74/120] solve_rate/mean=0.625 sps=1897058 eta=1.02h
Logging update: 18750
[75/120] solve_rate/mean=0.275 sps=1979975 eta=0.97h
Logging update: 19000
[76/120] solve_rate/mean=0.387 sps=1886066 eta=1.01h
Logging update: 19250
[77/120] solve_rate/mean=0.350 sps=1903151 eta=0.99h
Logging update: 19500
[78/120] solve_rate/mean=0.475 sps=1914080 eta=0.97h
Logging update: 19750
[79/120] solve_rate/mean=0.350 sps=1965612 eta=0.94h
Logging update: 20000
[80/120] solve_rate/mean=0.538 sps=2006894 eta=0.91h
Logging update: 20250
[81/120] solve_rate/mean=0.438 sps=2062971 eta=0.87h
Logging update: 20500
[82/120] solve_rate/mean=0.363 sps=2122717 eta=0.84h
Logging update: 20750
[83/120] solve_rate/mean=0.725 sps=2076773 eta=0.84h
Logging update: 21000
[84/120] solve_rate/mean=0.475 sps=2074290 eta=0.83h
Logging update: 21250
[85/120] solve_rate/mean=0.562 sps=2142831 eta=0.79h
Logging update: 21500
[86/120] solve_rate/mean=0.513 sps=2182675 eta=0.76h
WARNING:absl:SaveArgs.aggregate is deprecated, please use custom TypeHandler (https://orbax.readthedocs.io/en/latest/custom_handlers.html#typehandler) or contact Orbax team to migrate before May 1st, 2024.
Logging update: 21750
[87/120] solve_rate/mean=0.788 sps=2177559 eta=0.75h
Logging update: 22000
[88/120] solve_rate/mean=0.688 sps=2210947 eta=0.72h
Logging update: 22250
[89/120] solve_rate/mean=0.412 sps=2246908 eta=0.70h
Logging update: 22500
[90/120] solve_rate/mean=0.375 sps=2266706 eta=0.68h
Logging update: 22750
[91/120] solve_rate/mean=0.300 sps=2292312 eta=0.65h
Logging update: 23000
[92/120] solve_rate/mean=0.487 sps=2309775 eta=0.63h
Logging update: 23250
[93/120] solve_rate/mean=0.650 sps=2387355 eta=0.60h
Logging update: 23500
[94/120] solve_rate/mean=0.500 sps=2380600 eta=0.58h
Logging update: 23750
[95/120] solve_rate/mean=0.487 sps=3039955 eta=0.44h
Logging update: 24000
[96/120] solve_rate/mean=0.475 sps=3545127 eta=0.37h
Logging update: 24250
[97/120] solve_rate/mean=0.462 sps=3570646 eta=0.36h
Logging update: 24500
[98/120] solve_rate/mean=0.475 sps=3616871 eta=0.34h
Logging update: 24750
[99/120] solve_rate/mean=0.675 sps=3652576 eta=0.32h
Logging update: 25000
[100/120] solve_rate/mean=0.700 sps=3681203 eta=0.31h
Logging update: 25250
[101/120] solve_rate/mean=0.650 sps=9027844 eta=0.12h
Logging update: 25500
[102/120] solve_rate/mean=0.412 sps=12042354 eta=0.09h
Logging update: 25750
[103/120] solve_rate/mean=0.363 sps=12231912 eta=0.08h
WARNING:absl:SaveArgs.aggregate is deprecated, please use custom TypeHandler (https://orbax.readthedocs.io/en/latest/custom_handlers.html#typehandler) or contact Orbax team to migrate before May 1st, 2024.
Logging update: 26000
[104/120] solve_rate/mean=0.438 sps=12479289 eta=0.08h
Logging update: 26250
[105/120] solve_rate/mean=0.450 sps=12149881 eta=0.07h
Logging update: 26500
[106/120] solve_rate/mean=0.763 sps=12369370 eta=0.07h
Logging update: 26750
[107/120] solve_rate/mean=0.538 sps=12613147 eta=0.06h
Logging update: 27000
[108/120] solve_rate/mean=0.513 sps=12714116 eta=0.06h
Logging update: 27250
[109/120] solve_rate/mean=0.425 sps=12787243 eta=0.05h
Logging update: 27500
[110/120] solve_rate/mean=0.538 sps=12786879 eta=0.05h
Logging update: 27750
[111/120] solve_rate/mean=0.550 sps=13022109 eta=0.04h
Logging update: 28000
[112/120] solve_rate/mean=0.712 sps=12969622 eta=0.04h
Logging update: 28250
[113/120] solve_rate/mean=0.738 sps=13216941 eta=0.03h
Logging update: 28500
[114/120] solve_rate/mean=0.825 sps=13456398 eta=0.03h
Logging update: 28750
[115/120] solve_rate/mean=0.612 sps=13388200 eta=0.02h
Logging update: 29000
[116/120] solve_rate/mean=0.663 sps=13390785 eta=0.02h
Logging update: 29250
[117/120] solve_rate/mean=0.350 sps=13688391 eta=0.01h
Logging update: 29500
[118/120] solve_rate/mean=0.613 sps=13797081 eta=0.01h
Logging update: 29750
[119/120] solve_rate/mean=0.675 sps=14327854 eta=0.00h
Logging update: 30000
[120/120] solve_rate/mean=0.575 sps=13944311 eta=0.00h
WARNING:absl:SaveArgs.aggregate is deprecated, please use custom TypeHandler (https://orbax.readthedocs.io/en/latest/custom_handlers.html#typehandler) or contact Orbax team to migrate before May 1st, 2024.
wandb: - 0.000 MB of 0.000 MB uploadedwandb:                                                                                
wandb: 
wandb: Run history:
wandb:             agent/actor_loss █▄▅▅▅▂▂▃▄▂▂▂▂▂▂▂▂▂▂▂▂▂▁▃▁▂▃▃▃▂▃▂▂▂▃▂▂▂▂▃
wandb:            agent/critic_loss ▁▇█▇█▆▆▆▇▇▇▆▇▆▅▅▆▅▅▅▅▆▆▅▅▆▆▆▅▆▆▆▅▅▅▅▅▅▆▆
wandb:                agent/entropy █▃▂▂▂▁▁▁▁▁▁▁▁▁▁▁▁▁▁▁▁▁▁▁▁▁▁▁▁▁▁▁▁▁▁▁▁▁▁▁
wandb:                   agent/loss ▁▇█▇█▆▇▇▇▇▇▆▇▆▆▆▇▆▆▅▅▆▆▆▆▇▆▆▆▆▆▆▆▆▆▆▆▆▆▆
wandb:         eval_ep_lengths/mean ███▆▆█▇██▆▆█▄▆▆▄▅▆▄██▆▆▃▅▅▃▁▆▄▆▅▅▂▆▅▆▃▃▃
wandb:        level/mean_num_blocks ▁▁▂▂▂▂▂▂▄▃▃▃▃▃▄▃▄▄▄▄▅▅▅▅▅▆▆▆▆▇▆▆▆▆▇▇▇▇██
wandb:  level_sampler/episode_count ▁▁▁▂▂▂▂▂▂▃▃▃▃▃▃▄▄▄▄▄▅▅▅▅▅▅▆▆▆▆▆▇▇▇▇▇▇███
wandb:      level_sampler/max_score █▄▄▂▅▂▂▂▄▄▅▄▃▄▆▂▄▂▂▃▁▁▃▃▃▁▅▁▂▃▁▃▁▂▆▂▃▄▁▅
wandb:     level_sampler/mean_score ▁▂▅▇█▇▇▇███▇██▇▇▇█▇▇▇█▇█████████████████
wandb:           level_sampler/size ▁▁▁▁▁▁▁▁▁▁▁▁▁▁▁▁▁▁▁▁▁▁▁▁▁▁▁▁▁▁▁▁▁▁▁▁▁▁▁▁
wandb: level_sampler/weighted_score █▃▃▂▆▃▂▃▅▅▇▅▃▅▆▂▅▂▂▃▁▂▄▃▃▂▆▁▂▃▂▄▁▂▇▃▄▅▂▇
wandb:                num_env_steps ▁▁▁▂▂▂▂▂▂▃▃▃▃▃▃▄▄▄▄▄▅▅▅▅▅▅▆▆▆▆▆▇▇▇▇▇▇███
wandb:                  num_updates ▁▁▁▂▂▂▂▂▂▃▃▃▃▃▃▄▄▄▄▄▅▅▅▅▅▅▆▆▆▆▆▇▇▇▇▇▇███
wandb:             return/Labyrinth ▁▁▁▁▁▁▁▁▁▁▃▁▁▁▁▄▁▁▂▁▁▅▄▃▇▃██▇▆█▁█▇█▇▇███
wandb:            return/Labyrinth2 ▁▁▁▁▁▁▁▁▁▁▁▁▂▁▁▂▁▂▂▁▂▇█▆▇▅▇█▅█▆▆██▇███▆█
wandb:      return/LabyrinthFlipped ▁▁▁▁▁▁▁▁▁▁▁▁▁▁▁▄▁▁▂▁▁▃▂▂▃▁▂▇█▁▃▂▁▄▂▂▁█▅▁
wandb:          return/SixteenRooms ▁▂▃▅▄▅▄▆▄▄▃▆▅▇▅▄▅▃▇▄▂▅▆▃▇█▆▇▁██▇▄▄▆▆▄▅█▇
wandb:         return/SixteenRooms2 ▁▁▁▁▁▁▁▃▁▂▁▁█▅▁▂▄▃▃▂▁▆▁▂▂▁▂▆▂▁▃▄▂▁▁▃▄█▂▃
wandb:          return/StandardMaze ▁▁▁▁▁▁▁▁▁▂▃▁▁▁▁▇▄▂▃▁▁▂▁▁▄▂▂▂▂▂▁█▂█▁▂▃▁▅▄
wandb:         return/StandardMaze2 ▁▁▁▂▁▁▁▁▁▂▄▁▄▄▁▇▁▁▇▁▁▁▁▁▂▂▄▅▃▁▁▂▁▆▃▃▃█▃▇
wandb:         return/StandardMaze3 ▁▁▁▁▁▁▁▁▁▁▁▁▂▁▁▁▂▁▂▁▁▂▁▂▂▁▁▁█▁▁▁▅▁▁▁▁▂▂▁
wandb:                  return/mean ▁▁▁▂▂▂▂▃▂▂▃▂▄▄▂▅▃▂▅▂▂▅▄▃▆▄▅▇▅▅▅▅▅▆▅▅▅█▆▆
wandb:         solve_rate/Labyrinth ▁▁▁▁▂▁▁▁▁▂▄▁▁▁▁▄▁▁▃▁▁▆▅▄█▃██▇▇█▂█▇█▇▇███
wandb:        solve_rate/Labyrinth2 ▁▁▁▁▁▁▁▁▁▁▁▁▂▂▁▂▁▂▂▁▄██▇█▇██▅█▆███▇███▆█
wandb:  solve_rate/LabyrinthFlipped ▁▁▁▁▁▁▁▁▁▁▂▁▁▁▁▅▂▁▅▁▁▆▄▃▆▁▃██▁▆▂▁▇▂▂▁█▇▁
wandb:      solve_rate/SixteenRooms ▁▃▅▇▅▇▆▇▇▇▄▇▆▇▇▅▅▅▇▅▃▇▇▄██▇█▂███▆▅█▇▆▆██
wandb:     solve_rate/SixteenRooms2 ▁▁▁▁▁▁▁▃▁▃▁▁█▆▁▃▆▄▅▂▁█▁▃▄▂▃▇▃▁▅▅▃▃▁▅▅▇▂▄
wandb:      solve_rate/StandardMaze ▁▁▁▁▁▁▁▁▁▂▂▂▁▂▂▆▅▂▃▁▁▂▁▁▅▃▂▃▄▄▁█▂▆▁▃▅▂▇▄
wandb:     solve_rate/StandardMaze2 ▁▁▁▂▁▁▁▁▁▂▅▁▅▄▁▇▁▂▇▁▁▁▂▁▂▃▆▇▃▁▂▂▂▇▄▅▆█▄▇
wandb:     solve_rate/StandardMaze3 ▁▁▁▁▂▂▁▁▁▁▂▁▂▁▁▂▃▁▃▁▁▃▁▃▃▁▁▁█▂▁▁█▁▁▂▂▆▅▁
wandb:              solve_rate/mean ▁▁▂▂▂▂▂▂▂▃▃▂▄▃▂▅▃▂▅▂▂▆▄▄▇▄▆█▆▅▆▆▆▇▅▆▆█▇▆
wandb:                          sps ▁▁▁▁▁▁▁▁▁▁▁▁▁▁▂▂▂▂▂▂▂▂▂▂▂▂▂▂▂▂▂▃▃▆▇▇▇███
wandb:                   time_delta █▇▇▇▇▇▇▇▇▇▇▇▇▇▇▇▇▇▇▇▇▇▇▇▇▇▇▇▇▇▇▅▅▂▁▁▁▁▁▁
wandb: 
wandb: Run summary:
wandb:             agent/actor_loss -0.00047
wandb:            agent/critic_loss 0.01084
wandb:                agent/entropy 0.03395
wandb:                   agent/loss 0.00492
wandb:         eval_ep_lengths/mean 186.0
wandb:        level/mean_num_blocks 41.97475
wandb:  level_sampler/episode_count 960000
wandb:      level_sampler/max_score 0.66725
wandb:     level_sampler/mean_score 0.30164
wandb:           level_sampler/size 4000
wandb: level_sampler/weighted_score 0.55532
wandb:                num_env_steps 245760000
wandb:                  num_updates 30000
wandb:             return/Labyrinth 0.5284
wandb:            return/Labyrinth2 0.49888
wandb:      return/LabyrinthFlipped 0.0
wandb:          return/SixteenRooms 0.62848
wandb:         return/SixteenRooms2 0.16752
wandb:          return/StandardMaze 0.14872
wandb:         return/StandardMaze2 0.47052
wandb:         return/StandardMaze3 0.0
wandb:                  return/mean 0.30531
wandb:         solve_rate/Labyrinth 1.0
wandb:        solve_rate/Labyrinth2 1.0
wandb:  solve_rate/LabyrinthFlipped 0.0
wandb:      solve_rate/SixteenRooms 1.0
wandb:     solve_rate/SixteenRooms2 0.3
wandb:      solve_rate/StandardMaze 0.4
wandb:     solve_rate/StandardMaze2 0.9
wandb:     solve_rate/StandardMaze3 0.0
wandb:              solve_rate/mean 0.575
wandb:                          sps 13944310.7907
wandb:                   time_delta 17.62439
wandb: 
wandb: You can sync this run to the cloud by running:
wandb: wandb sync /workspace/tlab_ued/runs/accel_maxmc/0/wandb/offline-run-20260823_125939-rkirb1u0
wandb: Find logs at: /workspace/tlab_ued/runs/accel_maxmc/0/wandb/offline-run-20260823_125939-rkirb1u0/logs
wandb: WARNING The new W&B backend becomes opt-out in version 0.18.0; try it out with `wandb.require("core")`! See https://wandb.me/wandb-core for more information.
