
=== 2026-08-23 12:57:35 launching: /workspace/venvs/jaxued/bin/python -m tlab_ued.train --project tlab-ued --run_name dr --seed 0 --mode train --checkpoint_to_eval -1 --checkpoint_save_interval 17 --max_number_of_checkpoints 60 --eval_freq 250 --eval_num_attempts 10 --eval_levels SixteenRooms SixteenRooms2 Labyrinth LabyrinthFlipped Labyrinth2 StandardMaze StandardMaze2 StandardMaze3 --lr 0.0001 --max_grad_norm 0.5 --num_updates 30000 --num_steps 256 --num_train_envs 32 --num_minibatches 1 --gamma 0.995 --epoch_ppo 5 --clip_eps 0.2 --gae_lambda 0.98 --entropy_coeff 0.001 --critic_coeff 0.5 --agent_view_size 5 --score_function MaxMC --no-exploratory_grad_updates --level_buffer_capacity 4000 --replay_prob 0.8 --staleness_coeff 0.3 --temperature 0.3 --topk_k 4 --minimum_fill_ratio 0.5 --prioritization rank --buffer_duplicate_check --no-use_accel --num_edits 5 --n_walls 25 --teacher dr --level_generator minigrid_walls --level_mutator minimax --log_media levels --out_dir /workspace/tlab_ued --no-resume --no-allow_student_changes
wandb: Tracking run with wandb version 0.17.5
wandb: W&B syncing is set to `offline` in this directory.  
wandb: Run `wandb online` or set WANDB_MODE=online to enable cloud syncing.
Logging update: 250
[1/120] solve_rate/mean=0.000 sps=26419 eta=2.56h
WARNING:absl:SaveArgs.aggregate is deprecated, please use custom TypeHandler (https://orbax.readthedocs.io/en/latest/custom_handlers.html#typehandler) or contact Orbax team to migrate before May 1st, 2024.
Logging update: 500
[2/120] solve_rate/mean=0.025 sps=72643 eta=1.85h
Logging update: 750
[3/120] solve_rate/mean=0.038 sps=83352 eta=2.40h
Logging update: 1000
[4/120] solve_rate/mean=0.188 sps=106086 eta=2.49h
Logging update: 1250
[5/120] solve_rate/mean=0.138 sps=133186 eta=2.46h
Logging update: 1500
[6/120] solve_rate/mean=0.200 sps=163135 eta=2.39h
Logging update: 1750
[7/120] solve_rate/mean=0.150 sps=196464 eta=2.29h
Logging update: 2000
[8/120] solve_rate/mean=0.325 sps=223561 eta=2.28h
Logging update: 2250
[9/120] solve_rate/mean=0.162 sps=253313 eta=2.24h
Logging update: 2500
[10/120] solve_rate/mean=0.125 sps=269567 eta=2.32h
Logging update: 2750
[11/120] solve_rate/mean=0.325 sps=302936 eta=2.25h
Logging update: 3000
[12/120] solve_rate/mean=0.125 sps=330858 eta=2.23h
Logging update: 3250
[13/120] solve_rate/mean=0.113 sps=360990 eta=2.19h
Logging update: 3500
[14/120] solve_rate/mean=0.475 sps=390259 eta=2.16h
Logging update: 3750
[15/120] solve_rate/mean=0.175 sps=407356 eta=2.20h
Logging update: 4000
[16/120] solve_rate/mean=0.363 sps=437131 eta=2.17h
Logging update: 4250
[17/120] solve_rate/mean=0.125 sps=462325 eta=2.15h
Logging update: 4500
[18/120] solve_rate/mean=0.150 sps=487409 eta=2.14h
WARNING:absl:SaveArgs.aggregate is deprecated, please use custom TypeHandler (https://orbax.readthedocs.io/en/latest/custom_handlers.html#typehandler) or contact Orbax team to migrate before May 1st, 2024.
Logging update: 4750
[19/120] solve_rate/mean=0.350 sps=532015 eta=2.05h
Logging update: 5000
[20/120] solve_rate/mean=0.513 sps=544407 eta=2.09h
Logging update: 5250
[21/120] solve_rate/mean=0.125 sps=564882 eta=2.09h
Logging update: 5500
[22/120] solve_rate/mean=0.488 sps=605084 eta=2.03h
Logging update: 5750
[23/120] solve_rate/mean=0.262 sps=622844 eta=2.04h
Logging update: 6000
[24/120] solve_rate/mean=0.138 sps=642638 eta=2.04h
Logging update: 6250
[25/120] solve_rate/mean=0.262 sps=664027 eta=2.03h
Logging update: 6500
[26/120] solve_rate/mean=0.163 sps=714298 eta=1.95h
Logging update: 6750
[27/120] solve_rate/mean=0.425 sps=772494 eta=1.85h
Logging update: 7000
[28/120] solve_rate/mean=0.388 sps=758812 eta=1.93h
Logging update: 7250
[29/120] solve_rate/mean=0.650 sps=795039 eta=1.89h
Logging update: 7500
[30/120] solve_rate/mean=0.338 sps=797423 eta=1.93h
Logging update: 7750
[31/120] solve_rate/mean=0.588 sps=857414 eta=1.83h
Logging update: 8000
[32/120] solve_rate/mean=0.887 sps=886365 eta=1.81h
Logging update: 8250
[33/120] solve_rate/mean=0.638 sps=899554 eta=1.82h
Logging update: 8500
[34/120] solve_rate/mean=0.438 sps=942054 eta=1.77h
Logging update: 8750
[35/120] solve_rate/mean=0.450 sps=979121 eta=1.73h
WARNING:absl:SaveArgs.aggregate is deprecated, please use custom TypeHandler (https://orbax.readthedocs.io/en/latest/custom_handlers.html#typehandler) or contact Orbax team to migrate before May 1st, 2024.
Logging update: 9000
[36/120] solve_rate/mean=0.475 sps=996990 eta=1.73h
Logging update: 9250
[37/120] solve_rate/mean=0.213 sps=1057293 eta=1.65h
Logging update: 9500
[38/120] solve_rate/mean=0.525 sps=1060596 eta=1.67h
Logging update: 9750
[39/120] solve_rate/mean=0.538 sps=1071936 eta=1.68h
Logging update: 10000
[40/120] solve_rate/mean=0.388 sps=1094740 eta=1.66h
Logging update: 10250
[41/120] solve_rate/mean=0.500 sps=1137631 eta=1.62h
Logging update: 10500
[42/120] solve_rate/mean=0.538 sps=1154450 eta=1.61h
Logging update: 10750
[43/120] solve_rate/mean=0.688 sps=1164304 eta=1.62h
Logging update: 11000
[44/120] solve_rate/mean=0.838 sps=1211300 eta=1.57h
Logging update: 11250
[45/120] solve_rate/mean=0.637 sps=1245630 eta=1.54h
Logging update: 11500
[46/120] solve_rate/mean=0.625 sps=1244161 eta=1.56h
Logging update: 11750
[47/120] solve_rate/mean=0.525 sps=1281214 eta=1.52h
Logging update: 12000
[48/120] solve_rate/mean=0.562 sps=1296739 eta=1.52h
Logging update: 12250
[49/120] solve_rate/mean=0.712 sps=1319452 eta=1.50h
Logging update: 12500
[50/120] solve_rate/mean=0.688 sps=1430651 eta=1.39h
Logging update: 12750
[51/120] solve_rate/mean=0.450 sps=1444758 eta=1.39h
Logging update: 13000
[52/120] solve_rate/mean=0.837 sps=1476722 eta=1.36h
WARNING:absl:SaveArgs.aggregate is deprecated, please use custom TypeHandler (https://orbax.readthedocs.io/en/latest/custom_handlers.html#typehandler) or contact Orbax team to migrate before May 1st, 2024.
Logging update: 13250
[53/120] solve_rate/mean=0.663 sps=1471522 eta=1.37h
Logging update: 13500
[54/120] solve_rate/mean=0.312 sps=1513968 eta=1.34h
Logging update: 13750
[55/120] solve_rate/mean=0.325 sps=1465278 eta=1.39h
Logging update: 14000
[56/120] solve_rate/mean=0.287 sps=1537047 eta=1.33h
Logging update: 14250
[57/120] solve_rate/mean=0.400 sps=1550200 eta=1.32h
Logging update: 14500
[58/120] solve_rate/mean=0.375 sps=1578152 eta=1.30h
Logging update: 14750
[59/120] solve_rate/mean=0.788 sps=1565856 eta=1.31h
Logging update: 15000
[60/120] solve_rate/mean=0.688 sps=1632040 eta=1.25h
Logging update: 15250
[61/120] solve_rate/mean=0.738 sps=1654857 eta=1.24h
Logging update: 15500
[62/120] solve_rate/mean=0.650 sps=1672780 eta=1.22h
Logging update: 15750
[63/120] solve_rate/mean=0.288 sps=1765546 eta=1.16h
Logging update: 16000
[64/120] solve_rate/mean=0.312 sps=1788704 eta=1.14h
Logging update: 16250
[65/120] solve_rate/mean=0.512 sps=1829563 eta=1.11h
Logging update: 16500
[66/120] solve_rate/mean=0.500 sps=1811488 eta=1.12h
Logging update: 16750
[67/120] solve_rate/mean=0.400 sps=1891567 eta=1.07h
Logging update: 17000
[68/120] solve_rate/mean=0.475 sps=1806463 eta=1.11h
Logging update: 17250
[69/120] solve_rate/mean=0.538 sps=1850028 eta=1.08h
WARNING:absl:SaveArgs.aggregate is deprecated, please use custom TypeHandler (https://orbax.readthedocs.io/en/latest/custom_handlers.html#typehandler) or contact Orbax team to migrate before May 1st, 2024.
Logging update: 17500
[70/120] solve_rate/mean=0.600 sps=1955939 eta=1.02h
Logging update: 17750
[71/120] solve_rate/mean=0.625 sps=1911789 eta=1.04h
Logging update: 18000
[72/120] solve_rate/mean=0.675 sps=1990440 eta=0.99h
Logging update: 18250
[73/120] solve_rate/mean=0.500 sps=1997008 eta=0.98h
Logging update: 18500
[74/120] solve_rate/mean=0.412 sps=2036678 eta=0.95h
Logging update: 18750
[75/120] solve_rate/mean=0.350 sps=1986123 eta=0.97h
Logging update: 19000
[76/120] solve_rate/mean=0.450 sps=2077447 eta=0.92h
Logging update: 19250
[77/120] solve_rate/mean=0.188 sps=2137082 eta=0.88h
Logging update: 19500
[78/120] solve_rate/mean=0.438 sps=2129410 eta=0.88h
Logging update: 19750
[79/120] solve_rate/mean=0.388 sps=2166287 eta=0.85h
Logging update: 20000
[80/120] solve_rate/mean=0.438 sps=2260712 eta=0.81h
Logging update: 20250
[81/120] solve_rate/mean=0.550 sps=2234455 eta=0.80h
Logging update: 20500
[82/120] solve_rate/mean=0.600 sps=2243794 eta=0.79h
Logging update: 20750
[83/120] solve_rate/mean=0.250 sps=2310808 eta=0.76h
Logging update: 21000
[84/120] solve_rate/mean=0.550 sps=2328173 eta=0.74h
Logging update: 21250
[85/120] solve_rate/mean=0.550 sps=2444932 eta=0.69h
Logging update: 21500
[86/120] solve_rate/mean=0.325 sps=2426822 eta=0.69h
WARNING:absl:SaveArgs.aggregate is deprecated, please use custom TypeHandler (https://orbax.readthedocs.io/en/latest/custom_handlers.html#typehandler) or contact Orbax team to migrate before May 1st, 2024.
Logging update: 21750
[87/120] solve_rate/mean=0.300 sps=2341845 eta=0.70h
Logging update: 22000
[88/120] solve_rate/mean=0.363 sps=2492964 eta=0.64h
Logging update: 22250
[89/120] solve_rate/mean=0.475 sps=2488776 eta=0.63h
Logging update: 22500
[90/120] solve_rate/mean=0.387 sps=2506333 eta=0.61h
Logging update: 22750
[91/120] solve_rate/mean=0.312 sps=2443336 eta=0.61h
Logging update: 23000
[92/120] solve_rate/mean=0.475 sps=2485204 eta=0.59h
Logging update: 23250
[93/120] solve_rate/mean=0.237 sps=2571880 eta=0.56h
Logging update: 23500
[94/120] solve_rate/mean=0.250 sps=2528034 eta=0.55h
Logging update: 23750
[95/120] solve_rate/mean=0.400 sps=2593297 eta=0.52h
Logging update: 24000
[96/120] solve_rate/mean=0.513 sps=2582711 eta=0.51h
Logging update: 24250
[97/120] solve_rate/mean=0.375 sps=2712143 eta=0.47h
Logging update: 24500
[98/120] solve_rate/mean=0.463 sps=2775237 eta=0.44h
Logging update: 24750
[99/120] solve_rate/mean=0.412 sps=2709607 eta=0.44h
Logging update: 25000
[100/120] solve_rate/mean=0.262 sps=2626423 eta=0.43h
Logging update: 25250
[101/120] solve_rate/mean=0.413 sps=2728798 eta=0.40h
Logging update: 25500
[102/120] solve_rate/mean=0.450 sps=2806647 eta=0.37h
Logging update: 25750
[103/120] solve_rate/mean=0.250 sps=2758072 eta=0.36h
WARNING:absl:SaveArgs.aggregate is deprecated, please use custom TypeHandler (https://orbax.readthedocs.io/en/latest/custom_handlers.html#typehandler) or contact Orbax team to migrate before May 1st, 2024.
Logging update: 26000
[104/120] solve_rate/mean=0.312 sps=2887111 eta=0.33h
Logging update: 26250
[105/120] solve_rate/mean=0.312 sps=2935820 eta=0.31h
Logging update: 26500
[106/120] solve_rate/mean=0.275 sps=2950478 eta=0.29h
Logging update: 26750
[107/120] solve_rate/mean=0.138 sps=2911699 eta=0.27h
Logging update: 27000
[108/120] solve_rate/mean=0.575 sps=2982135 eta=0.25h
Logging update: 27250
[109/120] solve_rate/mean=0.350 sps=3032207 eta=0.22h
Logging update: 27500
[110/120] solve_rate/mean=0.125 sps=3020802 eta=0.21h
Logging update: 27750
[111/120] solve_rate/mean=0.113 sps=3118404 eta=0.18h
Logging update: 28000
[112/120] solve_rate/mean=0.125 sps=3054221 eta=0.17h
Logging update: 28250
[113/120] solve_rate/mean=0.312 sps=3673002 eta=0.12h
Logging update: 28500
[114/120] solve_rate/mean=0.263 sps=4887216 eta=0.08h
Logging update: 28750
[115/120] solve_rate/mean=0.250 sps=4827113 eta=0.07h
Logging update: 29000
[116/120] solve_rate/mean=0.300 sps=4891657 eta=0.05h
Logging update: 29250
[117/120] solve_rate/mean=0.262 sps=4528674 eta=0.04h
Logging update: 29500
[118/120] solve_rate/mean=0.388 sps=4961581 eta=0.03h
Logging update: 29750
[119/120] solve_rate/mean=0.263 sps=5054775 eta=0.01h
Logging update: 30000
[120/120] solve_rate/mean=0.175 sps=5087117 eta=0.00h
WARNING:absl:SaveArgs.aggregate is deprecated, please use custom TypeHandler (https://orbax.readthedocs.io/en/latest/custom_handlers.html#typehandler) or contact Orbax team to migrate before May 1st, 2024.
wandb: - 0.000 MB of 0.000 MB uploadedwandb:                                                                                
wandb: 
wandb: Run history:
wandb:            agent/actor_loss ▇▄▄▆▁▂▁▁▁▁▁▁▂▂▂▂▂▂▃▃▃▃▃▃▄▄▄▄▄▄▄▅▅▅▅▆▆▇▇█
wandb:           agent/critic_loss ▁█▆▅▄▃▃▃▃▃▃▃▃▂▂▂▂▂▂▂▂▂▂▂▂▂▂▂▂▂▂▂▂▂▂▂▂▂▂▂
wandb:               agent/entropy █▂▂▁▁▁▁▁▁▁▁▁▁▁▁▁▁▁▁▁▁▁▁▁▁▁▁▁▁▁▁▁▁▁▁▁▁▁▁▁
wandb:                  agent/loss ▁█▆▆▅▄▄▄▄▄▄▃▄▃▃▃▃▃▃▃▃▃▃▃▃▃▃▃▃▃▃▃▃▃▄▄▄▄▄▄
wandb:        eval_ep_lengths/mean █▆▆▆▆▄▅▅▆▇▃▅▅▄▃▃▂▂▃▄▂▁▄▅▆▆▁▄▅▄▅▅▅▄▅▆▇▅▃▆
wandb:               num_env_steps ▁▁▁▂▂▂▂▂▂▃▃▃▃▃▃▄▄▄▄▄▅▅▅▅▅▅▆▆▆▆▆▇▇▇▇▇▇███
wandb:                 num_updates ▁▁▁▂▂▂▂▂▂▃▃▃▃▃▃▄▄▄▄▄▅▅▅▅▅▅▆▆▆▆▆▇▇▇▇▇▇███
wandb:            return/Labyrinth ▁▁▁▁▁▅▂▄▁▃▄▁▁▁▃▄▆█▁▁▃▁▁▁▁▁▁▁▁▁▁▁▁▁▁▁▁▁▁▁
wandb:           return/Labyrinth2 ▁▁▂▂▁▄▅▃▁▃▇▁▂▁▃▄▅█▁▁▄▁▁▁▁▁▁▁▁▁▁▁▁▁▁▁▁▁▁▁
wandb:     return/LabyrinthFlipped ▁▁▁▁▁▄▂▆▅▅█▇▃▇█▆█▇▇█████▅▃█▂▂▅▇▆▅▄▃▁▁▂▃▂
wandb:         return/SixteenRooms ▁▅▆▅▆▇▇█▇▆███▇█████▆▆▇▇▇▇▇▇▆██▆▆▇▇▇▇▅▆▇▅
wandb:        return/SixteenRooms2 ▁▁▁▁▁▁▂▁▂▂▂▄▁▁▄▆▁▄▁▆▅▆▇▃▅▁▆▅▁▃▆█▂▁▃▁▁▂▂▁
wandb:         return/StandardMaze ▁▁▁▁▁▁▄▄▁▁▄▇▁▆█▃█▇▁▃▅▅██▂▁▄▁▇▇▃▂▆▄▄▁▂▅▅▂
wandb:        return/StandardMaze2 ▁▁▁▁▁▁▁▃▁▁▁▁▁▁▁▁▄▄▁▁▁█▁█▁▁▁▁▁▁▄▁▅▃▁▁▁▂▁▁
wandb:        return/StandardMaze3 ▁▃▁▁▁▁▁▁▁▁▁▁▁▁▄▃▅▅▅▁█▅▁▅▃▁▃▂▂▃▃▁▂▄▁▂▁▂▁▁
wandb:                 return/mean ▁▃▂▂▂▄▄▅▄▄▆▅▃▅▇▆▇█▅▅▇▆▆▆▄▃▆▃▄▅▅▅▅▄▄▃▂▄▄▃
wandb:        solve_rate/Labyrinth ▁▁▁▁▁▅▂▅▁▅▇▁▁▂▆▆██▁▁▅▁▁▁▁▁▁▁▁▁▁▁▁▁▁▁▁▁▁▁
wandb:       solve_rate/Labyrinth2 ▁▁▂▂▁▅▅▅▁▄▇▁▃▁▅█▆█▁▁▄▁▁▂▁▁▁▁▁▁▁▁▁▁▁▁▁▁▁▁
wandb: solve_rate/LabyrinthFlipped ▁▁▁▁▁▅▃▇▇▇██▄██▇████████▇▅█▂▂████▇▅▁▁▅▄▂
wandb:     solve_rate/SixteenRooms ▁▇▇▇▇██████████████▇▇███████████████▇▇█▆
wandb:    solve_rate/SixteenRooms2 ▁▂▁▁▁▂▂▁▂▂▅▄▁▂▆▇▁▆▁▅▇▅▇▅▇▁▇▅▁▃▆█▂▁▃▁▁▂▂▂
wandb:     solve_rate/StandardMaze ▁▁▁▁▁▁▅▅▂▂▄█▁▇▇▃▇█▁▄▅▅▇▇▂▁▅▁█▇▄▂▇▅▅▁▂▆▆▃
wandb:    solve_rate/StandardMaze2 ▁▁▁▁▁▁▁▆▁▁▁▁▁▁▁▁▆▃▁▁▁▅▁█▁▁▁▁▁▁▆▁█▅▁▁▁▃▁▁
wandb:    solve_rate/StandardMaze3 ▁▅▂▁▁▂▂▁▁▁▂▂▁▁▆▅▇█▅▂█▆▂█▅▁▂▂▄▅▄▂▃▅▂▂▁▂▂▂
wandb:             solve_rate/mean ▁▃▂▂▂▄▄▅▃▄▆▅▃▄▇▆▇█▄▄▆▅▅▆▄▃▅▃▄▅▅▄▅▄▄▂▂▄▄▂
wandb:                         sps ▁▁▁▁▁▂▂▂▂▂▂▂▂▂▃▃▃▃▃▃▃▃▃▄▄▄▄▄▄▄▄▅▅▅▅▅▅▆██
wandb:                  time_delta ██▇█▇▇▇▇██▇▇▇▇███▇█▇█▇██▇▇▇▇▇▇█▇▇█▇▇▇▅▁▁
wandb: 
wandb: Run summary:
wandb:            agent/actor_loss -1e-05
wandb:           agent/critic_loss 0.00394
wandb:               agent/entropy 0.02377
wandb:                  agent/loss 0.00193
wandb:        eval_ep_lengths/mean 225.25
wandb:               num_env_steps 245760000
wandb:                 num_updates 30000
wandb:            return/Labyrinth 0.0
wandb:           return/Labyrinth2 0.0
wandb:     return/LabyrinthFlipped 0.04808
wandb:         return/SixteenRooms 0.4984
wandb:        return/SixteenRooms2 0.02584
wandb:         return/StandardMaze 0.09408
wandb:        return/StandardMaze2 0.0
wandb:        return/StandardMaze3 0.03664
wandb:                 return/mean 0.08788
wandb:        solve_rate/Labyrinth 0.0
wandb:       solve_rate/Labyrinth2 0.0
wandb: solve_rate/LabyrinthFlipped 0.2
wandb:     solve_rate/SixteenRooms 0.7
wandb:    solve_rate/SixteenRooms2 0.1
wandb:     solve_rate/StandardMaze 0.3
wandb:    solve_rate/StandardMaze2 0.0
wandb:    solve_rate/StandardMaze3 0.1
wandb:             solve_rate/mean 0.175
wandb:                         sps 5087117.25537
wandb:                  time_delta 48.31027
wandb: 
wandb: You can sync this run to the cloud by running:
wandb: wandb sync /workspace/tlab_ued/runs/dr/0/wandb/offline-run-20260823_125938-x2b1q58h
wandb: Find logs at: /workspace/tlab_ued/runs/dr/0/wandb/offline-run-20260823_125938-x2b1q58h/logs
wandb: WARNING The new W&B backend becomes opt-out in version 0.18.0; try it out with `wandb.require("core")`! See https://wandb.me/wandb-core for more information.
