
=== 2026-08-23 22:02:18 launching: /workspace/venvs/jaxued/bin/python -m tlab_ued.train --project tlab-ued --run_name sfl_accel_learnability --seed 0 --mode train --checkpoint_to_eval -1 --checkpoint_save_interval 17 --max_number_of_checkpoints 60 --eval_freq 250 --eval_num_attempts 10 --eval_levels SixteenRooms SixteenRooms2 Labyrinth LabyrinthFlipped Labyrinth2 StandardMaze StandardMaze2 StandardMaze3 --lr 0.0001 --max_grad_norm 0.5 --num_updates 30000 --num_steps 256 --num_train_envs 32 --num_minibatches 1 --gamma 0.995 --epoch_ppo 5 --clip_eps 0.2 --gae_lambda 0.98 --entropy_coeff 0.001 --critic_coeff 0.5 --agent_view_size 5 --score_function learnability --no-exploratory_grad_updates --level_buffer_capacity 4000 --replay_prob 1.0 --staleness_coeff 0.3 --temperature 0.3 --topk_k 4 --minimum_fill_ratio 0.5 --prioritization rank --buffer_duplicate_check --use_accel --num_edits 5 --n_walls 25 --teacher sfl_accel --level_generator minigrid_walls --level_mutator minimax --log_media levels --out_dir /workspace/tlab_ued --no-resume --diagnose_levels 1024 --diagnose_mutation_rounds 1 --no-allow_student_changes --sfl_num_attempts 4 --sfl_period 250 --sfl_num_levels 224 --sfl_topk 32 --sfl_p_decay 0.25

Levels from generator 'minigrid_walls' (n_walls=25)  (n=1024)
  solvable          99.7%   (goal unreachable 0.3%, needs >250 steps 0.0%)
  optimal steps   median 11  mean 11.5  p10 5  p90 18  max 27
  best return     0.958 mean over solvable levels
  difficulty      trivial<=10 44.6% | easy<=30 55.1% | medium<=60 0.0% | hard<=120 0.0% | brutal>120 0.0% | unsolvable 0.3%
  reachable area  99.5% of free cells   walls 23.3 (13.8% of the grid)
...after 1x mutator 'minimax' (5 edits)  (n=1024)
  solvable          99.6%   (goal unreachable 0.4%, needs >250 steps 0.0%)
  optimal steps   median 11  mean 11.5  p10 5  p90 19  max 29
  best return     0.959 mean over solvable levels
  difficulty      trivial<=10 45.0% | easy<=30 54.6% | medium<=60 0.0% | hard<=120 0.0% | brutal>120 0.0% | unsolvable 0.4%
  reachable area  99.3% of free cells   walls 24.6 (14.5% of the grid)

  env_steps                   245760000
  total_updates               30000
  reserved_updates            3360
  expected_gradient_updates   13320.0
  expected_mutation_updates   13320.0
  expected_dr_updates         0.0
  sfl_phase_updates           28
  levels_scored_per_update    8
  attempts_per_level          4
wandb: Tracking run with wandb version 0.17.5
wandb: W&B syncing is set to `offline` in this directory.  
wandb: Run `wandb online` or set WANDB_MODE=online to enable cloud syncing.
Logging update: 250
[1/120] solve_rate/mean=0.000 sps=49771 eta=1.36h
WARNING:absl:SaveArgs.aggregate is deprecated, please use custom TypeHandler (https://orbax.readthedocs.io/en/latest/custom_handlers.html#typehandler) or contact Orbax team to migrate before May 1st, 2024.
Logging update: 500
[2/120] solve_rate/mean=0.000 sps=106731 eta=1.26h
Logging update: 750
[3/120] solve_rate/mean=0.000 sps=247272 eta=0.81h
Logging update: 1000
[4/120] solve_rate/mean=0.000 sps=335938 eta=0.79h
Logging update: 1250
[5/120] solve_rate/mean=0.025 sps=388698 eta=0.84h
Logging update: 1500
[6/120] solve_rate/mean=0.013 sps=414327 eta=0.94h
Logging update: 1750
[7/120] solve_rate/mean=0.025 sps=492712 eta=0.91h
Logging update: 2000
[8/120] solve_rate/mean=0.013 sps=639961 eta=0.80h
Logging update: 2250
[9/120] solve_rate/mean=0.062 sps=736795 eta=0.77h
Logging update: 2500
[10/120] solve_rate/mean=0.025 sps=830778 eta=0.75h
Logging update: 2750
[11/120] solve_rate/mean=0.075 sps=831753 eta=0.82h
Logging update: 3000
[12/120] solve_rate/mean=0.125 sps=830806 eta=0.89h
Logging update: 3250
[13/120] solve_rate/mean=0.050 sps=893445 eta=0.89h
Logging update: 3500
[14/120] solve_rate/mean=0.050 sps=1139068 eta=0.74h
Logging update: 3750
[15/120] solve_rate/mean=0.062 sps=1222723 eta=0.73h
Logging update: 4000
[16/120] solve_rate/mean=0.138 sps=1320871 eta=0.72h
Logging update: 4250
[17/120] solve_rate/mean=0.350 sps=1250520 eta=0.80h
Logging update: 4500
[18/120] solve_rate/mean=0.175 sps=1249785 eta=0.84h
WARNING:absl:SaveArgs.aggregate is deprecated, please use custom TypeHandler (https://orbax.readthedocs.io/en/latest/custom_handlers.html#typehandler) or contact Orbax team to migrate before May 1st, 2024.
Logging update: 4750
[19/120] solve_rate/mean=0.100 sps=1365588 eta=0.80h
Logging update: 5000
[20/120] solve_rate/mean=0.100 sps=1606987 eta=0.71h
Logging update: 5250
[21/120] solve_rate/mean=0.150 sps=1721423 eta=0.69h
Logging update: 5500
[22/120] solve_rate/mean=0.162 sps=1832639 eta=0.67h
Logging update: 5750
[23/120] solve_rate/mean=0.100 sps=1769844 eta=0.72h
Logging update: 6000
[24/120] solve_rate/mean=0.138 sps=1675655 eta=0.78h
Logging update: 6250
[25/120] solve_rate/mean=0.238 sps=1731191 eta=0.78h
Logging update: 6500
[26/120] solve_rate/mean=0.238 sps=2055821 eta=0.68h
Logging update: 6750
[27/120] solve_rate/mean=0.488 sps=2183185 eta=0.65h
Logging update: 7000
[28/120] solve_rate/mean=0.162 sps=2308217 eta=0.63h
Logging update: 7250
[29/120] solve_rate/mean=0.250 sps=2089966 eta=0.72h
Logging update: 7500
[30/120] solve_rate/mean=0.287 sps=2079619 eta=0.74h
Logging update: 7750
[31/120] solve_rate/mean=0.213 sps=2248660 eta=0.70h
Logging update: 8000
[32/120] solve_rate/mean=0.525 sps=2584389 eta=0.62h
Logging update: 8250
[33/120] solve_rate/mean=0.238 sps=2676021 eta=0.61h
Logging update: 8500
[34/120] solve_rate/mean=0.450 sps=2786613 eta=0.60h
Logging update: 8750
[35/120] solve_rate/mean=0.350 sps=2578974 eta=0.66h
WARNING:absl:SaveArgs.aggregate is deprecated, please use custom TypeHandler (https://orbax.readthedocs.io/en/latest/custom_handlers.html#typehandler) or contact Orbax team to migrate before May 1st, 2024.
Logging update: 9000
[36/120] solve_rate/mean=0.525 sps=2520264 eta=0.68h
Logging update: 9250
[37/120] solve_rate/mean=0.475 sps=2644347 eta=0.66h
Logging update: 9500
[38/120] solve_rate/mean=0.438 sps=3047645 eta=0.58h
Logging update: 9750
[39/120] solve_rate/mean=0.700 sps=3189310 eta=0.56h
Logging update: 10000
[40/120] solve_rate/mean=0.525 sps=3262291 eta=0.56h
Logging update: 10250
[41/120] solve_rate/mean=0.587 sps=2952571 eta=0.62h
Logging update: 10500
[42/120] solve_rate/mean=0.525 sps=2879341 eta=0.65h
Logging update: 10750
[43/120] solve_rate/mean=0.450 sps=3097601 eta=0.61h
Logging update: 11000
[44/120] solve_rate/mean=0.288 sps=3550435 eta=0.54h
Logging update: 11250
[45/120] solve_rate/mean=0.575 sps=3624307 eta=0.53h
Logging update: 11500
[46/120] solve_rate/mean=0.725 sps=3698316 eta=0.52h
Logging update: 11750
[47/120] solve_rate/mean=0.600 sps=3376564 eta=0.58h
Logging update: 12000
[48/120] solve_rate/mean=0.738 sps=3325342 eta=0.59h
Logging update: 12250
[49/120] solve_rate/mean=0.450 sps=3691261 eta=0.54h
Logging update: 12500
[50/120] solve_rate/mean=0.425 sps=4015676 eta=0.50h
Logging update: 12750
[51/120] solve_rate/mean=0.600 sps=4090159 eta=0.49h
Logging update: 13000
[52/120] solve_rate/mean=0.788 sps=3919685 eta=0.51h
WARNING:absl:SaveArgs.aggregate is deprecated, please use custom TypeHandler (https://orbax.readthedocs.io/en/latest/custom_handlers.html#typehandler) or contact Orbax team to migrate before May 1st, 2024.
Logging update: 13250
[53/120] solve_rate/mean=0.500 sps=3673882 eta=0.55h
Logging update: 13500
[54/120] solve_rate/mean=0.762 sps=3754936 eta=0.54h
Logging update: 13750
[55/120] solve_rate/mean=0.587 sps=4339328 eta=0.47h
Logging update: 14000
[56/120] solve_rate/mean=0.837 sps=4525631 eta=0.45h
Logging update: 14250
[57/120] solve_rate/mean=0.775 sps=4679186 eta=0.44h
Logging update: 14500
[58/120] solve_rate/mean=0.638 sps=4339043 eta=0.47h
Logging update: 14750
[59/120] solve_rate/mean=0.538 sps=4021780 eta=0.51h
Logging update: 15000
[60/120] solve_rate/mean=0.450 sps=4245224 eta=0.48h
Logging update: 15250
[61/120] solve_rate/mean=0.312 sps=5192693 eta=0.39h
Logging update: 15500
[62/120] solve_rate/mean=0.350 sps=4986878 eta=0.41h
Logging update: 15750
[63/120] solve_rate/mean=0.750 sps=5173473 eta=0.39h
Logging update: 16000
[64/120] solve_rate/mean=0.812 sps=4368063 eta=0.47h
Logging update: 16250
[65/120] solve_rate/mean=0.812 sps=4505159 eta=0.45h
Logging update: 16500
[66/120] solve_rate/mean=0.887 sps=5302781 eta=0.38h
Logging update: 16750
[67/120] solve_rate/mean=0.825 sps=5813980 eta=0.35h
Logging update: 17000
[68/120] solve_rate/mean=0.825 sps=6162063 eta=0.33h
Logging update: 17250
[69/120] solve_rate/mean=0.888 sps=5157561 eta=0.39h
WARNING:absl:SaveArgs.aggregate is deprecated, please use custom TypeHandler (https://orbax.readthedocs.io/en/latest/custom_handlers.html#typehandler) or contact Orbax team to migrate before May 1st, 2024.
Logging update: 17500
[70/120] solve_rate/mean=0.888 sps=4849046 eta=0.41h
Logging update: 17750
[71/120] solve_rate/mean=0.812 sps=4862616 eta=0.41h
Logging update: 18000
[72/120] solve_rate/mean=0.312 sps=5458484 eta=0.36h
Logging update: 18250
[73/120] solve_rate/mean=0.338 sps=6232573 eta=0.31h
Logging update: 18500
[74/120] solve_rate/mean=0.400 sps=6041121 eta=0.32h
Logging update: 18750
[75/120] solve_rate/mean=0.938 sps=6541849 eta=0.29h
Logging update: 19000
[76/120] solve_rate/mean=0.738 sps=6534361 eta=0.29h
Logging update: 19250
[77/120] solve_rate/mean=0.562 sps=6336251 eta=0.30h
Logging update: 19500
[78/120] solve_rate/mean=0.500 sps=5708962 eta=0.33h
Logging update: 19750
[79/120] solve_rate/mean=0.550 sps=5477553 eta=0.34h
Logging update: 20000
[80/120] solve_rate/mean=0.450 sps=5811434 eta=0.31h
Logging update: 20250
[81/120] solve_rate/mean=0.575 sps=6571907 eta=0.27h
Logging update: 20500
[82/120] solve_rate/mean=0.625 sps=6926703 eta=0.26h
Logging update: 20750
[83/120] solve_rate/mean=0.938 sps=7058272 eta=0.25h
Logging update: 21000
[84/120] solve_rate/mean=0.700 sps=7384395 eta=0.23h
Logging update: 21250
[85/120] solve_rate/mean=0.938 sps=6933769 eta=0.24h
Logging update: 21500
[86/120] solve_rate/mean=0.988 sps=6306227 eta=0.26h
WARNING:absl:SaveArgs.aggregate is deprecated, please use custom TypeHandler (https://orbax.readthedocs.io/en/latest/custom_handlers.html#typehandler) or contact Orbax team to migrate before May 1st, 2024.
Logging update: 21750
[87/120] solve_rate/mean=0.875 sps=6050820 eta=0.27h
Logging update: 22000
[88/120] solve_rate/mean=0.812 sps=6298781 eta=0.25h
Logging update: 22250
[89/120] solve_rate/mean=0.825 sps=7134076 eta=0.22h
Logging update: 22500
[90/120] solve_rate/mean=0.962 sps=7393192 eta=0.21h
Logging update: 22750
[91/120] solve_rate/mean=0.663 sps=6759865 eta=0.22h
Logging update: 23000
[92/120] solve_rate/mean=0.575 sps=6391179 eta=0.23h
Logging update: 23250
[93/120] solve_rate/mean=0.900 sps=6619246 eta=0.22h
Logging update: 23500
[94/120] solve_rate/mean=0.888 sps=7481604 eta=0.19h
Logging update: 23750
[95/120] solve_rate/mean=0.850 sps=7717405 eta=0.18h
Logging update: 24000
[96/120] solve_rate/mean=0.913 sps=7388537 eta=0.18h
Logging update: 24250
[97/120] solve_rate/mean=0.600 sps=6721100 eta=0.19h
Logging update: 24500
[98/120] solve_rate/mean=0.925 sps=6849041 eta=0.18h
Logging update: 24750
[99/120] solve_rate/mean=0.363 sps=7855650 eta=0.15h
Logging update: 25000
[100/120] solve_rate/mean=0.800 sps=8093185 eta=0.14h
Logging update: 25250
[101/120] solve_rate/mean=0.950 sps=7594040 eta=0.14h
Logging update: 25500
[102/120] solve_rate/mean=0.863 sps=7083739 eta=0.15h
Logging update: 25750
[103/120] solve_rate/mean=0.812 sps=7325014 eta=0.14h
WARNING:absl:SaveArgs.aggregate is deprecated, please use custom TypeHandler (https://orbax.readthedocs.io/en/latest/custom_handlers.html#typehandler) or contact Orbax team to migrate before May 1st, 2024.
Logging update: 26000
[104/120] solve_rate/mean=0.688 sps=8370080 eta=0.11h
Logging update: 26250
[105/120] solve_rate/mean=0.663 sps=8612490 eta=0.10h
Logging update: 26500
[106/120] solve_rate/mean=0.825 sps=7974915 eta=0.11h
Logging update: 26750
[107/120] solve_rate/mean=0.663 sps=7374760 eta=0.11h
Logging update: 27000
[108/120] solve_rate/mean=0.875 sps=7594527 eta=0.10h
Logging update: 27250
[109/120] solve_rate/mean=0.850 sps=8514909 eta=0.08h
Logging update: 27500
[110/120] solve_rate/mean=0.888 sps=8684300 eta=0.07h
Logging update: 27750
[111/120] solve_rate/mean=0.988 sps=8146999 eta=0.07h
Logging update: 28000
[112/120] solve_rate/mean=0.725 sps=7963896 eta=0.06h
Logging update: 28250
[113/120] solve_rate/mean=0.888 sps=8319687 eta=0.05h
Logging update: 28500
[114/120] solve_rate/mean=0.763 sps=9087238 eta=0.04h
Logging update: 28750
[115/120] solve_rate/mean=0.925 sps=9221749 eta=0.04h
Logging update: 29000
[116/120] solve_rate/mean=0.875 sps=8705325 eta=0.03h
Logging update: 29250
[117/120] solve_rate/mean=0.738 sps=8165709 eta=0.02h
Logging update: 29500
[118/120] solve_rate/mean=0.750 sps=8259355 eta=0.02h
Logging update: 29750
[119/120] solve_rate/mean=0.925 sps=9469878 eta=0.01h
Logging update: 30000
[120/120] solve_rate/mean=0.938 sps=9731879 eta=0.00h
WARNING:absl:SaveArgs.aggregate is deprecated, please use custom TypeHandler (https://orbax.readthedocs.io/en/latest/custom_handlers.html#typehandler) or contact Orbax team to migrate before May 1st, 2024.
wandb: - 0.000 MB of 0.000 MB uploadedwandb:                                                                                
wandb: 
wandb: Run history:
wandb:              agent/actor_loss █▆▅▅▂▃▄▂▁▂▁▃▁▁▁▁▂▁▂▂▂▂▂▃▂▃▂▂▂▂▃▃▃▃▃▃▄▃▃▄
wandb:             agent/critic_loss ▁▃▆▆▆▆▆▆▇▇▇▇▇▇▇▆▇▇▇▆▇▇██▇▇█▇▇█▇▇█▇▇█▇▇▇▇
wandb:                 agent/entropy █▄▂▂▂▂▁▁▁▁▁▁▁▁▁▁▁▁▁▁▁▁▁▁▁▁▁▁▁▁▁▁▁▁▁▁▁▁▁▁
wandb:                    agent/loss ▁▄▆▆▆▆▆▆▇▇▇▇▇▇▇▆▇▇▇▇▇▇██▇██▇▇█▇▇█▇▇██▇▇█
wandb:         branch/num_dr_updates ▁███████████████████████████████████████
wandb:   branch/num_mutation_updates ▁▁▁▂▂▂▂▂▂▃▃▃▃▃▃▄▄▄▄▄▅▅▅▅▅▅▆▆▆▆▆▇▇▇▇▇▇███
wandb:     branch/num_replay_updates ▁▁▁▂▂▂▂▂▂▃▃▃▃▃▃▄▄▄▄▄▅▅▅▅▅▅▆▆▆▆▆▇▇▇▇▇▇███
wandb:        branch/num_sfl_updates ▁▁▁▂▂▂▂▂▂▃▃▃▃▃▃▄▄▄▄▄▅▅▅▅▅▅▆▆▆▆▆▇▇▇▇▇▇███
wandb:          eval_ep_lengths/mean ██▇████▇▇▇▇▅▄▅▅▂▅▅▂▄▅▄▃▃▅▆▇▂▁▂▅▂▄▁▅▄▁▄▃▂
wandb:         level/mean_num_blocks ▁▂▂▂▂▂▂▂▃▃▃▄▃▄▄▄▅▅▅▅▆▆▆▆▇▇▆▇▇▆▇▇▇▇▇███▇█
wandb:   level_sampler/episode_count ▁▁▁▂▂▂▂▂▂▃▃▃▃▃▃▄▄▄▄▄▅▅▅▅▅▅▆▆▆▆▆▇▇▇▇▇▇███
wandb:       level_sampler/max_score ███▇▇███▆▄█▇▇▁██▄█▇█▄█▄████████▄▇▅███▇██
wandb: level_sampler/mean_max_return ▁▃▆▇████████████████████▇▇▇▇▇▇▇▇▇▇▇▇▇▇▇▇
wandb:          level_sampler/mean_p ▁▂▃▄▅▆▇▇▇▇██████████████████████████████
wandb:      level_sampler/mean_score ▁▄▇██▇▆▆▅▄▄▃▃▃▂▂▂▂▂▂▂▂▂▂▂▂▂▂▂▂▂▂▂▂▂▂▂▂▂▂
wandb:            level_sampler/size ▁███████████████████████████████████████
wandb:  level_sampler/weighted_score ▅▅▇██▇▇▆▅▄▅▄▄▄▄▄▃▃▃▂▁▃▃▃▃▃▃▄▃▃▄▂▄▃▂▃▃▂▃▃
wandb:                 num_env_steps ▁▁▁▂▂▂▂▂▂▃▃▃▃▃▃▄▄▄▄▄▅▅▅▅▅▅▆▆▆▆▆▇▇▇▇▇▇███
wandb:                   num_updates ▁▁▁▂▂▂▂▂▂▃▃▃▃▃▃▄▄▄▄▄▅▅▅▅▅▅▆▆▆▆▆▇▇▇▇▇▇███
wandb:              return/Labyrinth ▁▁▁▁▁▁▁▁▁▁▁▁▂▂▂▄▁▅▂▁▁▄█▄▁▁▁▆█▁▁▄▅█▂▇█▄▅▇
wandb:             return/Labyrinth2 ▁▁▁▁▁▁▁▁▁▁▁▆▅▄▂█▁▆▂▁▁█▇▃▂▄▁█▇▆▁▇▇▇▂▄▇▄▄▇
wandb:       return/LabyrinthFlipped ▁▁▁▁▁▁▁▁▁▁▇▅██▃▆▇█▄▆▁▇█▇▁▇▃███▂██▇▃▂█▆██
wandb:           return/SixteenRooms ▁▁▂▁▃▅▃▇▃▃▂▅▄▃▆▆▅▂▇▇▅▅▅██▃▂▇▆██▃▆█▇█▆█▃█
wandb:          return/SixteenRooms2 ▁▁▁▁▁▂▁▁▂▁▁▂▁▁▂▃▁▂▇▆▅▄▅▅▃▆▅▃▅▆▇▇▇▅▅▇▆▃█▄
wandb:           return/StandardMaze ▁▁▁▁▁▁▁▁▆▁▃▇██▄▅▇▅▃▄▂▃██▂▃▆▆▇▄▅▆▇▄▂▄▅▅▅▅
wandb:          return/StandardMaze2 ▁▁▁▁▁▁▁▁▁▁▁▁▂▁▁▁▁▆▃▅▁▃▂▂▁▂▁▇▆▇▂█▇█▄▁▃▇██
wandb:          return/StandardMaze3 ▁▁▁▁▁▁▁▂▃▃▁▁▂▄▆▇▅▆▇▅▇▇█▅▇▆▆▇██▅▅▄█▄█▇▃█▇
wandb:                   return/mean ▁▁▁▁▁▂▂▂▂▂▂▄▄▄▄▆▄▆▆▅▄▆▇▆▄▅▄██▇▅▇██▅▆█▆▇█
wandb:   sfl/population_learnability ▄█▄▃▂▂▂▂▂▁▁▁▁▁▁▁▁▂▁▁▁▁▁▁▁▁▁▁▁▁▁▁▁▁▁▁▁▁▁▁
wandb:         sfl/topk_learnability ▇█▇▇▇▇▄▃▃▂▂▂▂▂▂▂▂▃▂▂▁▁▂▁▂▂▃▂▂▂▂▂▂▂▁▂▁▁▁▁
wandb:          solve_rate/Labyrinth ▁▁▁▁▁▁▁▁▁▁▁▁▂▂▃▅▁█▂▁▁▆█▆▁▁▂██▁▁▇██▄▇█▇▆▇
wandb:         solve_rate/Labyrinth2 ▁▁▁▁▁▁▂▁▁▁▁▇▅▆▄█▁█▂▂▁██▇▂▅▁██▆▂██▇▅▄█▇▇▇
wandb:   solve_rate/LabyrinthFlipped ▁▁▁▁▁▁▁▁▁▁█▇██▄▇██▅▇▁▇██▁▇▄███▄██▇▅▂████
wandb:       solve_rate/SixteenRooms ▁▁▂▂▄▇▆█▅▇▂▇▆▆█▇▇▃██▅▇▆██▅▂████▄▇███▇█▅█
wandb:      solve_rate/SixteenRooms2 ▁▁▁▁▁▂▁▁▂▁▁▂▁▁▂▅▁▄█▇█▇▆▇▆▇█▅█▇█▇███▇█▅▇▆
wandb:       solve_rate/StandardMaze ▁▁▁▁▁▁▁▂▇▁▅███▄█▇█▅▇▂▆██▃▅▇██████▇▃▇▇▇██
wandb:      solve_rate/StandardMaze2 ▁▁▁▁▁▁▁▁▁▁▁▁▂▂▁▂▁▆▄▇▁▄▂▄▁▂▂█▇█▂█▇█▇▁▃███
wandb:      solve_rate/StandardMaze3 ▁▁▁▁▁▁▁▂▄▅▁▁▂▅▇█▇▇▇▅███▆███████▅▆▇██████
wandb:               solve_rate/mean ▁▁▁▁▁▂▂▂▃▂▃▄▄▅▄▆▄▇▅▆▃▇▇▇▄▅▄██▇▅▇██▆▆▇▇▇█
wandb:                           sps ▁▁▁▂▂▂▂▂▂▃▃▃▃▃▃▄▄▄▄▄▅▄▅▄▅▆▅▆▆▆▆▇▆▆▇▆▇▇▇█
wandb:              steps_per_second ▁▇▅▇▄▇▅▇▄▇▅▇▅▆▅▆▅▅▆▅▆▄█▄▆▇▅▇▅▆▄▆▄▅▆▄▆▅▅▆
wandb:                    time_delta █▂▃▂▄▂▃▂▄▂▃▂▃▂▃▂▃▃▂▃▂▄▁▄▂▂▃▂▃▂▄▂▄▃▂▄▂▃▃▂
wandb:            train/learnability ▁█▆▅▅▅▄▄▄▄▄▄▄▄▃▃▃▄▃▃▃▃▃▃▃▃▃▃▃▃▃▃▃▃▃▃▃▃▃▃
wandb:            train/success_rate ▁▄▇▇████████████████████████████████████
wandb: 
wandb: Run summary:
wandb:              agent/actor_loss -0.00028
wandb:             agent/critic_loss 0.01423
wandb:                 agent/entropy 0.01909
wandb:                    agent/loss 0.00681
wandb:         branch/num_dr_updates 242
wandb:   branch/num_mutation_updates 13199
wandb:     branch/num_replay_updates 13199
wandb:        branch/num_sfl_updates 3360
wandb:          eval_ep_lengths/mean 137.25
wandb:         level/mean_num_blocks 43.99413
wandb:   level_sampler/episode_count 533736
wandb:       level_sampler/max_score 0.24996
wandb: level_sampler/mean_max_return 0.82946
wandb:          level_sampler/mean_p 0.88983
wandb:      level_sampler/mean_score 0.06929
wandb:            level_sampler/size 4000
wandb:  level_sampler/weighted_score 0.19488
wandb:                 num_env_steps 245760000
wandb:                   num_updates 30000
wandb:              return/Labyrinth 0.45612
wandb:             return/Labyrinth2 0.45684
wandb:       return/LabyrinthFlipped 0.5284
wandb:           return/SixteenRooms 0.81136
wandb:          return/SixteenRooms2 0.24424
wandb:           return/StandardMaze 0.29296
wandb:          return/StandardMaze2 0.57736
wandb:          return/StandardMaze3 0.65008
wandb:                   return/mean 0.50217
wandb:   sfl/population_learnability 0.00167
wandb:         sfl/topk_learnability 0.01172
wandb:          solve_rate/Labyrinth 0.9
wandb:         solve_rate/Labyrinth2 0.9
wandb:   solve_rate/LabyrinthFlipped 1.0
wandb:       solve_rate/SixteenRooms 1.0
wandb:      solve_rate/SixteenRooms2 0.7
wandb:       solve_rate/StandardMaze 1.0
wandb:      solve_rate/StandardMaze2 1.0
wandb:      solve_rate/StandardMaze3 1.0
wandb:               solve_rate/mean 0.9375
wandb:                           sps 9731878.94425
wandb:              steps_per_second 81098.9912
wandb:                    time_delta 25.25309
wandb:            train/learnability 0.08776
wandb:            train/success_rate 0.77496
wandb: 
wandb: You can sync this run to the cloud by running:
wandb: wandb sync /workspace/tlab_ued/runs/sfl_accel_learnability/0/wandb/offline-run-20260823_220441-o10esz0i
wandb: Find logs at: /workspace/tlab_ued/runs/sfl_accel_learnability/0/wandb/offline-run-20260823_220441-o10esz0i/logs
wandb: WARNING The new W&B backend becomes opt-out in version 0.18.0; try it out with `wandb.require("core")`! See https://wandb.me/wandb-core for more information.
