
=== 2026-08-23 22:02:18 launching: /workspace/venvs/jaxued/bin/python -m tlab_ued.train --project tlab-ued --run_name accel_maxmc --seed 1 --mode train --checkpoint_to_eval -1 --checkpoint_save_interval 17 --max_number_of_checkpoints 60 --eval_freq 250 --eval_num_attempts 10 --eval_levels SixteenRooms SixteenRooms2 Labyrinth LabyrinthFlipped Labyrinth2 StandardMaze StandardMaze2 StandardMaze3 --lr 0.0001 --max_grad_norm 0.5 --num_updates 30000 --num_steps 256 --num_train_envs 32 --num_minibatches 1 --gamma 0.995 --epoch_ppo 5 --clip_eps 0.2 --gae_lambda 0.98 --entropy_coeff 0.001 --critic_coeff 0.5 --agent_view_size 5 --score_function MaxMC --no-exploratory_grad_updates --level_buffer_capacity 4000 --replay_prob 0.8 --staleness_coeff 0.3 --temperature 0.3 --topk_k 4 --minimum_fill_ratio 0.5 --prioritization rank --buffer_duplicate_check --use_accel --num_edits 5 --n_walls 25 --teacher accel --level_generator minigrid_walls --level_mutator minimax --log_media levels --out_dir /workspace/tlab_ued --no-resume --diagnose_levels 1024 --diagnose_mutation_rounds 1 --no-allow_student_changes --sfl_num_attempts 4 --sfl_period 250 --sfl_num_levels 224 --sfl_topk 32 --sfl_p_decay 0.25

Levels from generator 'minigrid_walls' (n_walls=25)  (n=1024)
  solvable          99.5%   (goal unreachable 0.5%, needs >250 steps 0.0%)
  optimal steps   median 11  mean 11.6  p10 5  p90 18  max 31
  best return     0.958 mean over solvable levels
  difficulty      trivial<=10 43.9% | easy<=30 55.5% | medium<=60 0.1% | hard<=120 0.0% | brutal>120 0.0% | unsolvable 0.5%
  reachable area  99.5% of free cells   walls 23.3 (13.8% of the grid)
...after 1x mutator 'minimax' (5 edits)  (n=1024)
  solvable          99.6%   (goal unreachable 0.4%, needs >250 steps 0.0%)
  optimal steps   median 12  mean 11.8  p10 5  p90 19  max 30
  best return     0.957 mean over solvable levels
  difficulty      trivial<=10 42.2% | easy<=30 57.4% | medium<=60 0.0% | hard<=120 0.0% | brutal>120 0.0% | unsolvable 0.4%
  reachable area  99.5% of free cells   walls 24.5 (14.5% of the grid)

  env_steps                   245760000
  total_updates               30000
  reserved_updates            0
  expected_gradient_updates   13333.333333333332
  expected_mutation_updates   13333.333333333332
  expected_dr_updates         3333.3333333333358
wandb: Tracking run with wandb version 0.17.5
wandb: W&B syncing is set to `offline` in this directory.  
wandb: Run `wandb online` or set WANDB_MODE=online to enable cloud syncing.
Logging update: 250
[1/120] solve_rate/mean=0.000 sps=43765 eta=1.55h
WARNING:absl:SaveArgs.aggregate is deprecated, please use custom TypeHandler (https://orbax.readthedocs.io/en/latest/custom_handlers.html#typehandler) or contact Orbax team to migrate before May 1st, 2024.
Logging update: 500
[2/120] solve_rate/mean=0.000 sps=91717 eta=1.46h
Logging update: 750
[3/120] solve_rate/mean=0.000 sps=177640 eta=1.12h
Logging update: 1000
[4/120] solve_rate/mean=0.038 sps=227072 eta=1.16h
Logging update: 1250
[5/120] solve_rate/mean=0.062 sps=273606 eta=1.20h
Logging update: 1500
[6/120] solve_rate/mean=0.038 sps=331960 eta=1.17h
Logging update: 1750
[7/120] solve_rate/mean=0.038 sps=402190 eta=1.12h
Logging update: 2000
[8/120] solve_rate/mean=0.075 sps=462711 eta=1.10h
Logging update: 2250
[9/120] solve_rate/mean=0.113 sps=512499 eta=1.11h
Logging update: 2500
[10/120] solve_rate/mean=0.025 sps=548002 eta=1.14h
Logging update: 2750
[11/120] solve_rate/mean=0.125 sps=599249 eta=1.14h
Logging update: 3000
[12/120] solve_rate/mean=0.113 sps=697517 eta=1.06h
Logging update: 3250
[13/120] solve_rate/mean=0.163 sps=730164 eta=1.08h
Logging update: 3500
[14/120] solve_rate/mean=0.013 sps=814464 eta=1.04h
Logging update: 3750
[15/120] solve_rate/mean=0.113 sps=829592 eta=1.08h
Logging update: 4000
[16/120] solve_rate/mean=0.125 sps=903554 eta=1.05h
Logging update: 4250
[17/120] solve_rate/mean=0.113 sps=958778 eta=1.04h
Logging update: 4500
[18/120] solve_rate/mean=0.087 sps=1082829 eta=0.96h
WARNING:absl:SaveArgs.aggregate is deprecated, please use custom TypeHandler (https://orbax.readthedocs.io/en/latest/custom_handlers.html#typehandler) or contact Orbax team to migrate before May 1st, 2024.
Logging update: 4750
[19/120] solve_rate/mean=0.150 sps=1110822 eta=0.98h
Logging update: 5000
[20/120] solve_rate/mean=0.162 sps=1107207 eta=1.03h
Logging update: 5250
[21/120] solve_rate/mean=0.150 sps=1157330 eta=1.02h
Logging update: 5500
[22/120] solve_rate/mean=0.150 sps=1241744 eta=0.99h
Logging update: 5750
[23/120] solve_rate/mean=0.325 sps=1282832 eta=0.99h
Logging update: 6000
[24/120] solve_rate/mean=0.163 sps=1335088 eta=0.98h
Logging update: 6250
[25/120] solve_rate/mean=0.175 sps=1373528 eta=0.98h
Logging update: 6500
[26/120] solve_rate/mean=0.288 sps=1506445 eta=0.92h
Logging update: 6750
[27/120] solve_rate/mean=0.200 sps=1580476 eta=0.90h
Logging update: 7000
[28/120] solve_rate/mean=0.288 sps=1618195 eta=0.91h
Logging update: 7250
[29/120] solve_rate/mean=0.413 sps=1605711 eta=0.93h
Logging update: 7500
[30/120] solve_rate/mean=0.400 sps=1657088 eta=0.93h
Logging update: 7750
[31/120] solve_rate/mean=0.387 sps=1733126 eta=0.91h
Logging update: 8000
[32/120] solve_rate/mean=0.150 sps=1766598 eta=0.91h
Logging update: 8250
[33/120] solve_rate/mean=0.438 sps=1966932 eta=0.83h
Logging update: 8500
[34/120] solve_rate/mean=0.312 sps=1925980 eta=0.86h
Logging update: 8750
[35/120] solve_rate/mean=0.275 sps=1905843 eta=0.89h
WARNING:absl:SaveArgs.aggregate is deprecated, please use custom TypeHandler (https://orbax.readthedocs.io/en/latest/custom_handlers.html#typehandler) or contact Orbax team to migrate before May 1st, 2024.
Logging update: 9000
[36/120] solve_rate/mean=0.175 sps=1995991 eta=0.86h
Logging update: 9250
[37/120] solve_rate/mean=0.262 sps=2091856 eta=0.84h
Logging update: 9500
[38/120] solve_rate/mean=0.425 sps=2189163 eta=0.81h
Logging update: 9750
[39/120] solve_rate/mean=0.250 sps=2229850 eta=0.81h
Logging update: 10000
[40/120] solve_rate/mean=0.463 sps=2195039 eta=0.83h
Logging update: 10250
[41/120] solve_rate/mean=0.375 sps=2239069 eta=0.82h
Logging update: 10500
[42/120] solve_rate/mean=0.512 sps=2407968 eta=0.77h
Logging update: 10750
[43/120] solve_rate/mean=0.538 sps=2364070 eta=0.80h
Logging update: 11000
[44/120] solve_rate/mean=0.625 sps=2419559 eta=0.79h
Logging update: 11250
[45/120] solve_rate/mean=0.375 sps=2476409 eta=0.78h
Logging update: 11500
[46/120] solve_rate/mean=0.562 sps=2669870 eta=0.73h
Logging update: 11750
[47/120] solve_rate/mean=0.263 sps=2637654 eta=0.74h
Logging update: 12000
[48/120] solve_rate/mean=0.575 sps=2689643 eta=0.73h
Logging update: 12250
[49/120] solve_rate/mean=0.638 sps=2649967 eta=0.75h
Logging update: 12500
[50/120] solve_rate/mean=0.625 sps=2821206 eta=0.71h
Logging update: 12750
[51/120] solve_rate/mean=0.587 sps=2910017 eta=0.69h
Logging update: 13000
[52/120] solve_rate/mean=0.288 sps=2968046 eta=0.68h
WARNING:absl:SaveArgs.aggregate is deprecated, please use custom TypeHandler (https://orbax.readthedocs.io/en/latest/custom_handlers.html#typehandler) or contact Orbax team to migrate before May 1st, 2024.
Logging update: 13250
[53/120] solve_rate/mean=0.800 sps=2893336 eta=0.70h
Logging update: 13500
[54/120] solve_rate/mean=0.587 sps=2953691 eta=0.69h
Logging update: 13750
[55/120] solve_rate/mean=0.637 sps=3051076 eta=0.67h
Logging update: 14000
[56/120] solve_rate/mean=0.400 sps=4145347 eta=0.49h
Logging update: 14250
[57/120] solve_rate/mean=0.700 sps=3220945 eta=0.63h
Logging update: 14500
[58/120] solve_rate/mean=0.638 sps=3188165 eta=0.64h
Logging update: 14750
[59/120] solve_rate/mean=0.788 sps=3220705 eta=0.64h
Logging update: 15000
[60/120] solve_rate/mean=0.762 sps=3710803 eta=0.55h
Logging update: 15250
[61/120] solve_rate/mean=0.737 sps=3783254 eta=0.54h
Logging update: 15500
[62/120] solve_rate/mean=0.738 sps=4015777 eta=0.51h
Logging update: 15750
[63/120] solve_rate/mean=0.762 sps=4109132 eta=0.50h
Logging update: 16000
[64/120] solve_rate/mean=0.438 sps=4257214 eta=0.48h
Logging update: 16250
[65/120] solve_rate/mean=0.513 sps=3836700 eta=0.53h
Logging update: 16500
[66/120] solve_rate/mean=0.325 sps=3608722 eta=0.56h
Logging update: 16750
[67/120] solve_rate/mean=0.812 sps=3891810 eta=0.52h
Logging update: 17000
[68/120] solve_rate/mean=0.762 sps=4118119 eta=0.49h
Logging update: 17250
[69/120] solve_rate/mean=0.650 sps=4199489 eta=0.48h
WARNING:absl:SaveArgs.aggregate is deprecated, please use custom TypeHandler (https://orbax.readthedocs.io/en/latest/custom_handlers.html#typehandler) or contact Orbax team to migrate before May 1st, 2024.
Logging update: 17500
[70/120] solve_rate/mean=0.650 sps=4836562 eta=0.41h
Logging update: 17750
[71/120] solve_rate/mean=0.713 sps=4778801 eta=0.41h
Logging update: 18000
[72/120] solve_rate/mean=0.725 sps=4270142 eta=0.46h
Logging update: 18250
[73/120] solve_rate/mean=0.763 sps=4003833 eta=0.49h
Logging update: 18500
[74/120] solve_rate/mean=0.575 sps=4047565 eta=0.48h
Logging update: 18750
[75/120] solve_rate/mean=0.775 sps=4075102 eta=0.47h
Logging update: 19000
[76/120] solve_rate/mean=0.650 sps=4220282 eta=0.45h
Logging update: 19250
[77/120] solve_rate/mean=0.613 sps=4219307 eta=0.45h
Logging update: 19500
[78/120] solve_rate/mean=0.600 sps=4228861 eta=0.44h
Logging update: 19750
[79/120] solve_rate/mean=0.375 sps=4477175 eta=0.41h
Logging update: 20000
[80/120] solve_rate/mean=0.475 sps=4339473 eta=0.42h
Logging update: 20250
[81/120] solve_rate/mean=0.625 sps=4436304 eta=0.41h
Logging update: 20500
[82/120] solve_rate/mean=0.375 sps=4553880 eta=0.39h
Logging update: 20750
[83/120] solve_rate/mean=0.525 sps=4385338 eta=0.40h
Logging update: 21000
[84/120] solve_rate/mean=0.662 sps=4395403 eta=0.39h
Logging update: 21250
[85/120] solve_rate/mean=0.500 sps=4668678 eta=0.36h
Logging update: 21500
[86/120] solve_rate/mean=0.500 sps=4805908 eta=0.35h
WARNING:absl:SaveArgs.aggregate is deprecated, please use custom TypeHandler (https://orbax.readthedocs.io/en/latest/custom_handlers.html#typehandler) or contact Orbax team to migrate before May 1st, 2024.
Logging update: 21750
[87/120] solve_rate/mean=0.638 sps=4718238 eta=0.35h
Logging update: 22000
[88/120] solve_rate/mean=0.588 sps=4794807 eta=0.33h
Logging update: 22250
[89/120] solve_rate/mean=0.638 sps=4849501 eta=0.32h
Logging update: 22500
[90/120] solve_rate/mean=0.587 sps=4715939 eta=0.33h
Logging update: 22750
[91/120] solve_rate/mean=0.488 sps=4885986 eta=0.31h
Logging update: 23000
[92/120] solve_rate/mean=0.625 sps=4881672 eta=0.30h
Logging update: 23250
[93/120] solve_rate/mean=0.575 sps=5163644 eta=0.28h
Logging update: 23500
[94/120] solve_rate/mean=0.625 sps=5082695 eta=0.27h
Logging update: 23750
[95/120] solve_rate/mean=0.675 sps=5225084 eta=0.26h
Logging update: 24000
[96/120] solve_rate/mean=0.625 sps=5344190 eta=0.25h
Logging update: 24250
[97/120] solve_rate/mean=0.438 sps=5352083 eta=0.24h
Logging update: 24500
[98/120] solve_rate/mean=0.488 sps=5182257 eta=0.24h
Logging update: 24750
[99/120] solve_rate/mean=0.650 sps=5322208 eta=0.22h
Logging update: 25000
[100/120] solve_rate/mean=0.663 sps=9160627 eta=0.12h
Logging update: 25250
[101/120] solve_rate/mean=0.688 sps=11111272 eta=0.10h
Logging update: 25500
[102/120] solve_rate/mean=0.850 sps=11161893 eta=0.09h
Logging update: 25750
[103/120] solve_rate/mean=0.688 sps=11580574 eta=0.09h
WARNING:absl:SaveArgs.aggregate is deprecated, please use custom TypeHandler (https://orbax.readthedocs.io/en/latest/custom_handlers.html#typehandler) or contact Orbax team to migrate before May 1st, 2024.
Logging update: 26000
[104/120] solve_rate/mean=0.525 sps=11500231 eta=0.08h
Logging update: 26250
[105/120] solve_rate/mean=0.587 sps=11795980 eta=0.08h
Logging update: 26500
[106/120] solve_rate/mean=0.700 sps=11882460 eta=0.07h
Logging update: 26750
[107/120] solve_rate/mean=0.675 sps=11800141 eta=0.07h
Logging update: 27000
[108/120] solve_rate/mean=0.812 sps=12002838 eta=0.06h
Logging update: 27250
[109/120] solve_rate/mean=0.762 sps=12221843 eta=0.06h
Logging update: 27500
[110/120] solve_rate/mean=0.625 sps=12180740 eta=0.05h
Logging update: 27750
[111/120] solve_rate/mean=0.700 sps=12603926 eta=0.05h
Logging update: 28000
[112/120] solve_rate/mean=0.675 sps=12420473 eta=0.04h
Logging update: 28250
[113/120] solve_rate/mean=0.562 sps=12660171 eta=0.04h
Logging update: 28500
[114/120] solve_rate/mean=0.738 sps=12886594 eta=0.03h
Logging update: 28750
[115/120] solve_rate/mean=0.575 sps=12832832 eta=0.03h
Logging update: 29000
[116/120] solve_rate/mean=0.400 sps=12897383 eta=0.02h
Logging update: 29250
[117/120] solve_rate/mean=0.450 sps=13010720 eta=0.02h
Logging update: 29500
[118/120] solve_rate/mean=0.738 sps=13118286 eta=0.01h
Logging update: 29750
[119/120] solve_rate/mean=0.775 sps=13218898 eta=0.01h
Logging update: 30000
[120/120] solve_rate/mean=0.700 sps=13255411 eta=0.00h
WARNING:absl:SaveArgs.aggregate is deprecated, please use custom TypeHandler (https://orbax.readthedocs.io/en/latest/custom_handlers.html#typehandler) or contact Orbax team to migrate before May 1st, 2024.
wandb: - 0.000 MB of 0.000 MB uploadedwandb:                                                                                
wandb: 
wandb: Run history:
wandb:             agent/actor_loss █▆▅▅▅▃▃▂▁▁▂▁▂▂▃▃▂▂▂▂▃▃▂▃▃▄▃▂▃▄▃▄▄▄▃▃▃▃▃▃
wandb:            agent/critic_loss ▁██▇█▇▆▅▅▆▅▆▇▆▆▇▅█▆▇▇▅▇▇▇▇▆▅▅▆▆▇▅▇▇▇▆▇▆▆
wandb:                agent/entropy █▃▂▂▂▂▁▁▁▁▁▁▁▁▁▁▁▁▁▁▁▁▁▁▁▁▁▁▁▁▁▁▁▁▁▁▁▁▁▁
wandb:                   agent/loss ▁▇█▇█▇▇▆▆▆▆▆▇▆▇▇▆█▇▇▇▆▇▇█▇▇▆▆▇▆█▆▇▇▇▇▇▇▇
wandb:         eval_ep_lengths/mean ████▆█▇▆▅▇▆▆▅▄▄▃▂▆▄▅▁▄▃▁▃▃▅▄▆▂▄▂▇▃▆▅▄▂▄▄
wandb:        level/mean_num_blocks ▁▁▁▁▁▂▂▂▂▂▂▂▃▃▃▃▄▄▄▄▅▅▅▅▆▆▆▆▆▆▆▇▆▇▇▇▇▇██
wandb:  level_sampler/episode_count ▁▁▁▂▂▂▂▂▂▃▃▃▃▃▃▄▄▄▄▄▅▅▅▅▅▅▆▆▆▆▆▇▇▇▇▇▇███
wandb:      level_sampler/max_score █▄▄▃▅▃▃▁▂▄▁▃▂▃▃▂▅▄▃▂▂▂▂▄▂▃▄▅▂▅▆▇▃▂▂█▄▃▄▅
wandb:     level_sampler/mean_score ▁▂▅▆▇▇▇▇▇▇▇▇▇▇▇▇▇▇▇▇█▇▇███▇▇▇▇▇█████████
wandb:           level_sampler/size ▁▁▁▁▁▁▁▁▁▁▁▁▁▁▁▁▁▁▁▁▁▁▁▁▁▁▁▁▁▁▁▁▁▁▁▁▁▁▁▁
wandb: level_sampler/weighted_score ▆▂▃▂▄▃▃▁▂▄▁▃▂▃▃▂▅▄▃▂▂▂▂▄▃▃▄▄▂▅▅▇▃▃▂█▅▃▄▅
wandb:                num_env_steps ▁▁▁▂▂▂▂▂▂▃▃▃▃▃▃▄▄▄▄▄▅▅▅▅▅▅▆▆▆▆▆▇▇▇▇▇▇███
wandb:                  num_updates ▁▁▁▂▂▂▂▂▂▃▃▃▃▃▃▄▄▄▄▄▅▅▅▅▅▅▆▆▆▆▆▇▇▇▇▇▇███
wandb:             return/Labyrinth ▁▁▁▁▁▁▁▁▁▁▁▁▁▁▂▂▇▁▃▃█▁▄█▃▄▁▆▄█▃▅▅▅▂▄█▃▅▁
wandb:            return/Labyrinth2 ▁▁▁▁▁▁▁▁▁▅▃▂▁▃▅▇█▁▄▄█▁▃▇▁▄▃▂▁█▇▇▃▅▂▄██▄▅
wandb:      return/LabyrinthFlipped ▁▁▁▁▁▁▁▁▁▁▂▂▂▃▅███▇██▇█████▄▇█▆▃▂▅▁█▅█▁█
wandb:          return/SixteenRooms ▁▁▂▂▆▅▇▇▆▆▇▇▄▄▅▇▇▃▇▇▇▆▇▇▇▆▇▆▇▄▆▇▅▇▇▂▂██▆
wandb:         return/SixteenRooms2 ▁▁▁▁▄▃▄▂▂▁▁▁▁▁▁▁▃▁▁▁▂▄▅▆▃▁▃▇▁▂▅▃▁▁█▁▂▁▁▁
wandb:          return/StandardMaze ▁▁▁▁▁▁▂▁▃▃▇▅▆▇▇▅█▃▅▆▅▃▇█▇▂█▄▆▁▄▇▃▅▁▆▇▁▁▄
wandb:         return/StandardMaze2 ▁▁▁▁▁▁▁▁▁▁▁▁▁▁▁▁▁▁▁▄█▅▁▂▆▅▁▁▁▂▃▁▁█▅▂▁▂▁▅
wandb:         return/StandardMaze3 ▁▁▁▁▁▁▁▁▁▂▄▁▁▆▄▂▁▁▄▁▂▂▇▂▂▂▁▁▄█▂▄▃▃▄▆▄▅▆█
wandb:                  return/mean ▁▁▁▁▃▂▃▃▃▄▅▄▃▅▅▆▇▃▆▆█▅▇█▆▆▅▅▆▇▆▆▄▇▅▆▆▇▅▇
wandb:         solve_rate/Labyrinth ▁▁▁▁▁▁▁▁▁▁▁▁▁▁▂▂█▁▅▇█▁▇█▅▇▂█▆█▅▇▅▇▆██▅▇▂
wandb:        solve_rate/Labyrinth2 ▁▁▁▁▁▁▁▂▁▇▅▅▂▅▇██▁▇▇█▁▇▇▁▇▅▂▁███▇▇▅▇██▄▇
wandb:  solve_rate/LabyrinthFlipped ▁▁▁▁▁▁▁▁▁▁▂▃▂▅▆███▇██▇█████▅▇█▆▄▂▅▁█▆█▁█
wandb:      solve_rate/SixteenRooms ▁▃▃▂▇▇▇█▇███▇▆███▆███▇███▇███▅█████▃▂███
wandb:     solve_rate/SixteenRooms2 ▁▁▁▁▅▃▃▂▃▁▂▁▁▁▁▁▃▁▁▁▂▆▇▆▃▁▃█▁▂▆▃▁▁▆▁▂▁▁▁
wandb:      solve_rate/StandardMaze ▁▁▁▁▂▁▂▁▄▃▇▅▇▇█▆▇▅▇▇▆▆███▃█▇▇▁▅█▅▇▁▇█▁▁▇
wandb:     solve_rate/StandardMaze2 ▁▁▁▁▁▁▁▁▁▁▁▁▁▁▁▂▁▁▂▃▆▇▁▂▅▇▁▁▁▄▅▁▂█▇▃▁▂▁▇
wandb:     solve_rate/StandardMaze3 ▁▁▁▁▁▁▁▁▁▂▅▂▁█▅▄▁▂▆▃▄▃█▂▃▂▁▂▅█▃█▇▃▆██▇▇▇
wandb:              solve_rate/mean ▁▁▁▁▂▂▂▂▃▄▅▄▃▅▆▆▇▄▇▇█▆██▆▇▅▆▆▇▇▇▅▇▆▇▇▆▅▇
wandb:                          sps ▁▁▁▁▁▁▂▂▂▂▂▂▂▂▂▂▂▃▃▃▃▃▃▄▃▃▃▃▄▄▄▄▄▇▇▇▇███
wandb:             steps_per_second ▁▂▂▂▂▂▃▂▂▂▂▂▂▂▂▂▂▂▂▂▃▃▃▃▂▂▂▂▂▂▂▂▂███████
wandb:                   time_delta █▅▅▆▅▅▅▅▆▅▆▅▅▆▆▅▆▅▆▆▄▅▅▄▆▆▆▆▆▆▆▆▆▁▁▁▁▁▁▁
wandb: 
wandb: Run summary:
wandb:             agent/actor_loss -0.00044
wandb:            agent/critic_loss 0.01092
wandb:                agent/entropy 0.02496
wandb:                   agent/loss 0.005
wandb:         eval_ep_lengths/mean 186.625
wandb:        level/mean_num_blocks 45.101
wandb:  level_sampler/episode_count 960000
wandb:      level_sampler/max_score 0.66601
wandb:     level_sampler/mean_score 0.31086
wandb:           level_sampler/size 4000
wandb: level_sampler/weighted_score 0.54799
wandb:                num_env_steps 245760000
wandb:                  num_updates 30000
wandb:             return/Labyrinth 0.01036
wandb:            return/Labyrinth2 0.34092
wandb:      return/LabyrinthFlipped 0.51904
wandb:          return/SixteenRooms 0.6652
wandb:         return/SixteenRooms2 0.0
wandb:          return/StandardMaze 0.20384
wandb:         return/StandardMaze2 0.26172
wandb:         return/StandardMaze3 0.63
wandb:                  return/mean 0.32888
wandb:         solve_rate/Labyrinth 0.1
wandb:        solve_rate/Labyrinth2 0.9
wandb:  solve_rate/LabyrinthFlipped 1.0
wandb:      solve_rate/SixteenRooms 1.0
wandb:     solve_rate/SixteenRooms2 0.0
wandb:      solve_rate/StandardMaze 0.8
wandb:     solve_rate/StandardMaze2 0.9
wandb:     solve_rate/StandardMaze3 0.9
wandb:              solve_rate/mean 0.7
wandb:                          sps 13255410.83535
wandb:             steps_per_second 110461.75696
wandb:                   time_delta 18.54035
wandb: 
wandb: You can sync this run to the cloud by running:
wandb: wandb sync /workspace/tlab_ued/runs/accel_maxmc/1/wandb/offline-run-20260823_220442-orf9fvqa
wandb: Find logs at: /workspace/tlab_ued/runs/accel_maxmc/1/wandb/offline-run-20260823_220442-orf9fvqa/logs
wandb: WARNING The new W&B backend becomes opt-out in version 0.18.0; try it out with `wandb.require("core")`! See https://wandb.me/wandb-core for more information.
