
=== 2026-09-15 13:59:02 launching: /workspace/venvs/jaxued/bin/python -m tlab_ued.train --project tlab-ued --run_name sfl_oracle_learnability_level_noverify --seed 0 --mode train --checkpoint_to_eval -1 --checkpoint_save_interval 17 --max_number_of_checkpoints 60 --eval_freq 250 --eval_num_attempts 10 --eval_levels SixteenRooms SixteenRooms2 Labyrinth LabyrinthFlipped Labyrinth2 StandardMaze StandardMaze2 StandardMaze3 --lr 0.0001 --max_grad_norm 0.5 --num_updates 30000 --num_steps 256 --num_train_envs 32 --num_minibatches 1 --gamma 0.995 --epoch_ppo 5 --clip_eps 0.2 --gae_lambda 0.98 --entropy_coeff 0.001 --critic_coeff 0.5 --agent_view_size 5 --score_function learnability --no-exploratory_grad_updates --level_buffer_capacity 4000 --replay_prob 1.0 --staleness_coeff 0.3 --temperature 0.3 --topk_k 4 --minimum_fill_ratio 0.5 --prioritization rank --buffer_duplicate_check --use_accel --num_edits 5 --n_walls 25 --teacher sfl_oracle --level_generator minigrid_walls --level_mutator minimax --log_media levels --out_dir /workspace/TLabUED --no-resume --diagnose_levels 1024 --diagnose_mutation_rounds 1 --no-ladder --ladder_proposals 8 --ladder_out  --no-allow_student_changes --sfl_num_attempts 4 --sfl_period 250 --sfl_num_levels 64 --sfl_topk 32 --sfl_p_decay 0.25 --oracle_features level --oracle_hidden 64 --oracle_lr 0.0003 --oracle_train_steps 2 --oracle_batch_size 256 --oracle_buffer_capacity 8192 --oracle_num_proposals 8192 --oracle_control_levels 16 --oracle_mutation_proposals 8 --oracle_rescore_buffer --no-oracle_verify --oracle_warmup_updates 1000

Levels from generator 'minigrid_walls' (n_walls=25)  (n=1024)
  solvable          99.7%   (goal unreachable 0.3%, needs >250 steps 0.0%)
  optimal steps   median 11  mean 11.5  p10 5  p90 18  max 27
  best return     0.958 mean over solvable levels
  difficulty      trivial<=10 44.6% | easy<=30 55.1% | medium<=60 0.0% | hard<=120 0.0% | brutal>120 0.0% | unsolvable 0.3%
  reachable area  99.5% of free cells   walls 23.3 (13.8% of the grid)
...after 1x mutator 'minimax' (5 edits)  (n=1024)
  solvable          99.6%   (goal unreachable 0.4%, needs >250 steps 0.0%)
  optimal steps   median 11  mean 11.5  p10 5  p90 19  max 29
  best return     0.959 mean over solvable levels
  difficulty      trivial<=10 45.0% | easy<=30 54.6% | medium<=60 0.0% | hard<=120 0.0% | brutal>120 0.0% | unsolvable 0.4%
  reachable area  99.3% of free cells   walls 24.6 (14.5% of the grid)

  env_steps                   245760000
  total_updates               30000
  reserved_updates            0
  expected_gradient_updates   15000.0
  expected_mutation_updates   15000.0
  expected_dr_updates         0.0
  sfl_phase_updates           1
  levels_scored_per_update    8
  attempts_per_level          4
  oracle_proposals_per_phase  8192
  oracle_verified_per_phase   0
  oracle_parameters           47809
wandb: Tracking run with wandb version 0.17.5
wandb: W&B syncing is set to `offline` in this directory.  
wandb: Run `wandb online` or set WANDB_MODE=online to enable cloud syncing.
Logging update: 250
[1/120] solve_rate/mean=0.000 sps=33127 eta=2.04h
WARNING:absl:SaveArgs.aggregate is deprecated, please use custom TypeHandler (https://orbax.readthedocs.io/en/latest/custom_handlers.html#typehandler) or contact Orbax team to migrate before May 1st, 2024.
WARNING:absl:SaveArgs.aggregate is deprecated, please use custom TypeHandler (https://orbax.readthedocs.io/en/latest/custom_handlers.html#typehandler) or contact Orbax team to migrate before May 1st, 2024.
Logging update: 500
[2/120] solve_rate/mean=0.000 sps=58443 eta=2.30h
Logging update: 750
[3/120] solve_rate/mean=0.000 sps=215555 eta=0.93h
Logging update: 1000
[4/120] solve_rate/mean=0.050 sps=232107 eta=1.14h
Logging update: 1250
[5/120] solve_rate/mean=0.062 sps=332735 eta=0.98h
Logging update: 1500
[6/120] solve_rate/mean=0.013 sps=399243 eta=0.97h
Logging update: 1750
[7/120] solve_rate/mean=0.050 sps=453235 eta=0.99h
Logging update: 2000
[8/120] solve_rate/mean=0.075 sps=505928 eta=1.01h
Logging update: 2250
[9/120] solve_rate/mean=0.050 sps=562349 eta=1.01h
Logging update: 2500
[10/120] solve_rate/mean=0.075 sps=627801 eta=1.00h
Logging update: 2750
[11/120] solve_rate/mean=0.175 sps=689134 eta=0.99h
Logging update: 3000
[12/120] solve_rate/mean=0.275 sps=752779 eta=0.98h
Logging update: 3250
[13/120] solve_rate/mean=0.438 sps=820433 eta=0.96h
Logging update: 3500
[14/120] solve_rate/mean=0.475 sps=881765 eta=0.96h
Logging update: 3750
[15/120] solve_rate/mean=0.375 sps=946567 eta=0.95h
Logging update: 4000
[16/120] solve_rate/mean=0.338 sps=1005983 eta=0.94h
Logging update: 4250
[17/120] solve_rate/mean=0.250 sps=1072614 eta=0.93h
Logging update: 4500
[18/120] solve_rate/mean=0.338 sps=1132898 eta=0.92h
WARNING:absl:SaveArgs.aggregate is deprecated, please use custom TypeHandler (https://orbax.readthedocs.io/en/latest/custom_handlers.html#typehandler) or contact Orbax team to migrate before May 1st, 2024.
WARNING:absl:SaveArgs.aggregate is deprecated, please use custom TypeHandler (https://orbax.readthedocs.io/en/latest/custom_handlers.html#typehandler) or contact Orbax team to migrate before May 1st, 2024.
Logging update: 4750
[19/120] solve_rate/mean=0.388 sps=1192056 eta=0.92h
Logging update: 5000
[20/120] solve_rate/mean=0.262 sps=1260879 eta=0.90h
Logging update: 5250
[21/120] solve_rate/mean=0.438 sps=1320183 eta=0.90h
Logging update: 5500
[22/120] solve_rate/mean=0.525 sps=1380615 eta=0.89h
Logging update: 5750
[23/120] solve_rate/mean=0.325 sps=1434352 eta=0.88h
Logging update: 6000
[24/120] solve_rate/mean=0.275 sps=1504532 eta=0.87h
Logging update: 6250
[25/120] solve_rate/mean=0.238 sps=1558580 eta=0.87h
Logging update: 6500
[26/120] solve_rate/mean=0.262 sps=1630225 eta=0.85h
Logging update: 6750
[27/120] solve_rate/mean=0.363 sps=1700330 eta=0.84h
Logging update: 7000
[28/120] solve_rate/mean=0.450 sps=1764565 eta=0.83h
Logging update: 7250
[29/120] solve_rate/mean=0.400 sps=1820933 eta=0.82h
Logging update: 7500
[30/120] solve_rate/mean=0.538 sps=1873093 eta=0.82h
Logging update: 7750
[31/120] solve_rate/mean=0.438 sps=1956033 eta=0.80h
Logging update: 8000
[32/120] solve_rate/mean=0.325 sps=2002042 eta=0.80h
Logging update: 8250
[33/120] solve_rate/mean=0.300 sps=2053690 eta=0.80h
Logging update: 8500
[34/120] solve_rate/mean=0.550 sps=2128796 eta=0.78h
Logging update: 8750
[35/120] solve_rate/mean=0.588 sps=2205325 eta=0.77h
WARNING:absl:SaveArgs.aggregate is deprecated, please use custom TypeHandler (https://orbax.readthedocs.io/en/latest/custom_handlers.html#typehandler) or contact Orbax team to migrate before May 1st, 2024.
WARNING:absl:SaveArgs.aggregate is deprecated, please use custom TypeHandler (https://orbax.readthedocs.io/en/latest/custom_handlers.html#typehandler) or contact Orbax team to migrate before May 1st, 2024.
Logging update: 9000
[36/120] solve_rate/mean=0.375 sps=2252985 eta=0.76h
Logging update: 9250
[37/120] solve_rate/mean=0.750 sps=2320588 eta=0.75h
Logging update: 9500
[38/120] solve_rate/mean=0.538 sps=2380742 eta=0.74h
Logging update: 9750
[39/120] solve_rate/mean=0.575 sps=2446424 eta=0.73h
Logging update: 10000
[40/120] solve_rate/mean=0.500 sps=2518025 eta=0.72h
Logging update: 10250
[41/120] solve_rate/mean=0.725 sps=2575463 eta=0.72h
Logging update: 10500
[42/120] solve_rate/mean=0.450 sps=2631494 eta=0.71h
Logging update: 10750
[43/120] solve_rate/mean=0.738 sps=2694966 eta=0.70h
Logging update: 11000
[44/120] solve_rate/mean=0.463 sps=2764142 eta=0.69h
Logging update: 11250
[45/120] solve_rate/mean=0.600 sps=2820029 eta=0.68h
Logging update: 11500
[46/120] solve_rate/mean=0.475 sps=2892947 eta=0.67h
Logging update: 11750
[47/120] solve_rate/mean=0.500 sps=2935415 eta=0.66h
Logging update: 12000
[48/120] solve_rate/mean=0.550 sps=3013937 eta=0.65h
Logging update: 12250
[49/120] solve_rate/mean=0.800 sps=3089701 eta=0.64h
Logging update: 12500
[50/120] solve_rate/mean=0.562 sps=3132379 eta=0.64h
Logging update: 12750
[51/120] solve_rate/mean=0.725 sps=3220012 eta=0.62h
Logging update: 13000
[52/120] solve_rate/mean=0.750 sps=3250757 eta=0.62h
WARNING:absl:SaveArgs.aggregate is deprecated, please use custom TypeHandler (https://orbax.readthedocs.io/en/latest/custom_handlers.html#typehandler) or contact Orbax team to migrate before May 1st, 2024.
WARNING:absl:SaveArgs.aggregate is deprecated, please use custom TypeHandler (https://orbax.readthedocs.io/en/latest/custom_handlers.html#typehandler) or contact Orbax team to migrate before May 1st, 2024.
Logging update: 13250
[53/120] solve_rate/mean=0.688 sps=3317903 eta=0.61h
Logging update: 13500
[54/120] solve_rate/mean=0.500 sps=3390350 eta=0.60h
Logging update: 13750
[55/120] solve_rate/mean=0.837 sps=3463196 eta=0.59h
Logging update: 14000
[56/120] solve_rate/mean=0.575 sps=3520693 eta=0.58h
Logging update: 14250
[57/120] solve_rate/mean=0.663 sps=3583403 eta=0.57h
Logging update: 14500
[58/120] solve_rate/mean=0.675 sps=3669921 eta=0.56h
Logging update: 14750
[59/120] solve_rate/mean=0.638 sps=3714394 eta=0.55h
Logging update: 15000
[60/120] solve_rate/mean=0.688 sps=3784552 eta=0.54h
Logging update: 15250
[61/120] solve_rate/mean=0.663 sps=3822496 eta=0.54h
Logging update: 15500
[62/120] solve_rate/mean=0.800 sps=3907391 eta=0.52h
Logging update: 15750
[63/120] solve_rate/mean=0.763 sps=3966261 eta=0.52h
Logging update: 16000
[64/120] solve_rate/mean=0.750 sps=4005545 eta=0.51h
Logging update: 16250
[65/120] solve_rate/mean=0.488 sps=4072241 eta=0.50h
Logging update: 16500
[66/120] solve_rate/mean=0.738 sps=4146200 eta=0.49h
Logging update: 16750
[67/120] solve_rate/mean=0.688 sps=4196279 eta=0.48h
Logging update: 17000
[68/120] solve_rate/mean=0.713 sps=4285265 eta=0.47h
Logging update: 17250
[69/120] solve_rate/mean=0.538 sps=4341501 eta=0.46h
WARNING:absl:SaveArgs.aggregate is deprecated, please use custom TypeHandler (https://orbax.readthedocs.io/en/latest/custom_handlers.html#typehandler) or contact Orbax team to migrate before May 1st, 2024.
WARNING:absl:SaveArgs.aggregate is deprecated, please use custom TypeHandler (https://orbax.readthedocs.io/en/latest/custom_handlers.html#typehandler) or contact Orbax team to migrate before May 1st, 2024.
Logging update: 17500
[70/120] solve_rate/mean=0.812 sps=4407569 eta=0.45h
Logging update: 17750
[71/120] solve_rate/mean=0.712 sps=4452352 eta=0.44h
Logging update: 18000
[72/120] solve_rate/mean=0.663 sps=4530633 eta=0.43h
Logging update: 18250
[73/120] solve_rate/mean=0.650 sps=4573588 eta=0.43h
Logging update: 18500
[74/120] solve_rate/mean=0.788 sps=4660009 eta=0.42h
Logging update: 18750
[75/120] solve_rate/mean=0.812 sps=4711164 eta=0.41h
Logging update: 19000
[76/120] solve_rate/mean=0.650 sps=4781910 eta=0.40h
Logging update: 19250
[77/120] solve_rate/mean=0.562 sps=4827974 eta=0.39h
Logging update: 19500
[78/120] solve_rate/mean=0.800 sps=4923179 eta=0.38h
Logging update: 19750
[79/120] solve_rate/mean=0.938 sps=4942392 eta=0.37h
Logging update: 20000
[80/120] solve_rate/mean=0.750 sps=5028474 eta=0.36h
Logging update: 20250
[81/120] solve_rate/mean=0.763 sps=5092787 eta=0.35h
Logging update: 20500
[82/120] solve_rate/mean=0.712 sps=5138201 eta=0.34h
Logging update: 20750
[83/120] solve_rate/mean=0.812 sps=5207643 eta=0.34h
Logging update: 21000
[84/120] solve_rate/mean=0.763 sps=5280868 eta=0.33h
Logging update: 21250
[85/120] solve_rate/mean=0.850 sps=5342632 eta=0.32h
Logging update: 21500
[86/120] solve_rate/mean=0.750 sps=5387217 eta=0.31h
WARNING:absl:SaveArgs.aggregate is deprecated, please use custom TypeHandler (https://orbax.readthedocs.io/en/latest/custom_handlers.html#typehandler) or contact Orbax team to migrate before May 1st, 2024.
WARNING:absl:SaveArgs.aggregate is deprecated, please use custom TypeHandler (https://orbax.readthedocs.io/en/latest/custom_handlers.html#typehandler) or contact Orbax team to migrate before May 1st, 2024.
Logging update: 21750
[87/120] solve_rate/mean=0.587 sps=5473228 eta=0.30h
Logging update: 22000
[88/120] solve_rate/mean=0.750 sps=5531183 eta=0.29h
Logging update: 22250
[89/120] solve_rate/mean=0.700 sps=5578881 eta=0.28h
Logging update: 22500
[90/120] solve_rate/mean=0.875 sps=5669274 eta=0.27h
Logging update: 22750
