
=== 2026-09-15 12:50:00 launching: /workspace/venvs/jaxued/bin/python -m tlab_ued.train --project tlab-ued --run_name sfl_oracle_learnability_level --seed 2 --mode train --checkpoint_to_eval -1 --checkpoint_save_interval 17 --max_number_of_checkpoints 60 --eval_freq 250 --eval_num_attempts 10 --eval_levels SixteenRooms SixteenRooms2 Labyrinth LabyrinthFlipped Labyrinth2 StandardMaze StandardMaze2 StandardMaze3 --lr 0.0001 --max_grad_norm 0.5 --num_updates 30000 --num_steps 256 --num_train_envs 32 --num_minibatches 1 --gamma 0.995 --epoch_ppo 5 --clip_eps 0.2 --gae_lambda 0.98 --entropy_coeff 0.001 --critic_coeff 0.5 --agent_view_size 5 --score_function learnability --no-exploratory_grad_updates --level_buffer_capacity 4000 --replay_prob 1.0 --staleness_coeff 0.3 --temperature 0.3 --topk_k 4 --minimum_fill_ratio 0.5 --prioritization rank --buffer_duplicate_check --use_accel --num_edits 5 --n_walls 25 --teacher sfl_oracle --level_generator minigrid_walls --level_mutator minimax --log_media levels --out_dir /workspace/TLabUED --no-resume --diagnose_levels 1024 --diagnose_mutation_rounds 1 --no-ladder --ladder_proposals 8 --ladder_out  --no-allow_student_changes --sfl_num_attempts 4 --sfl_period 250 --sfl_num_levels 64 --sfl_topk 32 --sfl_p_decay 0.25 --oracle_features level --oracle_hidden 64 --oracle_lr 0.0003 --oracle_train_steps 2 --oracle_batch_size 256 --oracle_buffer_capacity 8192 --oracle_num_proposals 8192 --oracle_control_levels 16 --oracle_mutation_proposals 8 --oracle_rescore_buffer --oracle_verify --oracle_warmup_updates 1000

Levels from generator 'minigrid_walls' (n_walls=25)  (n=1024)
  solvable          99.3%   (goal unreachable 0.7%, needs >250 steps 0.0%)
  optimal steps   median 11  mean 11.2  p10 5  p90 18  max 26
  best return     0.960 mean over solvable levels
  difficulty      trivial<=10 46.5% | easy<=30 52.8% | medium<=60 0.0% | hard<=120 0.0% | brutal>120 0.0% | unsolvable 0.7%
  reachable area  99.2% of free cells   walls 23.3 (13.8% of the grid)
...after 1x mutator 'minimax' (5 edits)  (n=1024)
  solvable          99.2%   (goal unreachable 0.8%, needs >250 steps 0.0%)
  optimal steps   median 11  mean 11.5  p10 5  p90 19  max 28
  best return     0.959 mean over solvable levels
  difficulty      trivial<=10 45.1% | easy<=30 54.1% | medium<=60 0.0% | hard<=120 0.0% | brutal>120 0.0% | unsolvable 0.8%
  reachable area  98.9% of free cells   walls 24.5 (14.5% of the grid)

  env_steps                   245760000
  total_updates               30000
  reserved_updates            960
  expected_gradient_updates   14520.0
  expected_mutation_updates   14520.0
  expected_dr_updates         0.0
  sfl_phase_updates           8
  levels_scored_per_update    8
  attempts_per_level          4
  oracle_proposals_per_phase  8192
  oracle_verified_per_phase   64
  oracle_parameters           47809
wandb: Tracking run with wandb version 0.17.5
wandb: W&B syncing is set to `offline` in this directory.  
wandb: Run `wandb online` or set WANDB_MODE=online to enable cloud syncing.
Logging update: 250
[1/120] solve_rate/mean=0.000 sps=27692 eta=2.44h
WARNING:absl:SaveArgs.aggregate is deprecated, please use custom TypeHandler (https://orbax.readthedocs.io/en/latest/custom_handlers.html#typehandler) or contact Orbax team to migrate before May 1st, 2024.
WARNING:absl:SaveArgs.aggregate is deprecated, please use custom TypeHandler (https://orbax.readthedocs.io/en/latest/custom_handlers.html#typehandler) or contact Orbax team to migrate before May 1st, 2024.
Logging update: 500
[2/120] solve_rate/mean=0.000 sps=61137 eta=2.20h
Logging update: 750
[3/120] solve_rate/mean=0.000 sps=187370 eta=1.07h
Logging update: 1000
[4/120] solve_rate/mean=0.025 sps=252586 eta=1.05h
Logging update: 1250
[5/120] solve_rate/mean=0.050 sps=313067 eta=1.04h
Logging update: 1500
[6/120] solve_rate/mean=0.125 sps=375618 eta=1.04h
Logging update: 1750
[7/120] solve_rate/mean=0.050 sps=438069 eta=1.03h
Logging update: 2000
[8/120] solve_rate/mean=0.075 sps=502959 eta=1.01h
Logging update: 2250
[9/120] solve_rate/mean=0.163 sps=571945 eta=0.99h
Logging update: 2500
[10/120] solve_rate/mean=0.175 sps=642613 eta=0.97h
Logging update: 2750
[11/120] solve_rate/mean=0.125 sps=692671 eta=0.98h
Logging update: 3000
[12/120] solve_rate/mean=0.100 sps=758915 eta=0.97h
Logging update: 3250
[13/120] solve_rate/mean=0.175 sps=812774 eta=0.97h
Logging update: 3500
[14/120] solve_rate/mean=0.188 sps=868290 eta=0.97h
Logging update: 3750
[15/120] solve_rate/mean=0.188 sps=947501 eta=0.95h
Logging update: 4000
[16/120] solve_rate/mean=0.213 sps=1002452 eta=0.94h
Logging update: 4250
[17/120] solve_rate/mean=0.312 sps=1057441 eta=0.94h
Logging update: 4500
[18/120] solve_rate/mean=0.175 sps=1125866 eta=0.93h
WARNING:absl:SaveArgs.aggregate is deprecated, please use custom TypeHandler (https://orbax.readthedocs.io/en/latest/custom_handlers.html#typehandler) or contact Orbax team to migrate before May 1st, 2024.
WARNING:absl:SaveArgs.aggregate is deprecated, please use custom TypeHandler (https://orbax.readthedocs.io/en/latest/custom_handlers.html#typehandler) or contact Orbax team to migrate before May 1st, 2024.
Logging update: 4750
[19/120] solve_rate/mean=0.188 sps=1182138 eta=0.92h
Logging update: 5000
[20/120] solve_rate/mean=0.162 sps=1277796 eta=0.89h
Logging update: 5250
[21/120] solve_rate/mean=0.150 sps=1315716 eta=0.90h
Logging update: 5500
[22/120] solve_rate/mean=0.188 sps=1377184 eta=0.89h
Logging update: 5750
[23/120] solve_rate/mean=0.312 sps=1438232 eta=0.88h
Logging update: 6000
[24/120] solve_rate/mean=0.363 sps=1501496 eta=0.87h
Logging update: 6250
[25/120] solve_rate/mean=0.200 sps=1558350 eta=0.87h
Logging update: 6500
[26/120] solve_rate/mean=0.250 sps=1650018 eta=0.84h
Logging update: 6750
[27/120] solve_rate/mean=0.237 sps=1690891 eta=0.84h
Logging update: 7000
[28/120] solve_rate/mean=0.163 sps=1784138 eta=0.82h
Logging update: 7250
[29/120] solve_rate/mean=0.262 sps=1823853 eta=0.82h
Logging update: 7500
[30/120] solve_rate/mean=0.250 sps=1904081 eta=0.81h
Logging update: 7750
[31/120] solve_rate/mean=0.250 sps=1963276 eta=0.80h
Logging update: 8000
[32/120] solve_rate/mean=0.287 sps=1986630 eta=0.81h
Logging update: 8250
[33/120] solve_rate/mean=0.237 sps=2059227 eta=0.79h
Logging update: 8500
[34/120] solve_rate/mean=0.488 sps=2135755 eta=0.78h
Logging update: 8750
[35/120] solve_rate/mean=0.425 sps=2167438 eta=0.78h
WARNING:absl:SaveArgs.aggregate is deprecated, please use custom TypeHandler (https://orbax.readthedocs.io/en/latest/custom_handlers.html#typehandler) or contact Orbax team to migrate before May 1st, 2024.
WARNING:absl:SaveArgs.aggregate is deprecated, please use custom TypeHandler (https://orbax.readthedocs.io/en/latest/custom_handlers.html#typehandler) or contact Orbax team to migrate before May 1st, 2024.
Logging update: 9000
[36/120] solve_rate/mean=0.538 sps=2252989 eta=0.76h
Logging update: 9250
[37/120] solve_rate/mean=0.413 sps=2346152 eta=0.74h
Logging update: 9500
[38/120] solve_rate/mean=0.613 sps=2390640 eta=0.74h
Logging update: 9750
[39/120] solve_rate/mean=0.463 sps=2457128 eta=0.73h
Logging update: 10000
[40/120] solve_rate/mean=0.413 sps=2499582 eta=0.73h
Logging update: 10250
[41/120] solve_rate/mean=0.400 sps=2544470 eta=0.72h
Logging update: 10500
[42/120] solve_rate/mean=0.125 sps=2687176 eta=0.69h
Logging update: 10750
[43/120] solve_rate/mean=0.725 sps=2719487 eta=0.69h
Logging update: 11000
[44/120] solve_rate/mean=0.425 sps=2781073 eta=0.68h
Logging update: 11250
[45/120] solve_rate/mean=0.512 sps=2826255 eta=0.68h
Logging update: 11500
[46/120] solve_rate/mean=0.738 sps=2866902 eta=0.68h
Logging update: 11750
[47/120] solve_rate/mean=0.738 sps=2909156 eta=0.67h
Logging update: 12000
[48/120] solve_rate/mean=0.775 sps=2978022 eta=0.66h
Logging update: 12250
[49/120] solve_rate/mean=0.612 sps=3031890 eta=0.65h
