
=== 2026-09-15 12:50:00 launching: /workspace/venvs/jaxued/bin/python -m tlab_ued.train --project tlab-ued --run_name sfl_accel_learnability_n64 --seed 1 --mode train --checkpoint_to_eval -1 --checkpoint_save_interval 17 --max_number_of_checkpoints 60 --eval_freq 250 --eval_num_attempts 10 --eval_levels SixteenRooms SixteenRooms2 Labyrinth LabyrinthFlipped Labyrinth2 StandardMaze StandardMaze2 StandardMaze3 --lr 0.0001 --max_grad_norm 0.5 --num_updates 30000 --num_steps 256 --num_train_envs 32 --num_minibatches 1 --gamma 0.995 --epoch_ppo 5 --clip_eps 0.2 --gae_lambda 0.98 --entropy_coeff 0.001 --critic_coeff 0.5 --agent_view_size 5 --score_function learnability --no-exploratory_grad_updates --level_buffer_capacity 4000 --replay_prob 1.0 --staleness_coeff 0.3 --temperature 0.3 --topk_k 4 --minimum_fill_ratio 0.5 --prioritization rank --buffer_duplicate_check --use_accel --num_edits 5 --n_walls 25 --teacher sfl_accel --level_generator minigrid_walls --level_mutator minimax --log_media levels --out_dir /workspace/TLabUED --no-resume --diagnose_levels 1024 --diagnose_mutation_rounds 1 --no-ladder --ladder_proposals 8 --ladder_out  --no-allow_student_changes --sfl_num_attempts 4 --sfl_period 250 --sfl_num_levels 64 --sfl_topk 32 --sfl_p_decay 0.25 --oracle_features level_bfs --oracle_hidden 64 --oracle_lr 0.0003 --oracle_train_steps 2 --oracle_batch_size 256 --oracle_buffer_capacity 8192 --oracle_num_proposals 8192 --oracle_control_levels 16 --oracle_mutation_proposals 8 --oracle_rescore_buffer --oracle_verify --oracle_warmup_updates 1000

Levels from generator 'minigrid_walls' (n_walls=25)  (n=1024)
  solvable          99.5%   (goal unreachable 0.5%, needs >250 steps 0.0%)
  optimal steps   median 11  mean 11.6  p10 5  p90 18  max 31
  best return     0.958 mean over solvable levels
  difficulty      trivial<=10 43.9% | easy<=30 55.5% | medium<=60 0.1% | hard<=120 0.0% | brutal>120 0.0% | unsolvable 0.5%
  reachable area  99.5% of free cells   walls 23.3 (13.8% of the grid)
...after 1x mutator 'minimax' (5 edits)  (n=1024)
  solvable          99.6%   (goal unreachable 0.4%, needs >250 steps 0.0%)
  optimal steps   median 12  mean 11.8  p10 5  p90 19  max 30
  best return     0.957 mean over solvable levels
  difficulty      trivial<=10 42.2% | easy<=30 57.4% | medium<=60 0.0% | hard<=120 0.0% | brutal>120 0.0% | unsolvable 0.4%
  reachable area  99.5% of free cells   walls 24.5 (14.5% of the grid)

  env_steps                   245760000
  total_updates               30000
  reserved_updates            960
  expected_gradient_updates   14520.0
  expected_mutation_updates   14520.0
  expected_dr_updates         0.0
  sfl_phase_updates           8
  levels_scored_per_update    8
  attempts_per_level          4
wandb: Tracking run with wandb version 0.17.5
wandb: W&B syncing is set to `offline` in this directory.  
wandb: Run `wandb online` or set WANDB_MODE=online to enable cloud syncing.
Logging update: 250
[1/120] solve_rate/mean=0.000 sps=31705 eta=2.14h
WARNING:absl:SaveArgs.aggregate is deprecated, please use custom TypeHandler (https://orbax.readthedocs.io/en/latest/custom_handlers.html#typehandler) or contact Orbax team to migrate before May 1st, 2024.
Logging update: 500
[2/120] solve_rate/mean=0.000 sps=79930 eta=1.68h
Logging update: 750
[3/120] solve_rate/mean=0.000 sps=190079 eta=1.05h
Logging update: 1000
[4/120] solve_rate/mean=0.075 sps=255465 eta=1.03h
Logging update: 1250
[5/120] solve_rate/mean=0.050 sps=321486 eta=1.02h
Logging update: 1500
[6/120] solve_rate/mean=0.062 sps=381147 eta=1.02h
Logging update: 1750
[7/120] solve_rate/mean=0.025 sps=444145 eta=1.01h
Logging update: 2000
[8/120] solve_rate/mean=0.062 sps=506403 eta=1.01h
Logging update: 2250
[9/120] solve_rate/mean=0.050 sps=573240 eta=0.99h
Logging update: 2500
[10/120] solve_rate/mean=0.025 sps=642718 eta=0.97h
Logging update: 2750
[11/120] solve_rate/mean=0.087 sps=715264 eta=0.95h
Logging update: 3000
[12/120] solve_rate/mean=0.100 sps=765286 eta=0.96h
Logging update: 3250
[13/120] solve_rate/mean=0.138 sps=829928 eta=0.95h
Logging update: 3500
[14/120] solve_rate/mean=0.125 sps=887242 eta=0.95h
Logging update: 3750
[15/120] solve_rate/mean=0.075 sps=945373 eta=0.95h
Logging update: 4000
[16/120] solve_rate/mean=0.125 sps=1025325 eta=0.92h
Logging update: 4250
[17/120] solve_rate/mean=0.175 sps=1080460 eta=0.92h
Logging update: 4500
[18/120] solve_rate/mean=0.188 sps=1137050 eta=0.92h
WARNING:absl:SaveArgs.aggregate is deprecated, please use custom TypeHandler (https://orbax.readthedocs.io/en/latest/custom_handlers.html#typehandler) or contact Orbax team to migrate before May 1st, 2024.
Logging update: 4750
[19/120] solve_rate/mean=0.138 sps=1203562 eta=0.91h
Logging update: 5000
[20/120] solve_rate/mean=0.100 sps=1263058 eta=0.90h
Logging update: 5250
[21/120] solve_rate/mean=0.175 sps=1358683 eta=0.87h
Logging update: 5500
[22/120] solve_rate/mean=0.188 sps=1399842 eta=0.88h
Logging update: 5750
[23/120] solve_rate/mean=0.213 sps=1461307 eta=0.87h
Logging update: 6000
[24/120] solve_rate/mean=0.138 sps=1522796 eta=0.86h
Logging update: 6250
[25/120] solve_rate/mean=0.112 sps=1593492 eta=0.85h
Logging update: 6500
[26/120] solve_rate/mean=0.138 sps=1647217 eta=0.84h
Logging update: 6750
[27/120] solve_rate/mean=0.350 sps=1729817 eta=0.83h
Logging update: 7000
[28/120] solve_rate/mean=0.325 sps=1780650 eta=0.82h
Logging update: 7250
[29/120] solve_rate/mean=0.213 sps=1868998 eta=0.80h
Logging update: 7500
[30/120] solve_rate/mean=0.113 sps=1912971 eta=0.80h
Logging update: 7750
[31/120] solve_rate/mean=0.125 sps=1974646 eta=0.79h
Logging update: 8000
[32/120] solve_rate/mean=0.162 sps=2070880 eta=0.77h
Logging update: 8250
[33/120] solve_rate/mean=0.225 sps=2079087 eta=0.79h
Logging update: 8500
[34/120] solve_rate/mean=0.113 sps=2140449 eta=0.78h
Logging update: 8750
[35/120] solve_rate/mean=0.150 sps=2216228 eta=0.76h
WARNING:absl:SaveArgs.aggregate is deprecated, please use custom TypeHandler (https://orbax.readthedocs.io/en/latest/custom_handlers.html#typehandler) or contact Orbax team to migrate before May 1st, 2024.
Logging update: 9000
[36/120] solve_rate/mean=0.325 sps=2272962 eta=0.76h
Logging update: 9250
[37/120] solve_rate/mean=0.188 sps=2336302 eta=0.75h
Logging update: 9500
[38/120] solve_rate/mean=0.287 sps=2453809 eta=0.72h
Logging update: 9750
[39/120] solve_rate/mean=0.312 sps=2485087 eta=0.72h
Logging update: 10000
[40/120] solve_rate/mean=0.338 sps=2531849 eta=0.72h
Logging update: 10250
[41/120] solve_rate/mean=0.288 sps=2623988 eta=0.70h
Logging update: 10500
[42/120] solve_rate/mean=0.237 sps=2656400 eta=0.70h
Logging update: 10750
[43/120] solve_rate/mean=0.463 sps=2757978 eta=0.68h
Logging update: 11000
[44/120] solve_rate/mean=0.438 sps=2848008 eta=0.67h
Logging update: 11250
[45/120] solve_rate/mean=0.575 sps=2878782 eta=0.67h
Logging update: 11500
[46/120] solve_rate/mean=0.438 sps=2977913 eta=0.65h
Logging update: 11750
[47/120] solve_rate/mean=0.538 sps=2961566 eta=0.66h
Logging update: 12000
[48/120] solve_rate/mean=0.113 sps=3056952 eta=0.64h
Logging update: 12250
[49/120] solve_rate/mean=0.550 sps=3084568 eta=0.64h
Logging update: 12500
[50/120] solve_rate/mean=0.512 sps=3150707 eta=0.63h
Logging update: 12750
[51/120] solve_rate/mean=0.613 sps=3243280 eta=0.62h
Logging update: 13000
[52/120] solve_rate/mean=0.450 sps=3349462 eta=0.60h
WARNING:absl:SaveArgs.aggregate is deprecated, please use custom TypeHandler (https://orbax.readthedocs.io/en/latest/custom_handlers.html#typehandler) or contact Orbax team to migrate before May 1st, 2024.
Logging update: 13250
[53/120] solve_rate/mean=0.525 sps=3370090 eta=0.60h
Logging update: 13500
[54/120] solve_rate/mean=0.325 sps=3459624 eta=0.59h
Logging update: 13750
[55/120] solve_rate/mean=0.500 sps=3563707 eta=0.57h
Logging update: 14000
[56/120] solve_rate/mean=0.637 sps=3611353 eta=0.56h
Logging update: 14250
[57/120] solve_rate/mean=0.575 sps=3713811 eta=0.55h
Logging update: 14500
[58/120] solve_rate/mean=0.475 sps=3750635 eta=0.55h
Logging update: 14750
[59/120] solve_rate/mean=0.525 sps=3740380 eta=0.55h
Logging update: 15000
[60/120] solve_rate/mean=0.600 sps=3785495 eta=0.54h
Logging update: 15250
[61/120] solve_rate/mean=0.538 sps=3869575 eta=0.53h
Logging update: 15500
[62/120] solve_rate/mean=0.500 sps=3922248 eta=0.52h
Logging update: 15750
[63/120] solve_rate/mean=0.538 sps=4001413 eta=0.51h
Logging update: 16000
[64/120] solve_rate/mean=0.600 sps=4100595 eta=0.50h
Logging update: 16250
[65/120] solve_rate/mean=0.788 sps=4244330 eta=0.48h
Logging update: 16500
[66/120] solve_rate/mean=0.663 sps=4280041 eta=0.47h
Logging update: 16750
[67/120] solve_rate/mean=0.650 sps=4314520 eta=0.47h
Logging update: 17000
[68/120] solve_rate/mean=0.738 sps=4422419 eta=0.45h
Logging update: 17250
[69/120] solve_rate/mean=0.788 sps=4346104 eta=0.46h
WARNING:absl:SaveArgs.aggregate is deprecated, please use custom TypeHandler (https://orbax.readthedocs.io/en/latest/custom_handlers.html#typehandler) or contact Orbax team to migrate before May 1st, 2024.
Logging update: 17500
[70/120] solve_rate/mean=0.688 sps=4416871 eta=0.45h
Logging update: 17750
[71/120] solve_rate/mean=0.512 sps=4548349 eta=0.44h
Logging update: 18000
[72/120] solve_rate/mean=0.312 sps=4547903 eta=0.43h
Logging update: 18250
[73/120] solve_rate/mean=0.350 sps=4619943 eta=0.42h
Logging update: 18500
[74/120] solve_rate/mean=0.450 sps=4681022 eta=0.41h
Logging update: 18750
[75/120] solve_rate/mean=0.300 sps=4734808 eta=0.41h
Logging update: 19000
[76/120] solve_rate/mean=0.188 sps=4842398 eta=0.39h
Logging update: 19250
[77/120] solve_rate/mean=0.287 sps=4888607 eta=0.39h
Logging update: 19500
[78/120] solve_rate/mean=0.338 sps=4939704 eta=0.38h
Logging update: 19750
[79/120] solve_rate/mean=0.412 sps=5029880 eta=0.37h
Logging update: 20000
[80/120] solve_rate/mean=0.775 sps=5195705 eta=0.35h
Logging update: 20250
[81/120] solve_rate/mean=0.675 sps=5147812 eta=0.35h
Logging update: 20500
[82/120] solve_rate/mean=0.600 sps=5240926 eta=0.34h
Logging update: 20750
[83/120] solve_rate/mean=0.463 sps=5276456 eta=0.33h
Logging update: 21000
[84/120] solve_rate/mean=0.325 sps=5377649 eta=0.32h
Logging update: 21250
[85/120] solve_rate/mean=0.500 sps=5521114 eta=0.31h
Logging update: 21500
[86/120] solve_rate/mean=0.263 sps=5538958 eta=0.30h
WARNING:absl:SaveArgs.aggregate is deprecated, please use custom TypeHandler (https://orbax.readthedocs.io/en/latest/custom_handlers.html#typehandler) or contact Orbax team to migrate before May 1st, 2024.
Logging update: 21750
[87/120] solve_rate/mean=0.525 sps=5587665 eta=0.29h
Logging update: 22000
[88/120] solve_rate/mean=0.538 sps=5564432 eta=0.29h
Logging update: 22250
[89/120] solve_rate/mean=0.725 sps=5581726 eta=0.28h
Logging update: 22500
[90/120] solve_rate/mean=0.475 sps=5658450 eta=0.27h
Logging update: 22750
[91/120] solve_rate/mean=0.650 sps=5800945 eta=0.26h
Logging update: 23000
[92/120] solve_rate/mean=0.488 sps=5867802 eta=0.25h
Logging update: 23250
[93/120] solve_rate/mean=0.438 sps=5855994 eta=0.24h
Logging update: 23500
[94/120] solve_rate/mean=0.450 sps=6020530 eta=0.23h
Logging update: 23750
[95/120] solve_rate/mean=0.538 sps=6047400 eta=0.22h
Logging update: 24000
[96/120] solve_rate/mean=0.475 sps=6166023 eta=0.21h
Logging update: 24250
[97/120] solve_rate/mean=0.625 sps=6288325 eta=0.20h
Logging update: 24500
[98/120] solve_rate/mean=0.688 sps=6235095 eta=0.20h
Logging update: 24750
[99/120] solve_rate/mean=0.812 sps=6388196 eta=0.19h
Logging update: 25000
[100/120] solve_rate/mean=0.637 sps=6352185 eta=0.18h
Logging update: 25250
[101/120] solve_rate/mean=0.938 sps=6374223 eta=0.17h
Logging update: 25500
[102/120] solve_rate/mean=0.625 sps=6464524 eta=0.16h
Logging update: 25750
[103/120] solve_rate/mean=0.713 sps=6652657 eta=0.15h
WARNING:absl:SaveArgs.aggregate is deprecated, please use custom TypeHandler (https://orbax.readthedocs.io/en/latest/custom_handlers.html#typehandler) or contact Orbax team to migrate before May 1st, 2024.
Logging update: 26000
[104/120] solve_rate/mean=0.700 sps=6776364 eta=0.14h
Logging update: 26250
[105/120] solve_rate/mean=0.463 sps=6779088 eta=0.13h
Logging update: 26500
[106/120] solve_rate/mean=0.750 sps=6728701 eta=0.13h
Logging update: 26750
[107/120] solve_rate/mean=0.562 sps=6803850 eta=0.12h
Logging update: 27000
[108/120] solve_rate/mean=0.500 sps=7033591 eta=0.10h
Logging update: 27250
[109/120] solve_rate/mean=0.712 sps=6927973 eta=0.10h
Logging update: 27500
[110/120] solve_rate/mean=0.663 sps=7003357 eta=0.09h
Logging update: 27750
[111/120] solve_rate/mean=0.638 sps=7042673 eta=0.08h
Logging update: 28000
[112/120] solve_rate/mean=0.625 sps=7070970 eta=0.07h
Logging update: 28250
[113/120] solve_rate/mean=0.775 sps=7186467 eta=0.06h
Logging update: 28500
[114/120] solve_rate/mean=0.675 sps=7340747 eta=0.05h
Logging update: 28750
[115/120] solve_rate/mean=0.863 sps=7505427 eta=0.04h
Logging update: 29000
[116/120] solve_rate/mean=0.837 sps=7902669 eta=0.03h
Logging update: 29250
[117/120] solve_rate/mean=0.887 sps=7489004 eta=0.03h
Logging update: 29500
[118/120] solve_rate/mean=0.775 sps=8456861 eta=0.02h
Logging update: 29750
[119/120] solve_rate/mean=0.562 sps=7227706 eta=0.01h
Logging update: 30000
[120/120] solve_rate/mean=0.650 sps=7915227 eta=0.00h
WARNING:absl:SaveArgs.aggregate is deprecated, please use custom TypeHandler (https://orbax.readthedocs.io/en/latest/custom_handlers.html#typehandler) or contact Orbax team to migrate before May 1st, 2024.
wandb: - 0.000 MB of 0.000 MB uploadedwandb:                                                                                
wandb: 
wandb: Run history:
wandb:              agent/actor_loss █▆▆▄▃▂▂▂▂▁▁▁▂▂▁▁▁▂▂▃▂▂▂▂▃▃▃▃▃▃▃▄▃▄▄▃▄▃▄▃
wandb:             agent/critic_loss ▁▅▆▆▅▄▇▇▇▇▇▇█▇▇▇▇▇▇▇▇▇▇▇█▇▇▇███▇██▇▇▇███
wandb:                 agent/entropy █▄▂▂▂▁▁▁▁▁▁▁▁▁▁▁▁▁▁▁▁▁▁▁▁▁▁▁▁▁▁▁▁▁▁▁▁▁▁▁
wandb:                    agent/loss ▁▅▆▆▆▅▇▇▇▇▇▇█▇▇▇▇▇▇▇▇▇▇▇██▇▇███▇███▇▇███
wandb:         branch/num_dr_updates ▁▁▁▁▁▁▁▁▁▁▁▁▁▁▁▁▁▁▁▁▁▁▁▁▁▁▁▁▁▁▁▁▁▁▁▁▁▁▁▁
wandb:   branch/num_mutation_updates ▁▁▁▂▂▂▂▂▂▃▃▃▃▃▃▄▄▄▄▄▅▅▅▅▅▅▆▆▆▆▆▇▇▇▇▇▇███
wandb:     branch/num_replay_updates ▁▁▁▂▂▂▂▂▂▃▃▃▃▃▃▄▄▄▄▄▅▅▅▅▅▅▆▆▆▆▆▇▇▇▇▇▇███
wandb:        branch/num_sfl_updates ▁▁▁▂▂▂▂▂▂▃▃▃▃▃▃▄▄▄▄▄▅▅▅▅▅▅▆▆▆▆▆▇▇▇▇▇▇███
wandb:          eval_ep_lengths/mean ████▇▇▇▆█▄▇▇▆▆▅▆▅▄▅▆▆▁▁▄▆▇▅▅▇▄▅▅▃▂▃▅▃▄▁▅
wandb:         level/mean_num_blocks ▁▂▂▂▂▂▂▂▃▄▄▄▄▅▄▅▅▆▆▆▆▆▆▇▆▇▇▇▇▇▇▇▇▇▇▇▇███
wandb:   level_sampler/episode_count ▁▁▁▂▂▂▂▂▂▃▃▃▃▃▃▄▄▄▄▄▅▅▅▅▅▅▆▆▆▆▆▇▇▇▇▇▇███
wandb:       level_sampler/max_score ███▇▇▆████▆▇▅▇█▇█▃██▂▅▆█▃▇████▇█▁▇██▇█▇█
wandb: level_sampler/mean_max_return ▁▄▆▇████████████████████▇▇▇▇▇▇▇▇▇▇▇▇▇▇▇▇
wandb:          level_sampler/mean_p ▁▂▄▅▆▇▇▇████████████████████████████████
wandb:      level_sampler/mean_score ▁▄▇██▇▆▅▄▄▃▃▃▃▃▃▃▃▂▂▂▂▂▂▂▂▂▂▂▂▃▃▂▂▂▂▂▂▂▂
wandb:            level_sampler/size ▁███████████████████████████████████████
wandb:  level_sampler/weighted_score ▄▆███▆▆▅▄▄▄▄▃▃▃▄▃▂▂▂▂▂▂▃▃▃▃▂▃▃▃▃▃▃▃▂▁▂▁▂
wandb:                 num_env_steps ▁▁▁▂▂▂▂▂▂▃▃▃▃▃▃▄▄▄▄▄▅▅▅▅▅▅▆▆▆▆▆▇▇▇▇▇▇███
wandb:                   num_updates ▁▁▁▂▂▂▂▂▂▃▃▃▃▃▃▄▄▄▄▄▅▅▅▅▅▅▆▆▆▆▆▇▇▇▇▇▇███
wandb:              return/Labyrinth ▁▁▁▁▁▁▁▁▁█▁▁▂▆▁▁▁▄▂▆▅▇█▂▄▁▅▇▆██▆██▁▃▃███
wandb:             return/Labyrinth2 ▁▁▁▁▁▁▁▁▁▁▁▁▁▁▁▃▄▁▂▁▁█▆▁▃▁▆▁▁█▁▆▃█▆█████
wandb:       return/LabyrinthFlipped ▁▁▁▁▁▁▁▁▁▁▁▁▁▁▇▆▅▆▆▆▅▅▆▇▇▂▄▂▁▂▆▂▂█▆▄▇▇█▃
wandb:           return/SixteenRooms ▁▃▂▂▄▅▃▅▄▄▅▆▅▃▃▁▇▆▇▄▅█▅█▆█▆▅▂▂▃▇████▄▇▄▃
wandb:          return/SixteenRooms2 ▁▁▁▁▂▁▁▁▁▁▁▁▂▃▅▅▂▂▄▁▁▃▆▄▃▃▃▄▄▃▃▇▇█▆▇▃▃▅▅
wandb:           return/StandardMaze ▁▁▁▁▁▁▂▁▁▃▁▁▁▂▅▃▃▁▂▂▂▅▇▃▁▁▄▁▁█▃▁▆█▃▁█▆▇▃
wandb:          return/StandardMaze2 ▁▁▁▁▁▁▁▅▁▁▁▁▁▂▃▁▃▆▂▅▂█▂▁▁▂▅▁▁▅▂▃▆▅▁▁▁▄▅▅
wandb:          return/StandardMaze3 ▁▁▁▁▁▁▄▁▂▅▁▁▄▃▅▃▄▂▂▂▂▃▅▂▁▁▂▃▁█▁▁▂▄▅▂▆▂▃▁
wandb:                   return/mean ▁▁▁▁▂▂▂▂▂▃▂▂▂▃▄▃▄▄▄▄▃▇▆▄▄▃▅▄▃▆▄▅▆█▅▅▅▆▇▅
wandb:   sfl/population_learnability ▄█▄▂▂▁▂▂▂▂▁▁▁▁▁▁▁▁▂▁▁▁▂▁▁▁▁▂▁▁▁▁▁▁▁▁▁▁▁▁
wandb:         sfl/topk_learnability ▅█▅▃▂▂▂▂▂▂▁▁▁▁▁▁▁▁▂▁▁▁▂▁▁▁▁▂▁▁▁▁▁▁▁▁▁▁▁▁
wandb:          solve_rate/Labyrinth ▁▁▁▁▁▁▁▂▁█▁▁▂▇▁▁▁▅▂█▇██▃▆▂██▇█████▁▃▄███
wandb:         solve_rate/Labyrinth2 ▁▁▁▁▁▁▁▁▁▁▁▁▁▁▁▅▅▁▂▁▁█▆▂▄▁█▁▁█▁▇▃█▇█████
wandb:   solve_rate/LabyrinthFlipped ▁▁▁▁▁▁▁▁▁▁▁▁▁▁▇██▆███▅▇▇▇▃▆▂▁▂█▂▂█▇▇▇██▃
wandb:       solve_rate/SixteenRooms ▁▅▂▂▇▇▅▆▆▅▇▇▅▃▃▁█▇█▅▇█▅█▇█▇▅▅▂▃▇████▅▇▅▃
wandb:      solve_rate/SixteenRooms2 ▁▁▁▁▂▂▁▁▁▁▁▁▂▄▇▇▄▂▇▁▂▇▇█▅▅▅█▅▅▅█████▅▅█▅
wandb:       solve_rate/StandardMaze ▁▁▁▁▁▁▂▁▁▃▂▁▂▂▅▆▃▂▂▅▆▅▇▄▁▂▅▁▁█▇▁██▇▁█▇▇▇
wandb:      solve_rate/StandardMaze2 ▁▁▁▁▁▁▂▆▁▂▁▁▁▂▃▁▅▇▃▅▂█▂▁▂▃█▂▂█▂▄▆▇▁▁▁▆██
wandb:      solve_rate/StandardMaze3 ▁▁▁▁▁▁▃▁▂▆▁▁▅▇▇▄▆▂▂▂▃▄▇▄▁▁▅▇▂█▁▁▃▅█▃█▃▃▂
wandb:               solve_rate/mean ▁▂▁▁▂▂▂▂▂▃▂▂▂▄▄▄▅▄▅▅▅▇▇▅▄▃▇▄▃▆▅▅▆█▆▅▆▇▇▆
wandb:                           sps ▁▁▁▂▂▂▂▂▂▃▃▃▃▃▃▄▄▄▄▄▄▅▅▅▅▅▆▆▆▆▆▆▇▇▇▇▇▇██
wandb:              steps_per_second ▁▇▇▇▇▇▇▇▇▇▇▇▇▇▇▇▇▇▇▇▇▇▇▇▇▇▇▇▇▇▇▇▇▇▇▇▇▇██
wandb:                    time_delta █▁▁▁▁▁▁▁▁▁▁▂▁▁▁▁▂▁▁▁▁▁▁▁▁▁▁▁▁▂▁▁▁▁▁▁▁▁▁▁
wandb:            train/learnability ▁█▆▆▅▅▄▄▅▅▄▅▅▄▄▄▄▄▄▄▄▄▄▄▄▄▄▄▄▄▄▄▄▄▄▄▄▄▄▄
wandb:            train/success_rate ▁▅▇▇███████▇▇█▇▇██▇██████▇██▇▇▇▇█▇██████
wandb: 
wandb: Run summary:
wandb:              agent/actor_loss -0.00038
wandb:             agent/critic_loss 0.01571
wandb:                 agent/entropy 0.02176
wandb:                    agent/loss 0.00746
wandb:         branch/num_dr_updates 242
wandb:   branch/num_mutation_updates 14399
wandb:     branch/num_replay_updates 14399
wandb:        branch/num_sfl_updates 960
wandb:          eval_ep_lengths/mean 192.375
wandb:         level/mean_num_blocks 47.2205
wandb:   level_sampler/episode_count 581736
wandb:       level_sampler/max_score 0.24984
wandb: level_sampler/mean_max_return 0.83228
wandb:          level_sampler/mean_p 0.88308
wandb:      level_sampler/mean_score 0.07409
wandb:            level_sampler/size 4000
wandb:  level_sampler/weighted_score 0.19486
wandb:                 num_env_steps 245760000
wandb:                   num_updates 30000
wandb:              return/Labyrinth 0.514
wandb:             return/Labyrinth2 0.48952
wandb:       return/LabyrinthFlipped 0.12756
wandb:           return/SixteenRooms 0.20496
wandb:          return/SixteenRooms2 0.43656
wandb:           return/StandardMaze 0.13896
wandb:          return/StandardMaze2 0.33832
wandb:          return/StandardMaze3 0.0172
wandb:                   return/mean 0.28338
wandb:   sfl/population_learnability 0.00391
wandb:         sfl/topk_learnability 0.00781
wandb:          solve_rate/Labyrinth 1.0
wandb:         solve_rate/Labyrinth2 1.0
wandb:   solve_rate/LabyrinthFlipped 0.3
wandb:       solve_rate/SixteenRooms 0.3
wandb:      solve_rate/SixteenRooms2 0.6
wandb:       solve_rate/StandardMaze 0.9
wandb:      solve_rate/StandardMaze2 1.0
wandb:      solve_rate/StandardMaze3 0.1
wandb:               solve_rate/mean 0.65
wandb:                           sps 7915227.17197
wandb:              steps_per_second 65960.22643
wandb:                    time_delta 31.04901
wandb:            train/learnability 0.09689
wandb:            train/success_rate 0.76798
wandb: 
wandb: You can sync this run to the cloud by running:
wandb: wandb sync /workspace/TLabUED/runs/sfl_accel_learnability_n64/1/wandb/offline-run-20260915_125032-5rr8g7ld
wandb: Find logs at: ./runs/sfl_accel_learnability_n64/1/wandb/offline-run-20260915_125032-5rr8g7ld/logs
wandb: WARNING The new W&B backend becomes opt-out in version 0.18.0; try it out with `wandb.require("core")`! See https://wandb.me/wandb-core for more information.
