
=== 2026-08-24 06:08:27 launching: /workspace/venvs/jaxued/bin/python -m tlab_ued.train --project tlab-ued --run_name sfl_oracle_learnability_level --seed 0 --mode train --checkpoint_to_eval -1 --checkpoint_save_interval 17 --max_number_of_checkpoints 60 --eval_freq 250 --eval_num_attempts 10 --eval_levels SixteenRooms SixteenRooms2 Labyrinth LabyrinthFlipped Labyrinth2 StandardMaze StandardMaze2 StandardMaze3 --lr 0.0001 --max_grad_norm 0.5 --num_updates 30000 --num_steps 256 --num_train_envs 32 --num_minibatches 1 --gamma 0.995 --epoch_ppo 5 --clip_eps 0.2 --gae_lambda 0.98 --entropy_coeff 0.001 --critic_coeff 0.5 --agent_view_size 5 --score_function learnability --no-exploratory_grad_updates --level_buffer_capacity 4000 --replay_prob 1.0 --staleness_coeff 0.3 --temperature 0.3 --topk_k 4 --minimum_fill_ratio 0.5 --prioritization rank --buffer_duplicate_check --use_accel --num_edits 5 --n_walls 25 --teacher sfl_oracle --level_generator minigrid_walls --level_mutator minimax --log_media levels --out_dir /workspace/tlab_ued --no-resume --diagnose_levels 1024 --diagnose_mutation_rounds 1 --no-allow_student_changes --sfl_num_attempts 4 --sfl_period 250 --sfl_num_levels 64 --sfl_topk 32 --sfl_p_decay 0.25 --oracle_features level --oracle_hidden 64 --oracle_lr 0.0003 --oracle_train_steps 2 --oracle_batch_size 256 --oracle_buffer_capacity 8192 --oracle_num_proposals 8192 --oracle_control_levels 16 --oracle_mutation_proposals 8 --oracle_rescore_buffer --oracle_verify --oracle_warmup_updates 1000

Levels from generator 'minigrid_walls' (n_walls=25)  (n=1024)
  solvable          99.7%   (goal unreachable 0.3%, needs >250 steps 0.0%)
  optimal steps   median 11  mean 11.5  p10 5  p90 18  max 27
  best return     0.958 mean over solvable levels
  difficulty      trivial<=10 44.6% | easy<=30 55.1% | medium<=60 0.0% | hard<=120 0.0% | brutal>120 0.0% | unsolvable 0.3%
  reachable area  99.5% of free cells   walls 23.3 (13.8% of the grid)
...after 1x mutator 'minimax' (5 edits)  (n=1024)
  solvable          99.6%   (goal unreachable 0.4%, needs >250 steps 0.0%)
  optimal steps   median 11  mean 11.5  p10 5  p90 19  max 29
  best return     0.959 mean over solvable levels
  difficulty      trivial<=10 45.0% | easy<=30 54.6% | medium<=60 0.0% | hard<=120 0.0% | brutal>120 0.0% | unsolvable 0.4%
  reachable area  99.3% of free cells   walls 24.6 (14.5% of the grid)

  env_steps                   245760000
  total_updates               30000
  reserved_updates            960
  expected_gradient_updates   14520.0
  expected_mutation_updates   14520.0
  expected_dr_updates         0.0
  sfl_phase_updates           8
  levels_scored_per_update    8
  attempts_per_level          4
  oracle_proposals_per_phase  8192
  oracle_verified_per_phase   64
  oracle_parameters           47809
wandb: Tracking run with wandb version 0.17.5
wandb: W&B syncing is set to `offline` in this directory.  
wandb: Run `wandb online` or set WANDB_MODE=online to enable cloud syncing.
Logging update: 250
[1/120] solve_rate/mean=0.000 sps=18043 eta=3.75h
WARNING:absl:SaveArgs.aggregate is deprecated, please use custom TypeHandler (https://orbax.readthedocs.io/en/latest/custom_handlers.html#typehandler) or contact Orbax team to migrate before May 1st, 2024.
WARNING:absl:SaveArgs.aggregate is deprecated, please use custom TypeHandler (https://orbax.readthedocs.io/en/latest/custom_handlers.html#typehandler) or contact Orbax team to migrate before May 1st, 2024.
Logging update: 500
[2/120] solve_rate/mean=0.000 sps=33565 eta=4.00h
Logging update: 750
[3/120] solve_rate/mean=0.000 sps=84216 eta=2.37h
Logging update: 1000
[4/120] solve_rate/mean=0.038 sps=110346 eta=2.39h
Logging update: 1250
[5/120] solve_rate/mean=0.100 sps=138163 eta=2.37h
Logging update: 1500
[6/120] solve_rate/mean=0.025 sps=165127 eta=2.36h
Logging update: 1750
[7/120] solve_rate/mean=0.062 sps=189977 eta=2.37h
Logging update: 2000
[8/120] solve_rate/mean=0.138 sps=218147 eta=2.34h
Logging update: 2250
[9/120] solve_rate/mean=0.062 sps=250134 eta=2.27h
Logging update: 2500
[10/120] solve_rate/mean=0.138 sps=278360 eta=2.25h
Logging update: 2750
[11/120] solve_rate/mean=0.188 sps=304273 eta=2.24h
Logging update: 3000
[12/120] solve_rate/mean=0.100 sps=334859 eta=2.20h
Logging update: 3250
[13/120] solve_rate/mean=0.138 sps=351210 eta=2.25h
Logging update: 3500
[14/120] solve_rate/mean=0.100 sps=382521 eta=2.21h
Logging update: 3750
[15/120] solve_rate/mean=0.213 sps=414173 eta=2.16h
Logging update: 4000
[16/120] solve_rate/mean=0.237 sps=444222 eta=2.13h
Logging update: 4250
[17/120] solve_rate/mean=0.075 sps=470816 eta=2.12h
Logging update: 4500
[18/120] solve_rate/mean=0.125 sps=495062 eta=2.11h
WARNING:absl:SaveArgs.aggregate is deprecated, please use custom TypeHandler (https://orbax.readthedocs.io/en/latest/custom_handlers.html#typehandler) or contact Orbax team to migrate before May 1st, 2024.
WARNING:absl:SaveArgs.aggregate is deprecated, please use custom TypeHandler (https://orbax.readthedocs.io/en/latest/custom_handlers.html#typehandler) or contact Orbax team to migrate before May 1st, 2024.
Logging update: 4750
[19/120] solve_rate/mean=0.050 sps=526921 eta=2.07h
Logging update: 5000
[20/120] solve_rate/mean=0.088 sps=553156 eta=2.06h
Logging update: 5250
[21/120] solve_rate/mean=0.175 sps=578508 eta=2.04h
Logging update: 5500
[22/120] solve_rate/mean=0.238 sps=608742 eta=2.01h
Logging update: 5750
[23/120] solve_rate/mean=0.200 sps=636114 eta=2.00h
Logging update: 6000
[24/120] solve_rate/mean=0.338 sps=663855 eta=1.97h
Logging update: 6250
[25/120] solve_rate/mean=0.587 sps=692255 eta=1.95h
Logging update: 6500
[26/120] solve_rate/mean=0.387 sps=714736 eta=1.95h
Logging update: 6750
[27/120] solve_rate/mean=0.475 sps=744953 eta=1.92h
Logging update: 7000
[28/120] solve_rate/mean=0.575 sps=773575 eta=1.89h
Logging update: 7250
[29/120] solve_rate/mean=0.625 sps=803875 eta=1.87h
Logging update: 7500
[30/120] solve_rate/mean=0.512 sps=826232 eta=1.86h
Logging update: 7750
[31/120] solve_rate/mean=0.412 sps=862795 eta=1.82h
Logging update: 8000
[32/120] solve_rate/mean=0.600 sps=938662 eta=1.71h
Logging update: 8250
[33/120] solve_rate/mean=0.400 sps=918742 eta=1.78h
Logging update: 8500
[34/120] solve_rate/mean=0.325 sps=943373 eta=1.76h
Logging update: 8750
[35/120] solve_rate/mean=0.387 sps=966304 eta=1.75h
WARNING:absl:SaveArgs.aggregate is deprecated, please use custom TypeHandler (https://orbax.readthedocs.io/en/latest/custom_handlers.html#typehandler) or contact Orbax team to migrate before May 1st, 2024.
WARNING:absl:SaveArgs.aggregate is deprecated, please use custom TypeHandler (https://orbax.readthedocs.io/en/latest/custom_handlers.html#typehandler) or contact Orbax team to migrate before May 1st, 2024.
Logging update: 9000
[36/120] solve_rate/mean=0.113 sps=1002390 eta=1.72h
Logging update: 9250
[37/120] solve_rate/mean=0.388 sps=1009936 eta=1.73h
Logging update: 9500
[38/120] solve_rate/mean=0.625 sps=1049380 eta=1.69h
Logging update: 9750
[39/120] solve_rate/mean=0.225 sps=1078117 eta=1.67h
Logging update: 10000
[40/120] solve_rate/mean=0.550 sps=1121439 eta=1.62h
Logging update: 10250
[41/120] solve_rate/mean=0.450 sps=1134034 eta=1.62h
Logging update: 10500
[42/120] solve_rate/mean=0.550 sps=1155360 eta=1.61h
Logging update: 10750
[43/120] solve_rate/mean=0.775 sps=1192853 eta=1.58h
Logging update: 11000
[44/120] solve_rate/mean=0.250 sps=1214809 eta=1.57h
Logging update: 11250
[45/120] solve_rate/mean=0.438 sps=1252974 eta=1.53h
Logging update: 11500
[46/120] solve_rate/mean=0.175 sps=1273337 eta=1.52h
Logging update: 11750
[47/120] solve_rate/mean=0.562 sps=1425054 eta=1.37h
Logging update: 12000
[48/120] solve_rate/mean=0.312 sps=1358228 eta=1.45h
Logging update: 12250
[49/120] solve_rate/mean=0.450 sps=1366161 eta=1.45h
Logging update: 12500
[50/120] solve_rate/mean=0.463 sps=1390614 eta=1.43h
Logging update: 12750
[51/120] solve_rate/mean=0.613 sps=1422764 eta=1.41h
Logging update: 13000
[52/120] solve_rate/mean=0.738 sps=1442316 eta=1.39h
WARNING:absl:SaveArgs.aggregate is deprecated, please use custom TypeHandler (https://orbax.readthedocs.io/en/latest/custom_handlers.html#typehandler) or contact Orbax team to migrate before May 1st, 2024.
WARNING:absl:SaveArgs.aggregate is deprecated, please use custom TypeHandler (https://orbax.readthedocs.io/en/latest/custom_handlers.html#typehandler) or contact Orbax team to migrate before May 1st, 2024.
Logging update: 13250
[53/120] solve_rate/mean=0.500 sps=1472655 eta=1.37h
Logging update: 13500
[54/120] solve_rate/mean=0.450 sps=1493616 eta=1.36h
Logging update: 13750
[55/120] solve_rate/mean=0.312 sps=1530843 eta=1.33h
Logging update: 14000
[56/120] solve_rate/mean=0.287 sps=1549321 eta=1.32h
Logging update: 14250
[57/120] solve_rate/mean=0.463 sps=1583172 eta=1.29h
Logging update: 14500
[58/120] solve_rate/mean=0.225 sps=1604437 eta=1.28h
Logging update: 14750
[59/120] solve_rate/mean=0.538 sps=1640251 eta=1.25h
Logging update: 15000
[60/120] solve_rate/mean=0.475 sps=1668154 eta=1.23h
Logging update: 15250
[61/120] solve_rate/mean=0.512 sps=1733378 eta=1.18h
Logging update: 15500
[62/120] solve_rate/mean=0.400 sps=1711919 eta=1.19h
Logging update: 15750
[63/120] solve_rate/mean=0.500 sps=1738188 eta=1.18h
Logging update: 16000
[64/120] solve_rate/mean=0.338 sps=1758716 eta=1.16h
Logging update: 16250
[65/120] solve_rate/mean=0.562 sps=1797596 eta=1.13h
Logging update: 16500
[66/120] solve_rate/mean=0.450 sps=1833962 eta=1.11h
Logging update: 16750
[67/120] solve_rate/mean=0.375 sps=1900093 eta=1.06h
Logging update: 17000
[68/120] solve_rate/mean=0.600 sps=1882857 eta=1.07h
Logging update: 17250
[69/120] solve_rate/mean=0.475 sps=1905139 eta=1.05h
WARNING:absl:SaveArgs.aggregate is deprecated, please use custom TypeHandler (https://orbax.readthedocs.io/en/latest/custom_handlers.html#typehandler) or contact Orbax team to migrate before May 1st, 2024.
WARNING:absl:SaveArgs.aggregate is deprecated, please use custom TypeHandler (https://orbax.readthedocs.io/en/latest/custom_handlers.html#typehandler) or contact Orbax team to migrate before May 1st, 2024.
Logging update: 17500
[70/120] solve_rate/mean=0.312 sps=1944030 eta=1.02h
Logging update: 17750
[71/120] solve_rate/mean=0.675 sps=1955359 eta=1.01h
Logging update: 18000
[72/120] solve_rate/mean=0.350 sps=1988224 eta=0.99h
Logging update: 18250
[73/120] solve_rate/mean=0.637 sps=2021140 eta=0.97h
Logging update: 18500
[74/120] solve_rate/mean=0.263 sps=2056100 eta=0.94h
Logging update: 18750
[75/120] solve_rate/mean=0.475 sps=2072840 eta=0.93h
Logging update: 19000
[76/120] solve_rate/mean=0.262 sps=2099463 eta=0.91h
Logging update: 19250
[77/120] solve_rate/mean=0.362 sps=2127053 eta=0.89h
Logging update: 19500
[78/120] solve_rate/mean=0.700 sps=2162346 eta=0.86h
Logging update: 19750
[79/120] solve_rate/mean=0.688 sps=2188191 eta=0.84h
Logging update: 20000
[80/120] solve_rate/mean=0.888 sps=2205687 eta=0.83h
Logging update: 20250
[81/120] solve_rate/mean=0.825 sps=2240002 eta=0.80h
Logging update: 20500
[82/120] solve_rate/mean=0.900 sps=2270961 eta=0.78h
Logging update: 20750
[83/120] solve_rate/mean=0.525 sps=2301022 eta=0.76h
Logging update: 21000
[84/120] solve_rate/mean=0.700 sps=2323774 eta=0.74h
Logging update: 21250
[85/120] solve_rate/mean=0.850 sps=2359359 eta=0.72h
Logging update: 21500
[86/120] solve_rate/mean=0.712 sps=2382691 eta=0.70h
WARNING:absl:SaveArgs.aggregate is deprecated, please use custom TypeHandler (https://orbax.readthedocs.io/en/latest/custom_handlers.html#typehandler) or contact Orbax team to migrate before May 1st, 2024.
WARNING:absl:SaveArgs.aggregate is deprecated, please use custom TypeHandler (https://orbax.readthedocs.io/en/latest/custom_handlers.html#typehandler) or contact Orbax team to migrate before May 1st, 2024.
Logging update: 21750
[87/120] solve_rate/mean=0.788 sps=2422222 eta=0.67h
Logging update: 22000
[88/120] solve_rate/mean=0.575 sps=2435368 eta=0.66h
Logging update: 22250
[89/120] solve_rate/mean=0.600 sps=2487051 eta=0.63h
Logging update: 22500
[90/120] solve_rate/mean=0.800 sps=2492858 eta=0.62h
Logging update: 22750
[91/120] solve_rate/mean=0.400 sps=2522988 eta=0.60h
Logging update: 23000
[92/120] solve_rate/mean=0.213 sps=2563188 eta=0.57h
Logging update: 23250
[93/120] solve_rate/mean=0.438 sps=2587169 eta=0.55h
Logging update: 23500
[94/120] solve_rate/mean=0.488 sps=2604454 eta=0.53h
Logging update: 23750
[95/120] solve_rate/mean=0.750 sps=2627841 eta=0.51h
Logging update: 24000
[96/120] solve_rate/mean=0.600 sps=2636775 eta=0.50h
Logging update: 24250
[97/120] solve_rate/mean=0.350 sps=2696268 eta=0.47h
Logging update: 24500
[98/120] solve_rate/mean=0.738 sps=2697876 eta=0.45h
Logging update: 24750
[99/120] solve_rate/mean=0.700 sps=2754333 eta=0.43h
Logging update: 25000
[100/120] solve_rate/mean=0.688 sps=2745237 eta=0.41h
Logging update: 25250
[101/120] solve_rate/mean=0.450 sps=2811482 eta=0.39h
Logging update: 25500
[102/120] solve_rate/mean=0.500 sps=2821841 eta=0.37h
Logging update: 25750
[103/120] solve_rate/mean=0.525 sps=2856839 eta=0.35h
WARNING:absl:SaveArgs.aggregate is deprecated, please use custom TypeHandler (https://orbax.readthedocs.io/en/latest/custom_handlers.html#typehandler) or contact Orbax team to migrate before May 1st, 2024.
WARNING:absl:SaveArgs.aggregate is deprecated, please use custom TypeHandler (https://orbax.readthedocs.io/en/latest/custom_handlers.html#typehandler) or contact Orbax team to migrate before May 1st, 2024.
Logging update: 26000
[104/120] solve_rate/mean=0.550 sps=2866998 eta=0.33h
Logging update: 26250
[105/120] solve_rate/mean=0.800 sps=2912183 eta=0.31h
Logging update: 26500
[106/120] solve_rate/mean=0.650 sps=2925930 eta=0.29h
Logging update: 26750
[107/120] solve_rate/mean=0.625 sps=2959946 eta=0.27h
Logging update: 27000
[108/120] solve_rate/mean=0.675 sps=2991020 eta=0.25h
Logging update: 27250
[109/120] solve_rate/mean=0.575 sps=3009593 eta=0.23h
Logging update: 27500
[110/120] solve_rate/mean=0.812 sps=3044200 eta=0.21h
Logging update: 27750
[111/120] solve_rate/mean=0.700 sps=3055781 eta=0.19h
Logging update: 28000
[112/120] solve_rate/mean=0.650 sps=3095210 eta=0.16h
Logging update: 28250
[113/120] solve_rate/mean=0.588 sps=3130966 eta=0.14h
Logging update: 28500
[114/120] solve_rate/mean=0.700 sps=3157957 eta=0.12h
Logging update: 28750
[115/120] solve_rate/mean=0.575 sps=3175967 eta=0.10h
Logging update: 29000
[116/120] solve_rate/mean=0.650 sps=3385039 eta=0.08h
Logging update: 29250
[117/120] solve_rate/mean=0.738 sps=3477795 eta=0.06h
Logging update: 29500
[118/120] solve_rate/mean=0.763 sps=3558379 eta=0.04h
Logging update: 29750
[119/120] solve_rate/mean=0.837 sps=3545051 eta=0.02h
Logging update: 30000
[120/120] solve_rate/mean=0.975 sps=3566541 eta=0.00h
WARNING:absl:SaveArgs.aggregate is deprecated, please use custom TypeHandler (https://orbax.readthedocs.io/en/latest/custom_handlers.html#typehandler) or contact Orbax team to migrate before May 1st, 2024.
WARNING:absl:SaveArgs.aggregate is deprecated, please use custom TypeHandler (https://orbax.readthedocs.io/en/latest/custom_handlers.html#typehandler) or contact Orbax team to migrate before May 1st, 2024.
wandb: - 0.000 MB of 0.000 MB uploadedwandb:                                                                                
wandb: 
wandb: Run history:
wandb:              agent/actor_loss █▅▅▃▃▁▂▂▁▂▂▁▂▂▂▂▂▂▁▁▂▂▂▂▁▂▁▃▂▂▃▃▃▂▂▂▂▃▂▂
wandb:             agent/critic_loss ▁▅▇▇▇█▇███▇█▇▇▇▇▇▇▇▇▇▇▇▇▇█▇▇▇█▇▇█▇▇▇▇▇▇▇
wandb:                 agent/entropy █▄▂▂▂▁▁▁▁▁▁▁▁▁▁▁▁▁▁▁▁▁▁▁▁▁▁▁▁▁▁▁▁▁▁▁▁▁▁▁
wandb:                    agent/loss ▁▅▇▇▇▇██████▇▇█▇▇▇▇▇▇▇▇▇▇█▇▇▇██▇█▇▇▇█▇▇▇
wandb:         branch/num_dr_updates ▁▁▁▁▁▁▁▁▁▁▁▁▁▁▁▁▁▁▁▁▁▁▁▁▁▁▁▁▁▁▁▁▁▁▁▁▁▁▁▁
wandb:   branch/num_mutation_updates ▁▁▁▂▂▂▂▂▂▃▃▃▃▃▃▄▄▄▄▄▅▅▅▅▅▅▆▆▆▆▆▇▇▇▇▇▇███
wandb:     branch/num_oracle_inserts ▁▁▁▂▂▂▂▂▂▃▃▃▃▃▃▄▄▄▄▄▅▅▅▅▅▅▆▆▆▆▆▇▇▇▇▇▇███
wandb:     branch/num_replay_updates ▁▁▁▂▂▂▂▂▂▃▃▃▃▃▃▄▄▄▄▄▅▅▅▅▅▅▆▆▆▆▆▇▇▇▇▇▇███
wandb:        branch/num_sfl_updates ▁▁▁▂▂▂▂▂▂▃▃▃▃▃▃▄▄▄▄▄▅▅▅▅▅▅▆▆▆▆▆▇▇▇▇▇▇███
wandb:          eval_ep_lengths/mean █████▅▇▆▄▂▅▅▅▄▂▆▇▃▅█▄▃▄▄▇▅▃▃▃▄▆▃▃▅▅▆▂▄▃▁
wandb:         level/mean_num_blocks ▁▂▃▂▃▃▃▄▄▅▅▆▆▅▅▆▆▆▆▆▇▇▇▇▇▇▇▇▇▇▇██▇██████
wandb:   level_sampler/episode_count ▁▁▁▂▂▂▂▂▂▃▃▃▃▃▃▄▄▄▄▄▅▅▅▅▅▅▆▆▆▆▆▇▇▇▇▇▇███
wandb:       level_sampler/max_score █████▇▅█▇█▅██▅█▅██▅█▇█▆▃█▄▇█▆▁█▇██▇▃▅█▂▇
wandb: level_sampler/mean_max_return ▁▄▆█████████████▇▇▇▇▇▇▇▇▇▇▇▇▇▇▇▇▇▇▇▇▇▇▇▇
wandb:          level_sampler/mean_p ▁▂▄▅▆▆▇▇▇▇██████████████████████████████
wandb:      level_sampler/mean_score ▁█▅▄▃▄▂▂▃▂▃▂▃▂▂▂▂▂▂▂▂▁▂▂▂▂▂▂▁▂▂▂▂▁▂▂▂▂▂▁
wandb:            level_sampler/size ▁███████████████████████████████████████
wandb:  level_sampler/weighted_score ▇█▃▂▃▂▂▂▂▂▂▂▂▂▁▂▂▂▃▂▂▂▂▂▂▂▂▂▂▂▂▂▂▂▂▁▂▂▂▂
wandb:                 num_env_steps ▁▁▁▂▂▂▂▂▂▃▃▃▃▃▃▄▄▄▄▄▅▅▅▅▅▅▆▆▆▆▆▇▇▇▇▇▇███
wandb:                   num_updates ▁▁▁▂▂▂▂▂▂▃▃▃▃▃▃▄▄▄▄▄▅▅▅▅▅▅▆▆▆▆▆▇▇▇▇▇▇███
wandb:                   oracle/bias █▃▁▁▂▁▃▂▂▂▃▃▂▃▃▃▂▃▃▃▄▅▄▄▄▄▂▄▃▃▃▂▃▃▄▃▃▄▃▃
wandb:                  oracle/brier █▅▆▆▅▆▄▃▃▂▃▂▄▂▄▂▃▃▁▃▃▅▄▃▅▂▄▃▃▂▃▂▂▂▃▂▂▅▂▂
wandb:          oracle/buffer_mean_p ▁▄▇███████████████████████▇███▇███████▇█
wandb:          oracle/control_brier █▅▄▂▁▂▁▁▂▁▂▄▂▁▁▁▁▁▁▁▁▁▁▁▄▁▁▂▁▁▁▂▁▁▄▁▁▁▁▁
wandb:   oracle/control_learnability ▅█▄▃▂▂▁▁▃▁▃▂▂▁▁▁▁▁▁▁▁▂▁▁▁▁▁▂▁▁▁▂▁▁▁▂▁▂▁▁
wandb:      oracle/control_rank_corr █▅▅▄▄▄▂▃▅▃▃▅▄▄▁▄▃▄▆▃▇▅▂▂▄▂▁▂▅▁▁▁▄▅▂▅▅▄▄▇
wandb:                   oracle/loss ▁█▅▃▂▃▂▂▃▅▄▃▆▂▃▃▂▃▃▁▂▂▂▁▃▃▄▃▂▂▄▃▂▃▂▂▃▂▄▂
wandb:           oracle/observations ▁███████████████████████████████████████
wandb: oracle/predicted_learnability █▇▇▆▆▆▅▄▄▄▄▂▄▂▃▁▄▂▂▂▁▂▁▁▂▁▃▁▃▃▃▃▂▃▁▂▂▂▁▂
wandb:              oracle/rank_corr █▅▃▂▆▁▂▃▂▂▃▂▂▂▃▃▃▃▃▃▄▆▅▂▂▃▃▄▄▃▄▃▃▃▂▃▄▃▃▃
wandb:  oracle/selected_learnability ▄█▆▄▃▃▄▃▂▂▂▁▂▁▂▁▂▁▂▂▁▁▁▁▂▁▁▁▂▂▂▁▁▂▂▁▂▂▁▂
wandb:         oracle/selection_gain ▂▂▃▃▃▄█▅▂▃▂▁▃▂▄▁▂▁▃▄▂▁▁▁▂▁▂▂▃▃▂▂▂▃▃▁▂▃▁▃
wandb:              return/Labyrinth ▁▁▁▁▁▂▁▁▅▅▁▁▁▆▇▁▂█▁▂▁▅█▃▁▁▄▁▅▃▁▆▄▁▂▃▅▃▅▆
wandb:             return/Labyrinth2 ▁▁▁▁▁▁▁▁█▄▁▁▃██▁▁▃▁▁▁▁▁▁▁▁▄▁▄▂▁█▇▃▁▅▇▁▂█
wandb:       return/LabyrinthFlipped ▁▁▁▁▁▁▁▁▆▇▅▃▂▂▆▁▇█▇▄▅▆▇█▁▃▆▆▄▂▁▅▃▃▄▃▅▄▅▅
wandb:           return/SixteenRooms ▁▁▃▅▄▄▃▆▅▆▆▇▆▇▇▆▄█▇▂▇█▇▅▄▇▇▇▇▇▇▇▇▇▅▇▇▇▇█
wandb:          return/SixteenRooms2 ▁▁▁▁▂▃▁▅▃▅▄▅▇▄▂▂▃▆▁▂▆▆▃▇▆▇▇▇▇▇▃▅█▆▆▁█▆█▇
wandb:           return/StandardMaze ▁▁▁▁▁▁▁▁▂▁▂▂▁▃▅▁▁▂▁▁▂▁▄▄▁▁▅█▅▆▁▁▁▁▂▅▂▁▃▄
wandb:          return/StandardMaze2 ▁▁▁▁▁▃▁▁▁▁▂▁▂▂█▁▃▇▃▁▁▃▆▇▁▁▅▂▂▁▁▃▅▁▅▂▆▅▃▆
wandb:          return/StandardMaze3 ▁▁▁▂▁▃▁▁▇▃▃▁▁▁▃▁▁▁▂▂▂▃▁▆▂▁▇▁▅▅▂▆▁▁▁▁▂▁▃█
wandb:                   return/mean ▁▁▁▂▂▃▁▃▅▅▄▄▄▅▇▂▄▇▄▂▄▆▆▆▃▄▇▆▆▆▃▆▆▄▄▄▇▅▆█
wandb:   sfl/population_learnability ▄█▅▄▃▃▃▂▂▂▂▁▂▁▂▁▁▁▂▂▁▁▁▁▁▁▁▁▂▂▁▂▁▂▂▁▁▂▁▂
wandb:         sfl/topk_learnability ▅█▆▄▃▃▄▃▃▂▂▁▂▁▂▁▂▁▂▂▁▁▁▁▁▁▁▂▂▂▂▂▁▂▂▁▁▂▁▂
wandb:          solve_rate/Labyrinth ▁▁▁▂▁▃▁▁▆▇▁▁▂▇█▁▄█▁▃▁▇█▅▁▁▇▂█▇▁██▁▅██▆██
wandb:         solve_rate/Labyrinth2 ▁▁▁▁▁▁▁▁█▅▂▁▅█▇▁▂▂▁▁▁▁▁▁▁▁▆▁▆▂▂██▅▁▇█▁▂█
wandb:   solve_rate/LabyrinthFlipped ▁▁▁▁▁▁▁▁▇█▇▃▃▂▇▁███▆████▁▇██▇▃▁████▇███▇
wandb:       solve_rate/SixteenRooms ▁▃▄▇▇▇▄▇▇███████▇██▂████▆███████████████
wandb:      solve_rate/SixteenRooms2 ▁▁▂▁▂▄▁█▃▆▆▇█▆▅▄▇█▂▃██▅███████▄▇█▇▇▂█▇█▇
wandb:       solve_rate/StandardMaze ▁▁▁▁▁▁▁▁▂▁▂▂▂▄▅▁▂▆▁▂▂▁▅▅▁▂▇█▅▇▁▁▁▂▂▇▃▁▅█
wandb:      solve_rate/StandardMaze2 ▁▁▁▁▁▂▁▁▁▁▂▂▂▂█▁▃█▃▂▁▃▆▅▁▁▇▂▂▁▁▄▇▁▇▂██▃█
wandb:      solve_rate/StandardMaze3 ▁▁▁▂▂▂▁▁▇▄▄▂▁▁▄▁▂▁▂▂▂▃▁▇▄▁▇▁▅▆▂▆▁▁▁▁▂▂▃█
wandb:               solve_rate/mean ▁▁▁▂▂▃▁▃▅▅▄▃▄▅▇▂▄▆▃▃▄▅▅▆▃▄▇▅▆▅▃▆▆▄▅▅▇▅▆█
wandb:                           sps ▁▁▁▂▂▂▂▂▂▂▃▃▃▃▃▃▄▄▄▄▄▅▅▅▅▅▅▆▆▆▆▆▆▇▇▇▇▇██
wandb:              steps_per_second ▁▇▆▇▆▇▇▇▇▇▇▇▇▇▇▇▇▇▇▇▇▇▇▇▇▇▇▇▇▇▇▇▇▇▇▇▇▇██
wandb:                    time_delta █▂▂▂▂▂▂▂▂▂▂▂▂▂▂▂▂▂▂▂▂▂▂▂▂▂▂▂▂▂▂▂▂▂▂▂▂▂▁▁
wandb:            train/learnability ▁██▇▇▆▆▆▅▅▅▅▅▅▄▅▅▄▄▄▄▄▄▄▄▄▄▄▄▄▄▄▄▄▄▃▄▄▄▄
wandb:            train/success_rate ▁▅▇▇▇███████████████████████████████████
wandb: 
wandb: Run summary:
wandb:              agent/actor_loss -0.00037
wandb:             agent/critic_loss 0.01227
wandb:                 agent/entropy 0.02564
wandb:                    agent/loss 0.00574
wandb:         branch/num_dr_updates 242
wandb:   branch/num_mutation_updates 14399
wandb:     branch/num_oracle_inserts 120
wandb:     branch/num_replay_updates 14399
wandb:        branch/num_sfl_updates 960
wandb:          eval_ep_lengths/mean 154.0
wandb:         level/mean_num_blocks 47.60763
wandb:   level_sampler/episode_count 581736
wandb:       level_sampler/max_score 0.24902
wandb: level_sampler/mean_max_return 0.80343
wandb:          level_sampler/mean_p 0.8537
wandb:      level_sampler/mean_score 0.06603
wandb:            level_sampler/size 4000
wandb:  level_sampler/weighted_score 0.18954
wandb:                 num_env_steps 245760000
wandb:                   num_updates 30000
wandb:                   oracle/bias -0.08213
wandb:                  oracle/brier 0.05678
wandb:          oracle/buffer_mean_p 0.91098
wandb:          oracle/control_brier 0.00086
wandb:   oracle/control_learnability 0.0
wandb:      oracle/control_rank_corr 0.65
wandb:                   oracle/loss 0.35786
wandb:           oracle/observations 8192
wandb: oracle/predicted_learnability 0.1027
wandb:              oracle/rank_corr 0.02335
wandb:  oracle/selected_learnability 0.01302
wandb:         oracle/selection_gain 1.11111
wandb:              return/Labyrinth 0.37288
wandb:             return/Labyrinth2 0.40744
wandb:       return/LabyrinthFlipped 0.2898
wandb:           return/SixteenRooms 0.8452
wandb:          return/SixteenRooms2 0.68616
wandb:           return/StandardMaze 0.21268
wandb:          return/StandardMaze2 0.27352
wandb:          return/StandardMaze3 0.43768
wandb:                   return/mean 0.44067
wandb:   sfl/population_learnability 0.00977
wandb:         sfl/topk_learnability 0.01953
wandb:          solve_rate/Labyrinth 1.0
wandb:         solve_rate/Labyrinth2 1.0
wandb:   solve_rate/LabyrinthFlipped 0.9
wandb:       solve_rate/SixteenRooms 1.0
wandb:      solve_rate/SixteenRooms2 0.9
wandb:       solve_rate/StandardMaze 1.0
wandb:      solve_rate/StandardMaze2 1.0
wandb:      solve_rate/StandardMaze3 1.0
wandb:               solve_rate/mean 0.975
wandb:                           sps 3566541.28735
wandb:              steps_per_second 29721.17739
wandb:                    time_delta 68.9071
wandb:            train/learnability 0.10181
wandb:            train/success_rate 0.71574
wandb: 
wandb: You can sync this run to the cloud by running:
wandb: wandb sync /workspace/tlab_ued/runs/sfl_oracle_learnability_level/0/wandb/offline-run-20260824_060923-1hherkqh
wandb: Find logs at: /workspace/tlab_ued/runs/sfl_oracle_learnability_level/0/wandb/offline-run-20260824_060923-1hherkqh/logs
wandb: WARNING The new W&B backend becomes opt-out in version 0.18.0; try it out with `wandb.require("core")`! See https://wandb.me/wandb-core for more information.
